-- The C compiler identification is GNU 11.4.0
-- The CXX compiler identification is GNU 11.4.0
-- Detecting C compiler ABI info
-- Detecting C compiler ABI info - done
-- Check for working C compiler: /usr/bin/cc - skipped
-- Detecting C compile features
-- Detecting C compile features - done
-- Detecting CXX compiler ABI info
-- Detecting CXX compiler ABI info - done
-- Check for working CXX compiler: /usr/bin/c++ - skipped
-- Detecting CXX compile features
-- Detecting CXX compile features - done
-- Found ament_cmake: 1.3.10 (/opt/ros/humble/share/ament_cmake/cmake)
-- Found Python3: /usr/bin/python3 (found version "3.10.12") found components: Interpreter 
-- Found rosidl_default_generators: 1.2.0 (/opt/ros/humble/share/rosidl_default_generators/cmake)
-- Using all available rosidl_typesupport_c: rosidl_typesupport_fastrtps_c;rosidl_typesupport_introspection_c
-- Found rosidl_adapter: 3.1.5 (/opt/ros/humble/share/rosidl_adapter/cmake)
-- Using all available rosidl_typesupport_cpp: rosidl_typesupport_fastrtps_cpp;rosidl_typesupport_introspection_cpp
-- Found std_msgs: 4.2.4 (/opt/ros/humble/share/std_msgs/cmake)
-- Found geometry_msgs: 4.2.4 (/opt/ros/humble/share/geometry_msgs/cmake)
-- Found ament_cmake_ros: 0.10.0 (/opt/ros/humble/share/ament_cmake_ros/cmake)
-- Using all available rosidl_typesupport_c: rosidl_typesupport_fastrtps_c;rosidl_typesupport_introspection_c
-- Using all available rosidl_typesupport_cpp: rosidl_typesupport_fastrtps_cpp;rosidl_typesupport_introspection_cpp
-- Found PythonInterp: /usr/bin/python3 (found suitable version "3.10.12", minimum required is "3.6") 
-- Found python_cmake_module: 0.10.0 (/opt/ros/humble/share/python_cmake_module/cmake)
-- Found PythonLibs: /usr/lib/x86_64-linux-gnu/libpython3.10.so (found suitable version "3.10.12", minimum required is "3.5") 
-- Using PYTHON_EXECUTABLE: /usr/bin/python3
-- Using PYTHON_INCLUDE_DIRS: /usr/include/python3.10
-- Using PYTHON_LIBRARIES: /usr/lib/x86_64-linux-gnu/libpython3.10.so
-- Found PythonExtra: .so  
-- Found ament_lint_auto: 0.12.11 (/opt/ros/humble/share/ament_lint_auto/cmake)
-- Added test 'copyright' to check source files copyright and LICENSE
-- Added test 'lint_cmake' to check CMake code style
-- Added test 'xmllint' to check XML markup files
-- Configuring done
-- Generating done
-- Build files have been written to: /workspaces/xvisio-cam/xvsdk-ros2/build/xv_ros2_msgs
[  1%] [34m[1mGenerating C code for ROS interfaces[0m
[  1%] [34m[1mGenerating C++ code for ROS interfaces[0m
[  1%] Built target ament_cmake_python_copy_xv_ros2_msgs
running egg_info
creating xv_ros2_msgs.egg-info
writing xv_ros2_msgs.egg-info/PKG-INFO
writing dependency_links to xv_ros2_msgs.egg-info/dependency_links.txt
writing top-level names to xv_ros2_msgs.egg-info/top_level.txt
writing manifest file 'xv_ros2_msgs.egg-info/SOURCES.txt'
reading manifest file 'xv_ros2_msgs.egg-info/SOURCES.txt'
writing manifest file 'xv_ros2_msgs.egg-info/SOURCES.txt'
[  1%] Built target ament_cmake_python_build_xv_ros2_msgs_egg
[  1%] Built target xv_ros2_msgs__cpp
[  2%] [34m[1mGenerating C++ introspection for ROS interfaces[0m
[  2%] [34m[1mGenerating C++ type support dispatch for ROS interfaces[0m
[  3%] [34m[1mGenerating C++ type support for eProsima Fast-RTPS[0m
[  5%] [32mBuilding C object CMakeFiles/xv_ros2_msgs__rosidl_generator_c.dir/rosidl_generator_c/xv_ros2_msgs/msg/detail/color_depth__functions.c.o[0m
[  6%] [32mBuilding C object CMakeFiles/xv_ros2_msgs__rosidl_generator_c.dir/rosidl_generator_c/xv_ros2_msgs/srv/detail/get_orientation__functions.c.o[0m
[  6%] [32mBuilding C object CMakeFiles/xv_ros2_msgs__rosidl_generator_c.dir/rosidl_generator_c/xv_ros2_msgs/msg/detail/orientation_stamped__functions.c.o[0m
[  6%] [32mBuilding C object CMakeFiles/xv_ros2_msgs__rosidl_generator_c.dir/rosidl_generator_c/xv_ros2_msgs/srv/detail/get_pose__functions.c.o[0m
[  7%] [32mBuilding C object CMakeFiles/xv_ros2_msgs__rosidl_generator_c.dir/rosidl_generator_c/xv_ros2_msgs/srv/detail/get_orientation_at__functions.c.o[0m
[  7%] [32mBuilding C object CMakeFiles/xv_ros2_msgs__rosidl_generator_c.dir/rosidl_generator_c/xv_ros2_msgs/srv/detail/load_map_and_switch_cslam__functions.c.o[0m
[  8%] [32mBuilding C object CMakeFiles/xv_ros2_msgs__rosidl_generator_c.dir/rosidl_generator_c/xv_ros2_msgs/srv/detail/get_pose_at__functions.c.o[0m
[  9%] [32mBuilding C object CMakeFiles/xv_ros2_msgs__rosidl_generator_c.dir/rosidl_generator_c/xv_ros2_msgs/srv/detail/save_map_and_switch_cslam__functions.c.o[0m
[ 10%] [32mBuilding C object CMakeFiles/xv_ros2_msgs__rosidl_generator_c.dir/rosidl_generator_c/xv_ros2_msgs/srv/detail/controller_start__functions.c.o[0m
[ 11%] [32mBuilding C object CMakeFiles/xv_ros2_msgs__rosidl_generator_c.dir/rosidl_generator_c/xv_ros2_msgs/srv/detail/controller_stop__functions.c.o[0m
[ 12%] [32mBuilding C object CMakeFiles/xv_ros2_msgs__rosidl_generator_c.dir/rosidl_generator_c/xv_ros2_msgs/msg/detail/controller__functions.c.o[0m
[ 12%] [32mBuilding C object CMakeFiles/xv_ros2_msgs__rosidl_generator_c.dir/rosidl_generator_c/xv_ros2_msgs/msg/detail/event_data__functions.c.o[0m
[ 13%] [32mBuilding C object CMakeFiles/xv_ros2_msgs__rosidl_generator_c.dir/rosidl_generator_c/xv_ros2_msgs/msg/detail/button_msg__functions.c.o[0m
[ 14%] [32m[1mLinking C shared library libxv_ros2_msgs__rosidl_generator_c.so[0m
[ 14%] Built target xv_ros2_msgs__rosidl_generator_c
[ 15%] [34m[1mGenerating C type support for eProsima Fast-RTPS[0m
[ 16%] [34m[1mGenerating C type support dispatch for ROS interfaces[0m
[ 17%] [34m[1mGenerating C introspection for ROS interfaces[0m
[ 18%] [32mBuilding CXX object CMakeFiles/xv_ros2_msgs__rosidl_typesupport_introspection_cpp.dir/rosidl_typesupport_introspection_cpp/xv_ros2_msgs/msg/detail/orientation_stamped__type_support.cpp.o[0m
[ 19%] [32mBuilding CXX object CMakeFiles/xv_ros2_msgs__rosidl_typesupport_introspection_cpp.dir/rosidl_typesupport_introspection_cpp/xv_ros2_msgs/msg/detail/color_depth__type_support.cpp.o[0m
[ 20%] [32mBuilding CXX object CMakeFiles/xv_ros2_msgs__rosidl_typesupport_introspection_cpp.dir/rosidl_typesupport_introspection_cpp/xv_ros2_msgs/srv/detail/get_orientation__type_support.cpp.o[0m
[ 21%] [32mBuilding CXX object CMakeFiles/xv_ros2_msgs__rosidl_typesupport_cpp.dir/rosidl_typesupport_cpp/xv_ros2_msgs/msg/orientation_stamped__type_support.cpp.o[0m
[ 21%] [32mBuilding CXX object CMakeFiles/xv_ros2_msgs__rosidl_typesupport_c.dir/rosidl_typesupport_c/xv_ros2_msgs/msg/orientation_stamped__type_support.cpp.o[0m
[ 22%] [32mBuilding CXX object CMakeFiles/xv_ros2_msgs__rosidl_typesupport_c.dir/rosidl_typesupport_c/xv_ros2_msgs/msg/color_depth__type_support.cpp.o[0m
[ 23%] [32mBuilding CXX object CMakeFiles/xv_ros2_msgs__rosidl_typesupport_c.dir/rosidl_typesupport_c/xv_ros2_msgs/srv/get_orientation__type_support.cpp.o[0m
[ 24%] [32mBuilding CXX object CMakeFiles/xv_ros2_msgs__rosidl_typesupport_c.dir/rosidl_typesupport_c/xv_ros2_msgs/srv/get_orientation_at__type_support.cpp.o[0m
[ 25%] [32mBuilding CXX object CMakeFiles/xv_ros2_msgs__rosidl_typesupport_c.dir/rosidl_typesupport_c/xv_ros2_msgs/srv/get_pose__type_support.cpp.o[0m
[ 25%] [32mBuilding CXX object CMakeFiles/xv_ros2_msgs__rosidl_typesupport_c.dir/rosidl_typesupport_c/xv_ros2_msgs/srv/get_pose_at__type_support.cpp.o[0m
[ 26%] [32mBuilding CXX object CMakeFiles/xv_ros2_msgs__rosidl_typesupport_c.dir/rosidl_typesupport_c/xv_ros2_msgs/srv/load_map_and_switch_cslam__type_support.cpp.o[0m
[ 27%] [32mBuilding CXX object CMakeFiles/xv_ros2_msgs__rosidl_typesupport_c.dir/rosidl_typesupport_c/xv_ros2_msgs/srv/save_map_and_switch_cslam__type_support.cpp.o[0m
[ 28%] [32mBuilding CXX object CMakeFiles/xv_ros2_msgs__rosidl_typesupport_c.dir/rosidl_typesupport_c/xv_ros2_msgs/srv/controller_start__type_support.cpp.o[0m
[ 29%] [32mBuilding CXX object CMakeFiles/xv_ros2_msgs__rosidl_typesupport_cpp.dir/rosidl_typesupport_cpp/xv_ros2_msgs/msg/color_depth__type_support.cpp.o[0m
[ 29%] [32mBuilding CXX object CMakeFiles/xv_ros2_msgs__rosidl_typesupport_cpp.dir/rosidl_typesupport_cpp/xv_ros2_msgs/srv/get_orientation__type_support.cpp.o[0m
[ 30%] [32mBuilding CXX object CMakeFiles/xv_ros2_msgs__rosidl_typesupport_introspection_cpp.dir/rosidl_typesupport_introspection_cpp/xv_ros2_msgs/srv/detail/get_orientation_at__type_support.cpp.o[0m
[ 31%] [32mBuilding CXX object CMakeFiles/xv_ros2_msgs__rosidl_typesupport_c.dir/rosidl_typesupport_c/xv_ros2_msgs/srv/controller_stop__type_support.cpp.o[0m
[ 31%] [32mBuilding CXX object CMakeFiles/xv_ros2_msgs__rosidl_typesupport_introspection_cpp.dir/rosidl_typesupport_introspection_cpp/xv_ros2_msgs/srv/detail/get_pose__type_support.cpp.o[0m
[ 31%] [32mBuilding CXX object CMakeFiles/xv_ros2_msgs__rosidl_typesupport_c.dir/rosidl_typesupport_c/xv_ros2_msgs/msg/controller__type_support.cpp.o[0m
[ 32%] [32mBuilding CXX object CMakeFiles/xv_ros2_msgs__rosidl_typesupport_c.dir/rosidl_typesupport_c/xv_ros2_msgs/msg/event_data__type_support.cpp.o[0m
[ 33%] [32mBuilding CXX object CMakeFiles/xv_ros2_msgs__rosidl_typesupport_c.dir/rosidl_typesupport_c/xv_ros2_msgs/msg/button_msg__type_support.cpp.o[0m
[ 34%] [32m[1mLinking CXX shared library libxv_ros2_msgs__rosidl_typesupport_c.so[0m
[ 34%] Built target xv_ros2_msgs__rosidl_typesupport_c
[ 35%] [32mBuilding CXX object CMakeFiles/xv_ros2_msgs__rosidl_typesupport_cpp.dir/rosidl_typesupport_cpp/xv_ros2_msgs/srv/get_orientation_at__type_support.cpp.o[0m
[ 36%] [32mBuilding CXX object CMakeFiles/xv_ros2_msgs__rosidl_typesupport_fastrtps_cpp.dir/rosidl_typesupport_fastrtps_cpp/xv_ros2_msgs/msg/detail/dds_fastrtps/orientation_stamped__type_support.cpp.o[0m
[ 37%] [32mBuilding CXX object CMakeFiles/xv_ros2_msgs__rosidl_typesupport_introspection_cpp.dir/rosidl_typesupport_introspection_cpp/xv_ros2_msgs/srv/detail/get_pose_at__type_support.cpp.o[0m
[ 38%] [32mBuilding CXX object CMakeFiles/xv_ros2_msgs__rosidl_typesupport_introspection_cpp.dir/rosidl_typesupport_introspection_cpp/xv_ros2_msgs/srv/detail/load_map_and_switch_cslam__type_support.cpp.o[0m
[ 39%] [32mBuilding CXX object CMakeFiles/xv_ros2_msgs__rosidl_typesupport_fastrtps_cpp.dir/rosidl_typesupport_fastrtps_cpp/xv_ros2_msgs/msg/detail/dds_fastrtps/color_depth__type_support.cpp.o[0m
[ 40%] [32mBuilding CXX object CMakeFiles/xv_ros2_msgs__rosidl_typesupport_cpp.dir/rosidl_typesupport_cpp/xv_ros2_msgs/srv/get_pose__type_support.cpp.o[0m
[ 41%] [32mBuilding CXX object CMakeFiles/xv_ros2_msgs__rosidl_typesupport_fastrtps_cpp.dir/rosidl_typesupport_fastrtps_cpp/xv_ros2_msgs/srv/detail/dds_fastrtps/get_orientation__type_support.cpp.o[0m
[ 42%] [32mBuilding C object CMakeFiles/xv_ros2_msgs__rosidl_typesupport_introspection_c.dir/rosidl_typesupport_introspection_c/xv_ros2_msgs/msg/detail/orientation_stamped__type_support.c.o[0m
[ 43%] [32mBuilding C object CMakeFiles/xv_ros2_msgs__rosidl_typesupport_introspection_c.dir/rosidl_typesupport_introspection_c/xv_ros2_msgs/msg/detail/color_depth__type_support.c.o[0m
[ 44%] [32mBuilding CXX object CMakeFiles/xv_ros2_msgs__rosidl_typesupport_fastrtps_c.dir/rosidl_typesupport_fastrtps_c/xv_ros2_msgs/msg/detail/orientation_stamped__type_support_c.cpp.o[0m
[ 44%] [32mBuilding C object CMakeFiles/xv_ros2_msgs__rosidl_typesupport_introspection_c.dir/rosidl_typesupport_introspection_c/xv_ros2_msgs/srv/detail/get_orientation__type_support.c.o[0m
[ 45%] [32mBuilding C object CMakeFiles/xv_ros2_msgs__rosidl_typesupport_introspection_c.dir/rosidl_typesupport_introspection_c/xv_ros2_msgs/srv/detail/get_orientation_at__type_support.c.o[0m
[ 46%] [32mBuilding C object CMakeFiles/xv_ros2_msgs__rosidl_typesupport_introspection_c.dir/rosidl_typesupport_introspection_c/xv_ros2_msgs/srv/detail/get_pose__type_support.c.o[0m
[ 47%] [32mBuilding CXX object CMakeFiles/xv_ros2_msgs__rosidl_typesupport_cpp.dir/rosidl_typesupport_cpp/xv_ros2_msgs/srv/get_pose_at__type_support.cpp.o[0m
[ 47%] [32mBuilding CXX object CMakeFiles/xv_ros2_msgs__rosidl_typesupport_fastrtps_c.dir/rosidl_typesupport_fastrtps_c/xv_ros2_msgs/msg/detail/color_depth__type_support_c.cpp.o[0m
[ 48%] [32mBuilding CXX object CMakeFiles/xv_ros2_msgs__rosidl_typesupport_introspection_cpp.dir/rosidl_typesupport_introspection_cpp/xv_ros2_msgs/srv/detail/save_map_and_switch_cslam__type_support.cpp.o[0m
[ 49%] [32mBuilding C object CMakeFiles/xv_ros2_msgs__rosidl_typesupport_introspection_c.dir/rosidl_typesupport_introspection_c/xv_ros2_msgs/srv/detail/get_pose_at__type_support.c.o[0m
[ 50%] [32mBuilding CXX object CMakeFiles/xv_ros2_msgs__rosidl_typesupport_fastrtps_c.dir/rosidl_typesupport_fastrtps_c/xv_ros2_msgs/srv/detail/get_orientation__type_support_c.cpp.o[0m
[ 51%] [32mBuilding C object CMakeFiles/xv_ros2_msgs__rosidl_typesupport_introspection_c.dir/rosidl_typesupport_introspection_c/xv_ros2_msgs/srv/detail/load_map_and_switch_cslam__type_support.c.o[0m
[ 51%] [32mBuilding C object CMakeFiles/xv_ros2_msgs__rosidl_typesupport_introspection_c.dir/rosidl_typesupport_introspection_c/xv_ros2_msgs/srv/detail/save_map_and_switch_cslam__type_support.c.o[0m
[ 52%] [32mBuilding C object CMakeFiles/xv_ros2_msgs__rosidl_typesupport_introspection_c.dir/rosidl_typesupport_introspection_c/xv_ros2_msgs/srv/detail/controller_start__type_support.c.o[0m
[ 53%] [32mBuilding C object CMakeFiles/xv_ros2_msgs__rosidl_typesupport_introspection_c.dir/rosidl_typesupport_introspection_c/xv_ros2_msgs/srv/detail/controller_stop__type_support.c.o[0m
[ 54%] [32mBuilding C object CMakeFiles/xv_ros2_msgs__rosidl_typesupport_introspection_c.dir/rosidl_typesupport_introspection_c/xv_ros2_msgs/msg/detail/controller__type_support.c.o[0m
[ 55%] [32mBuilding CXX object CMakeFiles/xv_ros2_msgs__rosidl_typesupport_introspection_cpp.dir/rosidl_typesupport_introspection_cpp/xv_ros2_msgs/srv/detail/controller_start__type_support.cpp.o[0m
[ 56%] [32mBuilding C object CMakeFiles/xv_ros2_msgs__rosidl_typesupport_introspection_c.dir/rosidl_typesupport_introspection_c/xv_ros2_msgs/msg/detail/event_data__type_support.c.o[0m
[ 56%] [32mBuilding CXX object CMakeFiles/xv_ros2_msgs__rosidl_typesupport_fastrtps_cpp.dir/rosidl_typesupport_fastrtps_cpp/xv_ros2_msgs/srv/detail/dds_fastrtps/get_orientation_at__type_support.cpp.o[0m
[ 57%] [32mBuilding CXX object CMakeFiles/xv_ros2_msgs__rosidl_typesupport_cpp.dir/rosidl_typesupport_cpp/xv_ros2_msgs/srv/load_map_and_switch_cslam__type_support.cpp.o[0m
[ 58%] [32mBuilding CXX object CMakeFiles/xv_ros2_msgs__rosidl_typesupport_fastrtps_c.dir/rosidl_typesupport_fastrtps_c/xv_ros2_msgs/srv/detail/get_orientation_at__type_support_c.cpp.o[0m
[ 58%] [32mBuilding C object CMakeFiles/xv_ros2_msgs__rosidl_typesupport_introspection_c.dir/rosidl_typesupport_introspection_c/xv_ros2_msgs/msg/detail/button_msg__type_support.c.o[0m
[ 59%] [32m[1mLinking C shared library libxv_ros2_msgs__rosidl_typesupport_introspection_c.so[0m
[ 59%] [32mBuilding CXX object CMakeFiles/xv_ros2_msgs__rosidl_typesupport_cpp.dir/rosidl_typesupport_cpp/xv_ros2_msgs/srv/save_map_and_switch_cslam__type_support.cpp.o[0m
[ 59%] Built target xv_ros2_msgs__rosidl_typesupport_introspection_c
[ 59%] [32mBuilding CXX object CMakeFiles/xv_ros2_msgs__rosidl_typesupport_introspection_cpp.dir/rosidl_typesupport_introspection_cpp/xv_ros2_msgs/srv/detail/controller_stop__type_support.cpp.o[0m
[ 60%] [32mBuilding CXX object CMakeFiles/xv_ros2_msgs__rosidl_typesupport_fastrtps_cpp.dir/rosidl_typesupport_fastrtps_cpp/xv_ros2_msgs/srv/detail/dds_fastrtps/get_pose__type_support.cpp.o[0m
[ 61%] [32mBuilding CXX object CMakeFiles/xv_ros2_msgs__rosidl_typesupport_introspection_cpp.dir/rosidl_typesupport_introspection_cpp/xv_ros2_msgs/msg/detail/controller__type_support.cpp.o[0m
[ 62%] [32mBuilding CXX object CMakeFiles/xv_ros2_msgs__rosidl_typesupport_fastrtps_c.dir/rosidl_typesupport_fastrtps_c/xv_ros2_msgs/srv/detail/get_pose__type_support_c.cpp.o[0m
[ 63%] [32mBuilding CXX object CMakeFiles/xv_ros2_msgs__rosidl_typesupport_fastrtps_cpp.dir/rosidl_typesupport_fastrtps_cpp/xv_ros2_msgs/srv/detail/dds_fastrtps/get_pose_at__type_support.cpp.o[0m
[ 64%] [32mBuilding CXX object CMakeFiles/xv_ros2_msgs__rosidl_typesupport_cpp.dir/rosidl_typesupport_cpp/xv_ros2_msgs/srv/controller_start__type_support.cpp.o[0m
[ 65%] [32mBuilding CXX object CMakeFiles/xv_ros2_msgs__rosidl_typesupport_fastrtps_cpp.dir/rosidl_typesupport_fastrtps_cpp/xv_ros2_msgs/srv/detail/dds_fastrtps/load_map_and_switch_cslam__type_support.cpp.o[0m
[ 66%] [32mBuilding CXX object CMakeFiles/xv_ros2_msgs__rosidl_typesupport_introspection_cpp.dir/rosidl_typesupport_introspection_cpp/xv_ros2_msgs/msg/detail/event_data__type_support.cpp.o[0m
[ 67%] [32mBuilding CXX object CMakeFiles/xv_ros2_msgs__rosidl_typesupport_cpp.dir/rosidl_typesupport_cpp/xv_ros2_msgs/srv/controller_stop__type_support.cpp.o[0m
[ 68%] [32mBuilding CXX object CMakeFiles/xv_ros2_msgs__rosidl_typesupport_cpp.dir/rosidl_typesupport_cpp/xv_ros2_msgs/msg/controller__type_support.cpp.o[0m
[ 69%] [32mBuilding CXX object CMakeFiles/xv_ros2_msgs__rosidl_typesupport_introspection_cpp.dir/rosidl_typesupport_introspection_cpp/xv_ros2_msgs/msg/detail/button_msg__type_support.cpp.o[0m
[ 70%] [32mBuilding CXX object CMakeFiles/xv_ros2_msgs__rosidl_typesupport_fastrtps_cpp.dir/rosidl_typesupport_fastrtps_cpp/xv_ros2_msgs/srv/detail/dds_fastrtps/save_map_and_switch_cslam__type_support.cpp.o[0m
[ 71%] [32mBuilding CXX object CMakeFiles/xv_ros2_msgs__rosidl_typesupport_fastrtps_c.dir/rosidl_typesupport_fastrtps_c/xv_ros2_msgs/srv/detail/get_pose_at__type_support_c.cpp.o[0m
[ 71%] [32mBuilding CXX object CMakeFiles/xv_ros2_msgs__rosidl_typesupport_fastrtps_cpp.dir/rosidl_typesupport_fastrtps_cpp/xv_ros2_msgs/srv/detail/dds_fastrtps/controller_start__type_support.cpp.o[0m
[ 72%] [32mBuilding CXX object CMakeFiles/xv_ros2_msgs__rosidl_typesupport_cpp.dir/rosidl_typesupport_cpp/xv_ros2_msgs/msg/event_data__type_support.cpp.o[0m
[ 73%] [32mBuilding CXX object CMakeFiles/xv_ros2_msgs__rosidl_typesupport_fastrtps_cpp.dir/rosidl_typesupport_fastrtps_cpp/xv_ros2_msgs/srv/detail/dds_fastrtps/controller_stop__type_support.cpp.o[0m
[ 73%] [32mBuilding CXX object CMakeFiles/xv_ros2_msgs__rosidl_typesupport_fastrtps_c.dir/rosidl_typesupport_fastrtps_c/xv_ros2_msgs/srv/detail/load_map_and_switch_cslam__type_support_c.cpp.o[0m
[ 74%] [32mBuilding CXX object CMakeFiles/xv_ros2_msgs__rosidl_typesupport_fastrtps_c.dir/rosidl_typesupport_fastrtps_c/xv_ros2_msgs/srv/detail/save_map_and_switch_cslam__type_support_c.cpp.o[0m
[ 75%] [32m[1mLinking CXX shared library libxv_ros2_msgs__rosidl_typesupport_introspection_cpp.so[0m
[ 75%] Built target xv_ros2_msgs__rosidl_typesupport_introspection_cpp
[ 75%] [32mBuilding CXX object CMakeFiles/xv_ros2_msgs__rosidl_typesupport_cpp.dir/rosidl_typesupport_cpp/xv_ros2_msgs/msg/button_msg__type_support.cpp.o[0m
[ 76%] [32mBuilding CXX object CMakeFiles/xv_ros2_msgs__rosidl_typesupport_fastrtps_cpp.dir/rosidl_typesupport_fastrtps_cpp/xv_ros2_msgs/msg/detail/dds_fastrtps/controller__type_support.cpp.o[0m
[ 77%] [32mBuilding CXX object CMakeFiles/xv_ros2_msgs__rosidl_typesupport_fastrtps_c.dir/rosidl_typesupport_fastrtps_c/xv_ros2_msgs/srv/detail/controller_start__type_support_c.cpp.o[0m
[ 78%] [32mBuilding CXX object CMakeFiles/xv_ros2_msgs__rosidl_typesupport_fastrtps_c.dir/rosidl_typesupport_fastrtps_c/xv_ros2_msgs/srv/detail/controller_stop__type_support_c.cpp.o[0m
[ 79%] [32mBuilding CXX object CMakeFiles/xv_ros2_msgs__rosidl_typesupport_fastrtps_cpp.dir/rosidl_typesupport_fastrtps_cpp/xv_ros2_msgs/msg/detail/dds_fastrtps/event_data__type_support.cpp.o[0m
[ 80%] [32mBuilding CXX object CMakeFiles/xv_ros2_msgs__rosidl_typesupport_fastrtps_cpp.dir/rosidl_typesupport_fastrtps_cpp/xv_ros2_msgs/msg/detail/dds_fastrtps/button_msg__type_support.cpp.o[0m
[ 81%] [32mBuilding CXX object CMakeFiles/xv_ros2_msgs__rosidl_typesupport_fastrtps_c.dir/rosidl_typesupport_fastrtps_c/xv_ros2_msgs/msg/detail/controller__type_support_c.cpp.o[0m
[ 81%] [32mBuilding CXX object CMakeFiles/xv_ros2_msgs__rosidl_typesupport_fastrtps_c.dir/rosidl_typesupport_fastrtps_c/xv_ros2_msgs/msg/detail/event_data__type_support_c.cpp.o[0m
[ 82%] [32m[1mLinking CXX shared library libxv_ros2_msgs__rosidl_typesupport_cpp.so[0m
[ 82%] Built target xv_ros2_msgs__rosidl_typesupport_cpp
[ 83%] [32mBuilding CXX object CMakeFiles/xv_ros2_msgs__rosidl_typesupport_fastrtps_c.dir/rosidl_typesupport_fastrtps_c/xv_ros2_msgs/msg/detail/button_msg__type_support_c.cpp.o[0m
[ 83%] [32m[1mLinking CXX shared library libxv_ros2_msgs__rosidl_typesupport_fastrtps_cpp.so[0m
[ 83%] Built target xv_ros2_msgs__rosidl_typesupport_fastrtps_cpp
[ 84%] [32m[1mLinking CXX shared library libxv_ros2_msgs__rosidl_typesupport_fastrtps_c.so[0m
[ 84%] Built target xv_ros2_msgs__rosidl_typesupport_fastrtps_c
[ 84%] Built target xv_ros2_msgs
[ 85%] [34m[1mGenerating Python code for ROS interfaces[0m
[ 85%] Built target xv_ros2_msgs__py
[ 87%] [32mBuilding C object CMakeFiles/xv_ros2_msgs__rosidl_generator_py.dir/rosidl_generator_py/xv_ros2_msgs/srv/_get_orientation_s.c.o[0m
[ 87%] [32mBuilding C object CMakeFiles/xv_ros2_msgs__rosidl_generator_py.dir/rosidl_generator_py/xv_ros2_msgs/msg/_orientation_stamped_s.c.o[0m
[ 88%] [32mBuilding C object CMakeFiles/xv_ros2_msgs__rosidl_generator_py.dir/rosidl_generator_py/xv_ros2_msgs/srv/_get_pose_s.c.o[0m
[ 87%] [32mBuilding C object CMakeFiles/xv_ros2_msgs__rosidl_generator_py.dir/rosidl_generator_py/xv_ros2_msgs/msg/_color_depth_s.c.o[0m
[ 90%] [32mBuilding C object CMakeFiles/xv_ros2_msgs__rosidl_generator_py.dir/rosidl_generator_py/xv_ros2_msgs/srv/_get_orientation_at_s.c.o[0m
[ 90%] [32mBuilding C object CMakeFiles/xv_ros2_msgs__rosidl_generator_py.dir/rosidl_generator_py/xv_ros2_msgs/srv/_get_pose_at_s.c.o[0m
[ 90%] [32mBuilding C object CMakeFiles/xv_ros2_msgs__rosidl_generator_py.dir/rosidl_generator_py/xv_ros2_msgs/srv/_load_map_and_switch_cslam_s.c.o[0m
[ 91%] [32mBuilding C object CMakeFiles/xv_ros2_msgs__rosidl_generator_py.dir/rosidl_generator_py/xv_ros2_msgs/srv/_save_map_and_switch_cslam_s.c.o[0m
[ 92%] [32mBuilding C object CMakeFiles/xv_ros2_msgs__rosidl_generator_py.dir/rosidl_generator_py/xv_ros2_msgs/srv/_controller_stop_s.c.o[0m
[ 92%] [32mBuilding C object CMakeFiles/xv_ros2_msgs__rosidl_generator_py.dir/rosidl_generator_py/xv_ros2_msgs/msg/_event_data_s.c.o[0m
[ 93%] [32mBuilding C object CMakeFiles/xv_ros2_msgs__rosidl_generator_py.dir/rosidl_generator_py/xv_ros2_msgs/srv/_controller_start_s.c.o[0m
[ 94%] [32mBuilding C object CMakeFiles/xv_ros2_msgs__rosidl_generator_py.dir/rosidl_generator_py/xv_ros2_msgs/msg/_controller_s.c.o[0m
[ 95%] [32mBuilding C object CMakeFiles/xv_ros2_msgs__rosidl_generator_py.dir/rosidl_generator_py/xv_ros2_msgs/msg/_button_msg_s.c.o[0m
[ 96%] [32m[1mLinking C shared library rosidl_generator_py/xv_ros2_msgs/libxv_ros2_msgs__rosidl_generator_py.so[0m
[ 96%] Built target xv_ros2_msgs__rosidl_generator_py
[ 99%] [32mBuilding C object CMakeFiles/xv_ros2_msgs__rosidl_typesupport_c__pyext.dir/rosidl_generator_py/xv_ros2_msgs/_xv_ros2_msgs_s.ep.rosidl_typesupport_c.c.o[0m
[ 99%] [32mBuilding C object CMakeFiles/xv_ros2_msgs__rosidl_typesupport_introspection_c__pyext.dir/rosidl_generator_py/xv_ros2_msgs/_xv_ros2_msgs_s.ep.rosidl_typesupport_introspection_c.c.o[0m
[ 99%] [32mBuilding C object CMakeFiles/xv_ros2_msgs__rosidl_typesupport_fastrtps_c__pyext.dir/rosidl_generator_py/xv_ros2_msgs/_xv_ros2_msgs_s.ep.rosidl_typesupport_fastrtps_c.c.o[0m
[100%] [32m[1mLinking C shared library rosidl_generator_py/xv_ros2_msgs/xv_ros2_msgs_s__rosidl_typesupport_fastrtps_c.cpython-310-x86_64-linux-gnu.so[0m
[100%] [32m[1mLinking C shared library rosidl_generator_py/xv_ros2_msgs/xv_ros2_msgs_s__rosidl_typesupport_c.cpython-310-x86_64-linux-gnu.so[0m
[100%] [32m[1mLinking C shared library rosidl_generator_py/xv_ros2_msgs/xv_ros2_msgs_s__rosidl_typesupport_introspection_c.cpython-310-x86_64-linux-gnu.so[0m
[100%] Built target xv_ros2_msgs__rosidl_typesupport_c__pyext
[100%] Built target xv_ros2_msgs__rosidl_typesupport_introspection_c__pyext
[100%] Built target xv_ros2_msgs__rosidl_typesupport_fastrtps_c__pyext
-- Install configuration: ""
-- Installing: /workspaces/xvisio-cam/xvsdk-ros2/install/xv_ros2_msgs/share/ament_index/resource_index/rosidl_interfaces/xv_ros2_msgs
-- Installing: /workspaces/xvisio-cam/xvsdk-ros2/install/xv_ros2_msgs/include/xv_ros2_msgs/xv_ros2_msgs
-- Installing: /workspaces/xvisio-cam/xvsdk-ros2/install/xv_ros2_msgs/include/xv_ros2_msgs/xv_ros2_msgs/srv
-- Installing: /workspaces/xvisio-cam/xvsdk-ros2/install/xv_ros2_msgs/include/xv_ros2_msgs/xv_ros2_msgs/srv/get_orientation_at.h
-- Installing: /workspaces/xvisio-cam/xvsdk-ros2/install/xv_ros2_msgs/include/xv_ros2_msgs/xv_ros2_msgs/srv/controller_start.h
-- Installing: /workspaces/xvisio-cam/xvsdk-ros2/install/xv_ros2_msgs/include/xv_ros2_msgs/xv_ros2_msgs/srv/load_map_and_switch_cslam.h
-- Installing: /workspaces/xvisio-cam/xvsdk-ros2/install/xv_ros2_msgs/include/xv_ros2_msgs/xv_ros2_msgs/srv/save_map_and_switch_cslam.h
-- Installing: /workspaces/xvisio-cam/xvsdk-ros2/install/xv_ros2_msgs/include/xv_ros2_msgs/xv_ros2_msgs/srv/controller_stop.h
-- Installing: /workspaces/xvisio-cam/xvsdk-ros2/install/xv_ros2_msgs/include/xv_ros2_msgs/xv_ros2_msgs/srv/detail
-- Installing: /workspaces/xvisio-cam/xvsdk-ros2/install/xv_ros2_msgs/include/xv_ros2_msgs/xv_ros2_msgs/srv/detail/save_map_and_switch_cslam__functions.h
-- Installing: /workspaces/xvisio-cam/xvsdk-ros2/install/xv_ros2_msgs/include/xv_ros2_msgs/xv_ros2_msgs/srv/detail/get_pose__type_support.h
-- Installing: /workspaces/xvisio-cam/xvsdk-ros2/install/xv_ros2_msgs/include/xv_ros2_msgs/xv_ros2_msgs/srv/detail/controller_stop__struct.h
-- Installing: /workspaces/xvisio-cam/xvsdk-ros2/install/xv_ros2_msgs/include/xv_ros2_msgs/xv_ros2_msgs/srv/detail/get_orientation_at__functions.c
-- Installing: /workspaces/xvisio-cam/xvsdk-ros2/install/xv_ros2_msgs/include/xv_ros2_msgs/xv_ros2_msgs/srv/detail/controller_stop__functions.h
-- Installing: /workspaces/xvisio-cam/xvsdk-ros2/install/xv_ros2_msgs/include/xv_ros2_msgs/xv_ros2_msgs/srv/detail/get_pose_at__struct.h
-- Installing: /workspaces/xvisio-cam/xvsdk-ros2/install/xv_ros2_msgs/include/xv_ros2_msgs/xv_ros2_msgs/srv/detail/controller_stop__functions.c
-- Installing: /workspaces/xvisio-cam/xvsdk-ros2/install/xv_ros2_msgs/include/xv_ros2_msgs/xv_ros2_msgs/srv/detail/get_orientation__functions.h
-- Installing: /workspaces/xvisio-cam/xvsdk-ros2/install/xv_ros2_msgs/include/xv_ros2_msgs/xv_ros2_msgs/srv/detail/controller_start__functions.h
-- Installing: /workspaces/xvisio-cam/xvsdk-ros2/install/xv_ros2_msgs/include/xv_ros2_msgs/xv_ros2_msgs/srv/detail/save_map_and_switch_cslam__type_support.h
-- Installing: /workspaces/xvisio-cam/xvsdk-ros2/install/xv_ros2_msgs/include/xv_ros2_msgs/xv_ros2_msgs/srv/detail/save_map_and_switch_cslam__struct.h
-- Installing: /workspaces/xvisio-cam/xvsdk-ros2/install/xv_ros2_msgs/include/xv_ros2_msgs/xv_ros2_msgs/srv/detail/load_map_and_switch_cslam__type_support.h
-- Installing: /workspaces/xvisio-cam/xvsdk-ros2/install/xv_ros2_msgs/include/xv_ros2_msgs/xv_ros2_msgs/srv/detail/get_orientation_at__type_support.h
-- Installing: /workspaces/xvisio-cam/xvsdk-ros2/install/xv_ros2_msgs/include/xv_ros2_msgs/xv_ros2_msgs/srv/detail/controller_start__struct.h
-- Installing: /workspaces/xvisio-cam/xvsdk-ros2/install/xv_ros2_msgs/include/xv_ros2_msgs/xv_ros2_msgs/srv/detail/load_map_and_switch_cslam__functions.h
-- Installing: /workspaces/xvisio-cam/xvsdk-ros2/install/xv_ros2_msgs/include/xv_ros2_msgs/xv_ros2_msgs/srv/detail/get_pose_at__functions.c
-- Installing: /workspaces/xvisio-cam/xvsdk-ros2/install/xv_ros2_msgs/include/xv_ros2_msgs/xv_ros2_msgs/srv/detail/get_pose_at__type_support.h
-- Installing: /workspaces/xvisio-cam/xvsdk-ros2/install/xv_ros2_msgs/include/xv_ros2_msgs/xv_ros2_msgs/srv/detail/get_orientation__functions.c
-- Installing: /workspaces/xvisio-cam/xvsdk-ros2/install/xv_ros2_msgs/include/xv_ros2_msgs/xv_ros2_msgs/srv/detail/get_orientation__type_support.h
-- Installing: /workspaces/xvisio-cam/xvsdk-ros2/install/xv_ros2_msgs/include/xv_ros2_msgs/xv_ros2_msgs/srv/detail/get_pose_at__functions.h
-- Installing: /workspaces/xvisio-cam/xvsdk-ros2/install/xv_ros2_msgs/include/xv_ros2_msgs/xv_ros2_msgs/srv/detail/controller_start__functions.c
-- Installing: /workspaces/xvisio-cam/xvsdk-ros2/install/xv_ros2_msgs/include/xv_ros2_msgs/xv_ros2_msgs/srv/detail/get_orientation_at__functions.h
-- Installing: /workspaces/xvisio-cam/xvsdk-ros2/install/xv_ros2_msgs/include/xv_ros2_msgs/xv_ros2_msgs/srv/detail/save_map_and_switch_cslam__functions.c
-- Installing: /workspaces/xvisio-cam/xvsdk-ros2/install/xv_ros2_msgs/include/xv_ros2_msgs/xv_ros2_msgs/srv/detail/get_pose__struct.h
-- Installing: /workspaces/xvisio-cam/xvsdk-ros2/install/xv_ros2_msgs/include/xv_ros2_msgs/xv_ros2_msgs/srv/detail/get_orientation_at__struct.h
-- Installing: /workspaces/xvisio-cam/xvsdk-ros2/install/xv_ros2_msgs/include/xv_ros2_msgs/xv_ros2_msgs/srv/detail/load_map_and_switch_cslam__functions.c
-- Installing: /workspaces/xvisio-cam/xvsdk-ros2/install/xv_ros2_msgs/include/xv_ros2_msgs/xv_ros2_msgs/srv/detail/get_pose__functions.h
-- Installing: /workspaces/xvisio-cam/xvsdk-ros2/install/xv_ros2_msgs/include/xv_ros2_msgs/xv_ros2_msgs/srv/detail/get_pose__functions.c
-- Installing: /workspaces/xvisio-cam/xvsdk-ros2/install/xv_ros2_msgs/include/xv_ros2_msgs/xv_ros2_msgs/srv/detail/get_orientation__struct.h
-- Installing: /workspaces/xvisio-cam/xvsdk-ros2/install/xv_ros2_msgs/include/xv_ros2_msgs/xv_ros2_msgs/srv/detail/load_map_and_switch_cslam__struct.h
-- Installing: /workspaces/xvisio-cam/xvsdk-ros2/install/xv_ros2_msgs/include/xv_ros2_msgs/xv_ros2_msgs/srv/detail/controller_stop__type_support.h
-- Installing: /workspaces/xvisio-cam/xvsdk-ros2/install/xv_ros2_msgs/include/xv_ros2_msgs/xv_ros2_msgs/srv/detail/controller_start__type_support.h
-- Installing: /workspaces/xvisio-cam/xvsdk-ros2/install/xv_ros2_msgs/include/xv_ros2_msgs/xv_ros2_msgs/srv/get_orientation.h
-- Installing: /workspaces/xvisio-cam/xvsdk-ros2/install/xv_ros2_msgs/include/xv_ros2_msgs/xv_ros2_msgs/srv/get_pose.h
-- Installing: /workspaces/xvisio-cam/xvsdk-ros2/install/xv_ros2_msgs/include/xv_ros2_msgs/xv_ros2_msgs/srv/get_pose_at.h
-- Installing: /workspaces/xvisio-cam/xvsdk-ros2/install/xv_ros2_msgs/include/xv_ros2_msgs/xv_ros2_msgs/msg
-- Installing: /workspaces/xvisio-cam/xvsdk-ros2/install/xv_ros2_msgs/include/xv_ros2_msgs/xv_ros2_msgs/msg/button_msg.h
-- Installing: /workspaces/xvisio-cam/xvsdk-ros2/install/xv_ros2_msgs/include/xv_ros2_msgs/xv_ros2_msgs/msg/controller.h
-- Installing: /workspaces/xvisio-cam/xvsdk-ros2/install/xv_ros2_msgs/include/xv_ros2_msgs/xv_ros2_msgs/msg/event_data.h
-- Installing: /workspaces/xvisio-cam/xvsdk-ros2/install/xv_ros2_msgs/include/xv_ros2_msgs/xv_ros2_msgs/msg/color_depth.h
-- Installing: /workspaces/xvisio-cam/xvsdk-ros2/install/xv_ros2_msgs/include/xv_ros2_msgs/xv_ros2_msgs/msg/detail
-- Installing: /workspaces/xvisio-cam/xvsdk-ros2/install/xv_ros2_msgs/include/xv_ros2_msgs/xv_ros2_msgs/msg/detail/controller__functions.c
-- Installing: /workspaces/xvisio-cam/xvsdk-ros2/install/xv_ros2_msgs/include/xv_ros2_msgs/xv_ros2_msgs/msg/detail/orientation_stamped__struct.h
-- Installing: /workspaces/xvisio-cam/xvsdk-ros2/install/xv_ros2_msgs/include/xv_ros2_msgs/xv_ros2_msgs/msg/detail/color_depth__functions.c
-- Installing: /workspaces/xvisio-cam/xvsdk-ros2/install/xv_ros2_msgs/include/xv_ros2_msgs/xv_ros2_msgs/msg/detail/color_depth__type_support.h
-- Installing: /workspaces/xvisio-cam/xvsdk-ros2/install/xv_ros2_msgs/include/xv_ros2_msgs/xv_ros2_msgs/msg/detail/event_data__functions.c
-- Installing: /workspaces/xvisio-cam/xvsdk-ros2/install/xv_ros2_msgs/include/xv_ros2_msgs/xv_ros2_msgs/msg/detail/event_data__struct.h
-- Installing: /workspaces/xvisio-cam/xvsdk-ros2/install/xv_ros2_msgs/include/xv_ros2_msgs/xv_ros2_msgs/msg/detail/button_msg__struct.h
-- Installing: /workspaces/xvisio-cam/xvsdk-ros2/install/xv_ros2_msgs/include/xv_ros2_msgs/xv_ros2_msgs/msg/detail/button_msg__type_support.h
-- Installing: /workspaces/xvisio-cam/xvsdk-ros2/install/xv_ros2_msgs/include/xv_ros2_msgs/xv_ros2_msgs/msg/detail/orientation_stamped__functions.c
-- Installing: /workspaces/xvisio-cam/xvsdk-ros2/install/xv_ros2_msgs/include/xv_ros2_msgs/xv_ros2_msgs/msg/detail/event_data__functions.h
-- Installing: /workspaces/xvisio-cam/xvsdk-ros2/install/xv_ros2_msgs/include/xv_ros2_msgs/xv_ros2_msgs/msg/detail/color_depth__struct.h
-- Installing: /workspaces/xvisio-cam/xvsdk-ros2/install/xv_ros2_msgs/include/xv_ros2_msgs/xv_ros2_msgs/msg/detail/button_msg__functions.c
-- Installing: /workspaces/xvisio-cam/xvsdk-ros2/install/xv_ros2_msgs/include/xv_ros2_msgs/xv_ros2_msgs/msg/detail/color_depth__functions.h
-- Installing: /workspaces/xvisio-cam/xvsdk-ros2/install/xv_ros2_msgs/include/xv_ros2_msgs/xv_ros2_msgs/msg/detail/orientation_stamped__functions.h
-- Installing: /workspaces/xvisio-cam/xvsdk-ros2/install/xv_ros2_msgs/include/xv_ros2_msgs/xv_ros2_msgs/msg/detail/event_data__type_support.h
-- Installing: /workspaces/xvisio-cam/xvsdk-ros2/install/xv_ros2_msgs/include/xv_ros2_msgs/xv_ros2_msgs/msg/detail/controller__type_support.h
-- Installing: /workspaces/xvisio-cam/xvsdk-ros2/install/xv_ros2_msgs/include/xv_ros2_msgs/xv_ros2_msgs/msg/detail/button_msg__functions.h
-- Installing: /workspaces/xvisio-cam/xvsdk-ros2/install/xv_ros2_msgs/include/xv_ros2_msgs/xv_ros2_msgs/msg/detail/controller__functions.h
-- Installing: /workspaces/xvisio-cam/xvsdk-ros2/install/xv_ros2_msgs/include/xv_ros2_msgs/xv_ros2_msgs/msg/detail/controller__struct.h
-- Installing: /workspaces/xvisio-cam/xvsdk-ros2/install/xv_ros2_msgs/include/xv_ros2_msgs/xv_ros2_msgs/msg/detail/orientation_stamped__type_support.h
-- Installing: /workspaces/xvisio-cam/xvsdk-ros2/install/xv_ros2_msgs/include/xv_ros2_msgs/xv_ros2_msgs/msg/rosidl_generator_c__visibility_control.h
-- Installing: /workspaces/xvisio-cam/xvsdk-ros2/install/xv_ros2_msgs/include/xv_ros2_msgs/xv_ros2_msgs/msg/orientation_stamped.h
-- Installing: /workspaces/xvisio-cam/xvsdk-ros2/install/xv_ros2_msgs/share/xv_ros2_msgs/environment/library_path.sh
-- Installing: /workspaces/xvisio-cam/xvsdk-ros2/install/xv_ros2_msgs/share/xv_ros2_msgs/environment/library_path.dsv
-- Installing: /workspaces/xvisio-cam/xvsdk-ros2/install/xv_ros2_msgs/lib/libxv_ros2_msgs__rosidl_generator_c.so
-- Set runtime path of "/workspaces/xvisio-cam/xvsdk-ros2/install/xv_ros2_msgs/lib/libxv_ros2_msgs__rosidl_generator_c.so" to ""
-- Up-to-date: /workspaces/xvisio-cam/xvsdk-ros2/install/xv_ros2_msgs/include/xv_ros2_msgs/xv_ros2_msgs
-- Up-to-date: /workspaces/xvisio-cam/xvsdk-ros2/install/xv_ros2_msgs/include/xv_ros2_msgs/xv_ros2_msgs/srv
-- Up-to-date: /workspaces/xvisio-cam/xvsdk-ros2/install/xv_ros2_msgs/include/xv_ros2_msgs/xv_ros2_msgs/srv/detail
-- Installing: /workspaces/xvisio-cam/xvsdk-ros2/install/xv_ros2_msgs/include/xv_ros2_msgs/xv_ros2_msgs/srv/detail/get_orientation__rosidl_typesupport_fastrtps_c.h
-- Installing: /workspaces/xvisio-cam/xvsdk-ros2/install/xv_ros2_msgs/include/xv_ros2_msgs/xv_ros2_msgs/srv/detail/controller_start__rosidl_typesupport_fastrtps_c.h
-- Installing: /workspaces/xvisio-cam/xvsdk-ros2/install/xv_ros2_msgs/include/xv_ros2_msgs/xv_ros2_msgs/srv/detail/controller_stop__rosidl_typesupport_fastrtps_c.h
-- Installing: /workspaces/xvisio-cam/xvsdk-ros2/install/xv_ros2_msgs/include/xv_ros2_msgs/xv_ros2_msgs/srv/detail/get_pose__rosidl_typesupport_fastrtps_c.h
-- Installing: /workspaces/xvisio-cam/xvsdk-ros2/install/xv_ros2_msgs/include/xv_ros2_msgs/xv_ros2_msgs/srv/detail/get_pose_at__rosidl_typesupport_fastrtps_c.h
-- Installing: /workspaces/xvisio-cam/xvsdk-ros2/install/xv_ros2_msgs/include/xv_ros2_msgs/xv_ros2_msgs/srv/detail/get_orientation_at__rosidl_typesupport_fastrtps_c.h
-- Installing: /workspaces/xvisio-cam/xvsdk-ros2/install/xv_ros2_msgs/include/xv_ros2_msgs/xv_ros2_msgs/srv/detail/load_map_and_switch_cslam__rosidl_typesupport_fastrtps_c.h
-- Installing: /workspaces/xvisio-cam/xvsdk-ros2/install/xv_ros2_msgs/include/xv_ros2_msgs/xv_ros2_msgs/srv/detail/save_map_and_switch_cslam__rosidl_typesupport_fastrtps_c.h
-- Up-to-date: /workspaces/xvisio-cam/xvsdk-ros2/install/xv_ros2_msgs/include/xv_ros2_msgs/xv_ros2_msgs/msg
-- Up-to-date: /workspaces/xvisio-cam/xvsdk-ros2/install/xv_ros2_msgs/include/xv_ros2_msgs/xv_ros2_msgs/msg/detail
-- Installing: /workspaces/xvisio-cam/xvsdk-ros2/install/xv_ros2_msgs/include/xv_ros2_msgs/xv_ros2_msgs/msg/detail/color_depth__rosidl_typesupport_fastrtps_c.h
-- Installing: /workspaces/xvisio-cam/xvsdk-ros2/install/xv_ros2_msgs/include/xv_ros2_msgs/xv_ros2_msgs/msg/detail/controller__rosidl_typesupport_fastrtps_c.h
-- Installing: /workspaces/xvisio-cam/xvsdk-ros2/install/xv_ros2_msgs/include/xv_ros2_msgs/xv_ros2_msgs/msg/detail/event_data__rosidl_typesupport_fastrtps_c.h
-- Installing: /workspaces/xvisio-cam/xvsdk-ros2/install/xv_ros2_msgs/include/xv_ros2_msgs/xv_ros2_msgs/msg/detail/button_msg__rosidl_typesupport_fastrtps_c.h
-- Installing: /workspaces/xvisio-cam/xvsdk-ros2/install/xv_ros2_msgs/include/xv_ros2_msgs/xv_ros2_msgs/msg/detail/orientation_stamped__rosidl_typesupport_fastrtps_c.h
-- Installing: /workspaces/xvisio-cam/xvsdk-ros2/install/xv_ros2_msgs/include/xv_ros2_msgs/xv_ros2_msgs/msg/rosidl_typesupport_fastrtps_c__visibility_control.h
-- Installing: /workspaces/xvisio-cam/xvsdk-ros2/install/xv_ros2_msgs/lib/libxv_ros2_msgs__rosidl_typesupport_fastrtps_c.so
-- Set runtime path of "/workspaces/xvisio-cam/xvsdk-ros2/install/xv_ros2_msgs/lib/libxv_ros2_msgs__rosidl_typesupport_fastrtps_c.so" to ""
-- Up-to-date: /workspaces/xvisio-cam/xvsdk-ros2/install/xv_ros2_msgs/include/xv_ros2_msgs/xv_ros2_msgs
-- Up-to-date: /workspaces/xvisio-cam/xvsdk-ros2/install/xv_ros2_msgs/include/xv_ros2_msgs/xv_ros2_msgs/srv
-- Up-to-date: /workspaces/xvisio-cam/xvsdk-ros2/install/xv_ros2_msgs/include/xv_ros2_msgs/xv_ros2_msgs/srv/detail
-- Installing: /workspaces/xvisio-cam/xvsdk-ros2/install/xv_ros2_msgs/include/xv_ros2_msgs/xv_ros2_msgs/srv/detail/get_orientation_at__rosidl_typesupport_introspection_c.h
-- Installing: /workspaces/xvisio-cam/xvsdk-ros2/install/xv_ros2_msgs/include/xv_ros2_msgs/xv_ros2_msgs/srv/detail/get_orientation__type_support.c
-- Installing: /workspaces/xvisio-cam/xvsdk-ros2/install/xv_ros2_msgs/include/xv_ros2_msgs/xv_ros2_msgs/srv/detail/get_pose__rosidl_typesupport_introspection_c.h
-- Installing: /workspaces/xvisio-cam/xvsdk-ros2/install/xv_ros2_msgs/include/xv_ros2_msgs/xv_ros2_msgs/srv/detail/get_orientation__rosidl_typesupport_introspection_c.h
-- Installing: /workspaces/xvisio-cam/xvsdk-ros2/install/xv_ros2_msgs/include/xv_ros2_msgs/xv_ros2_msgs/srv/detail/get_pose_at__rosidl_typesupport_introspection_c.h
-- Installing: /workspaces/xvisio-cam/xvsdk-ros2/install/xv_ros2_msgs/include/xv_ros2_msgs/xv_ros2_msgs/srv/detail/controller_stop__type_support.c
-- Installing: /workspaces/xvisio-cam/xvsdk-ros2/install/xv_ros2_msgs/include/xv_ros2_msgs/xv_ros2_msgs/srv/detail/get_pose_at__type_support.c
-- Installing: /workspaces/xvisio-cam/xvsdk-ros2/install/xv_ros2_msgs/include/xv_ros2_msgs/xv_ros2_msgs/srv/detail/get_pose__type_support.c
-- Installing: /workspaces/xvisio-cam/xvsdk-ros2/install/xv_ros2_msgs/include/xv_ros2_msgs/xv_ros2_msgs/srv/detail/controller_stop__rosidl_typesupport_introspection_c.h
-- Installing: /workspaces/xvisio-cam/xvsdk-ros2/install/xv_ros2_msgs/include/xv_ros2_msgs/xv_ros2_msgs/srv/detail/save_map_and_switch_cslam__rosidl_typesupport_introspection_c.h
-- Installing: /workspaces/xvisio-cam/xvsdk-ros2/install/xv_ros2_msgs/include/xv_ros2_msgs/xv_ros2_msgs/srv/detail/save_map_and_switch_cslam__type_support.c
-- Installing: /workspaces/xvisio-cam/xvsdk-ros2/install/xv_ros2_msgs/include/xv_ros2_msgs/xv_ros2_msgs/srv/detail/controller_start__rosidl_typesupport_introspection_c.h
-- Installing: /workspaces/xvisio-cam/xvsdk-ros2/install/xv_ros2_msgs/include/xv_ros2_msgs/xv_ros2_msgs/srv/detail/controller_start__type_support.c
-- Installing: /workspaces/xvisio-cam/xvsdk-ros2/install/xv_ros2_msgs/include/xv_ros2_msgs/xv_ros2_msgs/srv/detail/get_orientation_at__type_support.c
-- Installing: /workspaces/xvisio-cam/xvsdk-ros2/install/xv_ros2_msgs/include/xv_ros2_msgs/xv_ros2_msgs/srv/detail/load_map_and_switch_cslam__type_support.c
-- Installing: /workspaces/xvisio-cam/xvsdk-ros2/install/xv_ros2_msgs/include/xv_ros2_msgs/xv_ros2_msgs/srv/detail/load_map_and_switch_cslam__rosidl_typesupport_introspection_c.h
-- Up-to-date: /workspaces/xvisio-cam/xvsdk-ros2/install/xv_ros2_msgs/include/xv_ros2_msgs/xv_ros2_msgs/msg
-- Installing: /workspaces/xvisio-cam/xvsdk-ros2/install/xv_ros2_msgs/include/xv_ros2_msgs/xv_ros2_msgs/msg/rosidl_typesupport_introspection_c__visibility_control.h
-- Up-to-date: /workspaces/xvisio-cam/xvsdk-ros2/install/xv_ros2_msgs/include/xv_ros2_msgs/xv_ros2_msgs/msg/detail
-- Installing: /workspaces/xvisio-cam/xvsdk-ros2/install/xv_ros2_msgs/include/xv_ros2_msgs/xv_ros2_msgs/msg/detail/orientation_stamped__type_support.c
-- Installing: /workspaces/xvisio-cam/xvsdk-ros2/install/xv_ros2_msgs/include/xv_ros2_msgs/xv_ros2_msgs/msg/detail/controller__type_support.c
-- Installing: /workspaces/xvisio-cam/xvsdk-ros2/install/xv_ros2_msgs/include/xv_ros2_msgs/xv_ros2_msgs/msg/detail/controller__rosidl_typesupport_introspection_c.h
-- Installing: /workspaces/xvisio-cam/xvsdk-ros2/install/xv_ros2_msgs/include/xv_ros2_msgs/xv_ros2_msgs/msg/detail/event_data__type_support.c
-- Installing: /workspaces/xvisio-cam/xvsdk-ros2/install/xv_ros2_msgs/include/xv_ros2_msgs/xv_ros2_msgs/msg/detail/button_msg__rosidl_typesupport_introspection_c.h
-- Installing: /workspaces/xvisio-cam/xvsdk-ros2/install/xv_ros2_msgs/include/xv_ros2_msgs/xv_ros2_msgs/msg/detail/color_depth__rosidl_typesupport_introspection_c.h
-- Installing: /workspaces/xvisio-cam/xvsdk-ros2/install/xv_ros2_msgs/include/xv_ros2_msgs/xv_ros2_msgs/msg/detail/event_data__rosidl_typesupport_introspection_c.h
-- Installing: /workspaces/xvisio-cam/xvsdk-ros2/install/xv_ros2_msgs/include/xv_ros2_msgs/xv_ros2_msgs/msg/detail/button_msg__type_support.c
-- Installing: /workspaces/xvisio-cam/xvsdk-ros2/install/xv_ros2_msgs/include/xv_ros2_msgs/xv_ros2_msgs/msg/detail/color_depth__type_support.c
-- Installing: /workspaces/xvisio-cam/xvsdk-ros2/install/xv_ros2_msgs/include/xv_ros2_msgs/xv_ros2_msgs/msg/detail/orientation_stamped__rosidl_typesupport_introspection_c.h
-- Installing: /workspaces/xvisio-cam/xvsdk-ros2/install/xv_ros2_msgs/lib/libxv_ros2_msgs__rosidl_typesupport_introspection_c.so
-- Set runtime path of "/workspaces/xvisio-cam/xvsdk-ros2/install/xv_ros2_msgs/lib/libxv_ros2_msgs__rosidl_typesupport_introspection_c.so" to ""
-- Installing: /workspaces/xvisio-cam/xvsdk-ros2/install/xv_ros2_msgs/lib/libxv_ros2_msgs__rosidl_typesupport_c.so
-- Set runtime path of "/workspaces/xvisio-cam/xvsdk-ros2/install/xv_ros2_msgs/lib/libxv_ros2_msgs__rosidl_typesupport_c.so" to ""
-- Up-to-date: /workspaces/xvisio-cam/xvsdk-ros2/install/xv_ros2_msgs/include/xv_ros2_msgs/xv_ros2_msgs
-- Up-to-date: /workspaces/xvisio-cam/xvsdk-ros2/install/xv_ros2_msgs/include/xv_ros2_msgs/xv_ros2_msgs/srv
-- Installing: /workspaces/xvisio-cam/xvsdk-ros2/install/xv_ros2_msgs/include/xv_ros2_msgs/xv_ros2_msgs/srv/get_pose_at.hpp
-- Installing: /workspaces/xvisio-cam/xvsdk-ros2/install/xv_ros2_msgs/include/xv_ros2_msgs/xv_ros2_msgs/srv/get_pose.hpp
-- Installing: /workspaces/xvisio-cam/xvsdk-ros2/install/xv_ros2_msgs/include/xv_ros2_msgs/xv_ros2_msgs/srv/get_orientation.hpp
-- Installing: /workspaces/xvisio-cam/xvsdk-ros2/install/xv_ros2_msgs/include/xv_ros2_msgs/xv_ros2_msgs/srv/controller_stop.hpp
-- Installing: /workspaces/xvisio-cam/xvsdk-ros2/install/xv_ros2_msgs/include/xv_ros2_msgs/xv_ros2_msgs/srv/controller_start.hpp
-- Up-to-date: /workspaces/xvisio-cam/xvsdk-ros2/install/xv_ros2_msgs/include/xv_ros2_msgs/xv_ros2_msgs/srv/detail
-- Installing: /workspaces/xvisio-cam/xvsdk-ros2/install/xv_ros2_msgs/include/xv_ros2_msgs/xv_ros2_msgs/srv/detail/get_orientation__builder.hpp
-- Installing: /workspaces/xvisio-cam/xvsdk-ros2/install/xv_ros2_msgs/include/xv_ros2_msgs/xv_ros2_msgs/srv/detail/load_map_and_switch_cslam__builder.hpp
-- Installing: /workspaces/xvisio-cam/xvsdk-ros2/install/xv_ros2_msgs/include/xv_ros2_msgs/xv_ros2_msgs/srv/detail/get_pose_at__builder.hpp
-- Installing: /workspaces/xvisio-cam/xvsdk-ros2/install/xv_ros2_msgs/include/xv_ros2_msgs/xv_ros2_msgs/srv/detail/save_map_and_switch_cslam__traits.hpp
-- Installing: /workspaces/xvisio-cam/xvsdk-ros2/install/xv_ros2_msgs/include/xv_ros2_msgs/xv_ros2_msgs/srv/detail/controller_stop__struct.hpp
-- Installing: /workspaces/xvisio-cam/xvsdk-ros2/install/xv_ros2_msgs/include/xv_ros2_msgs/xv_ros2_msgs/srv/detail/get_orientation__traits.hpp
-- Installing: /workspaces/xvisio-cam/xvsdk-ros2/install/xv_ros2_msgs/include/xv_ros2_msgs/xv_ros2_msgs/srv/detail/get_pose__builder.hpp
-- Installing: /workspaces/xvisio-cam/xvsdk-ros2/install/xv_ros2_msgs/include/xv_ros2_msgs/xv_ros2_msgs/srv/detail/get_orientation_at__builder.hpp
-- Installing: /workspaces/xvisio-cam/xvsdk-ros2/install/xv_ros2_msgs/include/xv_ros2_msgs/xv_ros2_msgs/srv/detail/get_orientation__struct.hpp
-- Installing: /workspaces/xvisio-cam/xvsdk-ros2/install/xv_ros2_msgs/include/xv_ros2_msgs/xv_ros2_msgs/srv/detail/controller_start__builder.hpp
-- Installing: /workspaces/xvisio-cam/xvsdk-ros2/install/xv_ros2_msgs/include/xv_ros2_msgs/xv_ros2_msgs/srv/detail/save_map_and_switch_cslam__builder.hpp
-- Installing: /workspaces/xvisio-cam/xvsdk-ros2/install/xv_ros2_msgs/include/xv_ros2_msgs/xv_ros2_msgs/srv/detail/get_orientation_at__struct.hpp
-- Installing: /workspaces/xvisio-cam/xvsdk-ros2/install/xv_ros2_msgs/include/xv_ros2_msgs/xv_ros2_msgs/srv/detail/get_pose__traits.hpp
-- Installing: /workspaces/xvisio-cam/xvsdk-ros2/install/xv_ros2_msgs/include/xv_ros2_msgs/xv_ros2_msgs/srv/detail/get_pose__struct.hpp
-- Installing: /workspaces/xvisio-cam/xvsdk-ros2/install/xv_ros2_msgs/include/xv_ros2_msgs/xv_ros2_msgs/srv/detail/controller_start__struct.hpp
-- Installing: /workspaces/xvisio-cam/xvsdk-ros2/install/xv_ros2_msgs/include/xv_ros2_msgs/xv_ros2_msgs/srv/detail/get_orientation_at__traits.hpp
-- Installing: /workspaces/xvisio-cam/xvsdk-ros2/install/xv_ros2_msgs/include/xv_ros2_msgs/xv_ros2_msgs/srv/detail/load_map_and_switch_cslam__struct.hpp
-- Installing: /workspaces/xvisio-cam/xvsdk-ros2/install/xv_ros2_msgs/include/xv_ros2_msgs/xv_ros2_msgs/srv/detail/get_pose_at__traits.hpp
-- Installing: /workspaces/xvisio-cam/xvsdk-ros2/install/xv_ros2_msgs/include/xv_ros2_msgs/xv_ros2_msgs/srv/detail/save_map_and_switch_cslam__struct.hpp
-- Installing: /workspaces/xvisio-cam/xvsdk-ros2/install/xv_ros2_msgs/include/xv_ros2_msgs/xv_ros2_msgs/srv/detail/controller_start__traits.hpp
-- Installing: /workspaces/xvisio-cam/xvsdk-ros2/install/xv_ros2_msgs/include/xv_ros2_msgs/xv_ros2_msgs/srv/detail/load_map_and_switch_cslam__traits.hpp
-- Installing: /workspaces/xvisio-cam/xvsdk-ros2/install/xv_ros2_msgs/include/xv_ros2_msgs/xv_ros2_msgs/srv/detail/controller_stop__traits.hpp
-- Installing: /workspaces/xvisio-cam/xvsdk-ros2/install/xv_ros2_msgs/include/xv_ros2_msgs/xv_ros2_msgs/srv/detail/get_pose_at__struct.hpp
-- Installing: /workspaces/xvisio-cam/xvsdk-ros2/install/xv_ros2_msgs/include/xv_ros2_msgs/xv_ros2_msgs/srv/detail/controller_stop__builder.hpp
-- Installing: /workspaces/xvisio-cam/xvsdk-ros2/install/xv_ros2_msgs/include/xv_ros2_msgs/xv_ros2_msgs/srv/save_map_and_switch_cslam.hpp
-- Installing: /workspaces/xvisio-cam/xvsdk-ros2/install/xv_ros2_msgs/include/xv_ros2_msgs/xv_ros2_msgs/srv/get_orientation_at.hpp
-- Installing: /workspaces/xvisio-cam/xvsdk-ros2/install/xv_ros2_msgs/include/xv_ros2_msgs/xv_ros2_msgs/srv/load_map_and_switch_cslam.hpp
-- Up-to-date: /workspaces/xvisio-cam/xvsdk-ros2/install/xv_ros2_msgs/include/xv_ros2_msgs/xv_ros2_msgs/msg
-- Installing: /workspaces/xvisio-cam/xvsdk-ros2/install/xv_ros2_msgs/include/xv_ros2_msgs/xv_ros2_msgs/msg/orientation_stamped.hpp
-- Installing: /workspaces/xvisio-cam/xvsdk-ros2/install/xv_ros2_msgs/include/xv_ros2_msgs/xv_ros2_msgs/msg/controller.hpp
-- Installing: /workspaces/xvisio-cam/xvsdk-ros2/install/xv_ros2_msgs/include/xv_ros2_msgs/xv_ros2_msgs/msg/color_depth.hpp
-- Installing: /workspaces/xvisio-cam/xvsdk-ros2/install/xv_ros2_msgs/include/xv_ros2_msgs/xv_ros2_msgs/msg/button_msg.hpp
-- Up-to-date: /workspaces/xvisio-cam/xvsdk-ros2/install/xv_ros2_msgs/include/xv_ros2_msgs/xv_ros2_msgs/msg/detail
-- Installing: /workspaces/xvisio-cam/xvsdk-ros2/install/xv_ros2_msgs/include/xv_ros2_msgs/xv_ros2_msgs/msg/detail/event_data__builder.hpp
-- Installing: /workspaces/xvisio-cam/xvsdk-ros2/install/xv_ros2_msgs/include/xv_ros2_msgs/xv_ros2_msgs/msg/detail/color_depth__struct.hpp
-- Installing: /workspaces/xvisio-cam/xvsdk-ros2/install/xv_ros2_msgs/include/xv_ros2_msgs/xv_ros2_msgs/msg/detail/orientation_stamped__builder.hpp
-- Installing: /workspaces/xvisio-cam/xvsdk-ros2/install/xv_ros2_msgs/include/xv_ros2_msgs/xv_ros2_msgs/msg/detail/controller__builder.hpp
-- Installing: /workspaces/xvisio-cam/xvsdk-ros2/install/xv_ros2_msgs/include/xv_ros2_msgs/xv_ros2_msgs/msg/detail/controller__struct.hpp
-- Installing: /workspaces/xvisio-cam/xvsdk-ros2/install/xv_ros2_msgs/include/xv_ros2_msgs/xv_ros2_msgs/msg/detail/button_msg__struct.hpp
-- Installing: /workspaces/xvisio-cam/xvsdk-ros2/install/xv_ros2_msgs/include/xv_ros2_msgs/xv_ros2_msgs/msg/detail/color_depth__traits.hpp
-- Installing: /workspaces/xvisio-cam/xvsdk-ros2/install/xv_ros2_msgs/include/xv_ros2_msgs/xv_ros2_msgs/msg/detail/event_data__struct.hpp
-- Installing: /workspaces/xvisio-cam/xvsdk-ros2/install/xv_ros2_msgs/include/xv_ros2_msgs/xv_ros2_msgs/msg/detail/color_depth__builder.hpp
-- Installing: /workspaces/xvisio-cam/xvsdk-ros2/install/xv_ros2_msgs/include/xv_ros2_msgs/xv_ros2_msgs/msg/detail/event_data__traits.hpp
-- Installing: /workspaces/xvisio-cam/xvsdk-ros2/install/xv_ros2_msgs/include/xv_ros2_msgs/xv_ros2_msgs/msg/detail/controller__traits.hpp
-- Installing: /workspaces/xvisio-cam/xvsdk-ros2/install/xv_ros2_msgs/include/xv_ros2_msgs/xv_ros2_msgs/msg/detail/button_msg__builder.hpp
-- Installing: /workspaces/xvisio-cam/xvsdk-ros2/install/xv_ros2_msgs/include/xv_ros2_msgs/xv_ros2_msgs/msg/detail/orientation_stamped__struct.hpp
-- Installing: /workspaces/xvisio-cam/xvsdk-ros2/install/xv_ros2_msgs/include/xv_ros2_msgs/xv_ros2_msgs/msg/detail/orientation_stamped__traits.hpp
-- Installing: /workspaces/xvisio-cam/xvsdk-ros2/install/xv_ros2_msgs/include/xv_ros2_msgs/xv_ros2_msgs/msg/detail/button_msg__traits.hpp
-- Installing: /workspaces/xvisio-cam/xvsdk-ros2/install/xv_ros2_msgs/include/xv_ros2_msgs/xv_ros2_msgs/msg/event_data.hpp
-- Up-to-date: /workspaces/xvisio-cam/xvsdk-ros2/install/xv_ros2_msgs/include/xv_ros2_msgs/xv_ros2_msgs
-- Up-to-date: /workspaces/xvisio-cam/xvsdk-ros2/install/xv_ros2_msgs/include/xv_ros2_msgs/xv_ros2_msgs/srv
-- Up-to-date: /workspaces/xvisio-cam/xvsdk-ros2/install/xv_ros2_msgs/include/xv_ros2_msgs/xv_ros2_msgs/srv/detail
-- Installing: /workspaces/xvisio-cam/xvsdk-ros2/install/xv_ros2_msgs/include/xv_ros2_msgs/xv_ros2_msgs/srv/detail/get_pose_at__rosidl_typesupport_fastrtps_cpp.hpp
-- Installing: /workspaces/xvisio-cam/xvsdk-ros2/install/xv_ros2_msgs/include/xv_ros2_msgs/xv_ros2_msgs/srv/detail/load_map_and_switch_cslam__rosidl_typesupport_fastrtps_cpp.hpp
-- Installing: /workspaces/xvisio-cam/xvsdk-ros2/install/xv_ros2_msgs/include/xv_ros2_msgs/xv_ros2_msgs/srv/detail/dds_fastrtps
-- Installing: /workspaces/xvisio-cam/xvsdk-ros2/install/xv_ros2_msgs/include/xv_ros2_msgs/xv_ros2_msgs/srv/detail/controller_stop__rosidl_typesupport_fastrtps_cpp.hpp
-- Installing: /workspaces/xvisio-cam/xvsdk-ros2/install/xv_ros2_msgs/include/xv_ros2_msgs/xv_ros2_msgs/srv/detail/get_pose__rosidl_typesupport_fastrtps_cpp.hpp
-- Installing: /workspaces/xvisio-cam/xvsdk-ros2/install/xv_ros2_msgs/include/xv_ros2_msgs/xv_ros2_msgs/srv/detail/save_map_and_switch_cslam__rosidl_typesupport_fastrtps_cpp.hpp
-- Installing: /workspaces/xvisio-cam/xvsdk-ros2/install/xv_ros2_msgs/include/xv_ros2_msgs/xv_ros2_msgs/srv/detail/get_orientation__rosidl_typesupport_fastrtps_cpp.hpp
-- Installing: /workspaces/xvisio-cam/xvsdk-ros2/install/xv_ros2_msgs/include/xv_ros2_msgs/xv_ros2_msgs/srv/detail/controller_start__rosidl_typesupport_fastrtps_cpp.hpp
-- Installing: /workspaces/xvisio-cam/xvsdk-ros2/install/xv_ros2_msgs/include/xv_ros2_msgs/xv_ros2_msgs/srv/detail/get_orientation_at__rosidl_typesupport_fastrtps_cpp.hpp
-- Up-to-date: /workspaces/xvisio-cam/xvsdk-ros2/install/xv_ros2_msgs/include/xv_ros2_msgs/xv_ros2_msgs/msg
-- Up-to-date: /workspaces/xvisio-cam/xvsdk-ros2/install/xv_ros2_msgs/include/xv_ros2_msgs/xv_ros2_msgs/msg/detail
-- Installing: /workspaces/xvisio-cam/xvsdk-ros2/install/xv_ros2_msgs/include/xv_ros2_msgs/xv_ros2_msgs/msg/detail/color_depth__rosidl_typesupport_fastrtps_cpp.hpp
-- Installing: /workspaces/xvisio-cam/xvsdk-ros2/install/xv_ros2_msgs/include/xv_ros2_msgs/xv_ros2_msgs/msg/detail/event_data__rosidl_typesupport_fastrtps_cpp.hpp
-- Installing: /workspaces/xvisio-cam/xvsdk-ros2/install/xv_ros2_msgs/include/xv_ros2_msgs/xv_ros2_msgs/msg/detail/dds_fastrtps
-- Installing: /workspaces/xvisio-cam/xvsdk-ros2/install/xv_ros2_msgs/include/xv_ros2_msgs/xv_ros2_msgs/msg/detail/button_msg__rosidl_typesupport_fastrtps_cpp.hpp
-- Installing: /workspaces/xvisio-cam/xvsdk-ros2/install/xv_ros2_msgs/include/xv_ros2_msgs/xv_ros2_msgs/msg/detail/orientation_stamped__rosidl_typesupport_fastrtps_cpp.hpp
-- Installing: /workspaces/xvisio-cam/xvsdk-ros2/install/xv_ros2_msgs/include/xv_ros2_msgs/xv_ros2_msgs/msg/detail/controller__rosidl_typesupport_fastrtps_cpp.hpp
-- Installing: /workspaces/xvisio-cam/xvsdk-ros2/install/xv_ros2_msgs/include/xv_ros2_msgs/xv_ros2_msgs/msg/rosidl_typesupport_fastrtps_cpp__visibility_control.h
-- Installing: /workspaces/xvisio-cam/xvsdk-ros2/install/xv_ros2_msgs/lib/libxv_ros2_msgs__rosidl_typesupport_fastrtps_cpp.so
-- Set runtime path of "/workspaces/xvisio-cam/xvsdk-ros2/install/xv_ros2_msgs/lib/libxv_ros2_msgs__rosidl_typesupport_fastrtps_cpp.so" to ""
-- Up-to-date: /workspaces/xvisio-cam/xvsdk-ros2/install/xv_ros2_msgs/include/xv_ros2_msgs/xv_ros2_msgs
-- Up-to-date: /workspaces/xvisio-cam/xvsdk-ros2/install/xv_ros2_msgs/include/xv_ros2_msgs/xv_ros2_msgs/srv
-- Up-to-date: /workspaces/xvisio-cam/xvsdk-ros2/install/xv_ros2_msgs/include/xv_ros2_msgs/xv_ros2_msgs/srv/detail
-- Installing: /workspaces/xvisio-cam/xvsdk-ros2/install/xv_ros2_msgs/include/xv_ros2_msgs/xv_ros2_msgs/srv/detail/get_pose__rosidl_typesupport_introspection_cpp.hpp
-- Installing: /workspaces/xvisio-cam/xvsdk-ros2/install/xv_ros2_msgs/include/xv_ros2_msgs/xv_ros2_msgs/srv/detail/get_orientation_at__rosidl_typesupport_introspection_cpp.hpp
-- Installing: /workspaces/xvisio-cam/xvsdk-ros2/install/xv_ros2_msgs/include/xv_ros2_msgs/xv_ros2_msgs/srv/detail/get_orientation__rosidl_typesupport_introspection_cpp.hpp
-- Installing: /workspaces/xvisio-cam/xvsdk-ros2/install/xv_ros2_msgs/include/xv_ros2_msgs/xv_ros2_msgs/srv/detail/controller_stop__rosidl_typesupport_introspection_cpp.hpp
-- Installing: /workspaces/xvisio-cam/xvsdk-ros2/install/xv_ros2_msgs/include/xv_ros2_msgs/xv_ros2_msgs/srv/detail/controller_start__rosidl_typesupport_introspection_cpp.hpp
-- Installing: /workspaces/xvisio-cam/xvsdk-ros2/install/xv_ros2_msgs/include/xv_ros2_msgs/xv_ros2_msgs/srv/detail/get_pose_at__type_support.cpp
-- Installing: /workspaces/xvisio-cam/xvsdk-ros2/install/xv_ros2_msgs/include/xv_ros2_msgs/xv_ros2_msgs/srv/detail/save_map_and_switch_cslam__rosidl_typesupport_introspection_cpp.hpp
-- Installing: /workspaces/xvisio-cam/xvsdk-ros2/install/xv_ros2_msgs/include/xv_ros2_msgs/xv_ros2_msgs/srv/detail/controller_start__type_support.cpp
-- Installing: /workspaces/xvisio-cam/xvsdk-ros2/install/xv_ros2_msgs/include/xv_ros2_msgs/xv_ros2_msgs/srv/detail/save_map_and_switch_cslam__type_support.cpp
-- Installing: /workspaces/xvisio-cam/xvsdk-ros2/install/xv_ros2_msgs/include/xv_ros2_msgs/xv_ros2_msgs/srv/detail/get_orientation_at__type_support.cpp
-- Installing: /workspaces/xvisio-cam/xvsdk-ros2/install/xv_ros2_msgs/include/xv_ros2_msgs/xv_ros2_msgs/srv/detail/controller_stop__type_support.cpp
-- Installing: /workspaces/xvisio-cam/xvsdk-ros2/install/xv_ros2_msgs/include/xv_ros2_msgs/xv_ros2_msgs/srv/detail/load_map_and_switch_cslam__type_support.cpp
-- Installing: /workspaces/xvisio-cam/xvsdk-ros2/install/xv_ros2_msgs/include/xv_ros2_msgs/xv_ros2_msgs/srv/detail/load_map_and_switch_cslam__rosidl_typesupport_introspection_cpp.hpp
-- Installing: /workspaces/xvisio-cam/xvsdk-ros2/install/xv_ros2_msgs/include/xv_ros2_msgs/xv_ros2_msgs/srv/detail/get_pose__type_support.cpp
-- Installing: /workspaces/xvisio-cam/xvsdk-ros2/install/xv_ros2_msgs/include/xv_ros2_msgs/xv_ros2_msgs/srv/detail/get_pose_at__rosidl_typesupport_introspection_cpp.hpp
-- Installing: /workspaces/xvisio-cam/xvsdk-ros2/install/xv_ros2_msgs/include/xv_ros2_msgs/xv_ros2_msgs/srv/detail/get_orientation__type_support.cpp
-- Up-to-date: /workspaces/xvisio-cam/xvsdk-ros2/install/xv_ros2_msgs/include/xv_ros2_msgs/xv_ros2_msgs/msg
-- Up-to-date: /workspaces/xvisio-cam/xvsdk-ros2/install/xv_ros2_msgs/include/xv_ros2_msgs/xv_ros2_msgs/msg/detail
-- Installing: /workspaces/xvisio-cam/xvsdk-ros2/install/xv_ros2_msgs/include/xv_ros2_msgs/xv_ros2_msgs/msg/detail/button_msg__rosidl_typesupport_introspection_cpp.hpp
-- Installing: /workspaces/xvisio-cam/xvsdk-ros2/install/xv_ros2_msgs/include/xv_ros2_msgs/xv_ros2_msgs/msg/detail/controller__rosidl_typesupport_introspection_cpp.hpp
-- Installing: /workspaces/xvisio-cam/xvsdk-ros2/install/xv_ros2_msgs/include/xv_ros2_msgs/xv_ros2_msgs/msg/detail/event_data__rosidl_typesupport_introspection_cpp.hpp
-- Installing: /workspaces/xvisio-cam/xvsdk-ros2/install/xv_ros2_msgs/include/xv_ros2_msgs/xv_ros2_msgs/msg/detail/color_depth__type_support.cpp
-- Installing: /workspaces/xvisio-cam/xvsdk-ros2/install/xv_ros2_msgs/include/xv_ros2_msgs/xv_ros2_msgs/msg/detail/event_data__type_support.cpp
-- Installing: /workspaces/xvisio-cam/xvsdk-ros2/install/xv_ros2_msgs/include/xv_ros2_msgs/xv_ros2_msgs/msg/detail/button_msg__type_support.cpp
-- Installing: /workspaces/xvisio-cam/xvsdk-ros2/install/xv_ros2_msgs/include/xv_ros2_msgs/xv_ros2_msgs/msg/detail/orientation_stamped__rosidl_typesupport_introspection_cpp.hpp
-- Installing: /workspaces/xvisio-cam/xvsdk-ros2/install/xv_ros2_msgs/include/xv_ros2_msgs/xv_ros2_msgs/msg/detail/controller__type_support.cpp
-- Installing: /workspaces/xvisio-cam/xvsdk-ros2/install/xv_ros2_msgs/include/xv_ros2_msgs/xv_ros2_msgs/msg/detail/color_depth__rosidl_typesupport_introspection_cpp.hpp
-- Installing: /workspaces/xvisio-cam/xvsdk-ros2/install/xv_ros2_msgs/include/xv_ros2_msgs/xv_ros2_msgs/msg/detail/orientation_stamped__type_support.cpp
-- Installing: /workspaces/xvisio-cam/xvsdk-ros2/install/xv_ros2_msgs/lib/libxv_ros2_msgs__rosidl_typesupport_introspection_cpp.so
-- Set runtime path of "/workspaces/xvisio-cam/xvsdk-ros2/install/xv_ros2_msgs/lib/libxv_ros2_msgs__rosidl_typesupport_introspection_cpp.so" to ""
-- Installing: /workspaces/xvisio-cam/xvsdk-ros2/install/xv_ros2_msgs/lib/libxv_ros2_msgs__rosidl_typesupport_cpp.so
-- Set runtime path of "/workspaces/xvisio-cam/xvsdk-ros2/install/xv_ros2_msgs/lib/libxv_ros2_msgs__rosidl_typesupport_cpp.so" to ""
-- Installing: /workspaces/xvisio-cam/xvsdk-ros2/install/xv_ros2_msgs/share/xv_ros2_msgs/environment/pythonpath.sh
-- Installing: /workspaces/xvisio-cam/xvsdk-ros2/install/xv_ros2_msgs/share/xv_ros2_msgs/environment/pythonpath.dsv
-- Installing: /workspaces/xvisio-cam/xvsdk-ros2/install/xv_ros2_msgs/local/lib/python3.10/dist-packages/xv_ros2_msgs-0.0.0-py3.10.egg-info
-- Installing: /workspaces/xvisio-cam/xvsdk-ros2/install/xv_ros2_msgs/local/lib/python3.10/dist-packages/xv_ros2_msgs-0.0.0-py3.10.egg-info/SOURCES.txt
-- Installing: /workspaces/xvisio-cam/xvsdk-ros2/install/xv_ros2_msgs/local/lib/python3.10/dist-packages/xv_ros2_msgs-0.0.0-py3.10.egg-info/PKG-INFO
-- Installing: /workspaces/xvisio-cam/xvsdk-ros2/install/xv_ros2_msgs/local/lib/python3.10/dist-packages/xv_ros2_msgs-0.0.0-py3.10.egg-info/dependency_links.txt
-- Installing: /workspaces/xvisio-cam/xvsdk-ros2/install/xv_ros2_msgs/local/lib/python3.10/dist-packages/xv_ros2_msgs-0.0.0-py3.10.egg-info/top_level.txt
-- Installing: /workspaces/xvisio-cam/xvsdk-ros2/install/xv_ros2_msgs/local/lib/python3.10/dist-packages/xv_ros2_msgs
-- Installing: /workspaces/xvisio-cam/xvsdk-ros2/install/xv_ros2_msgs/local/lib/python3.10/dist-packages/xv_ros2_msgs/srv
-- Installing: /workspaces/xvisio-cam/xvsdk-ros2/install/xv_ros2_msgs/local/lib/python3.10/dist-packages/xv_ros2_msgs/srv/_get_pose_at_s.c
-- Installing: /workspaces/xvisio-cam/xvsdk-ros2/install/xv_ros2_msgs/local/lib/python3.10/dist-packages/xv_ros2_msgs/srv/_get_orientation_at.py
-- Installing: /workspaces/xvisio-cam/xvsdk-ros2/install/xv_ros2_msgs/local/lib/python3.10/dist-packages/xv_ros2_msgs/srv/_get_pose_s.c
-- Installing: /workspaces/xvisio-cam/xvsdk-ros2/install/xv_ros2_msgs/local/lib/python3.10/dist-packages/xv_ros2_msgs/srv/_get_orientation_at_s.c
-- Installing: /workspaces/xvisio-cam/xvsdk-ros2/install/xv_ros2_msgs/local/lib/python3.10/dist-packages/xv_ros2_msgs/srv/_get_orientation.py
-- Installing: /workspaces/xvisio-cam/xvsdk-ros2/install/xv_ros2_msgs/local/lib/python3.10/dist-packages/xv_ros2_msgs/srv/_controller_stop_s.c
-- Installing: /workspaces/xvisio-cam/xvsdk-ros2/install/xv_ros2_msgs/local/lib/python3.10/dist-packages/xv_ros2_msgs/srv/_get_pose_at.py
-- Installing: /workspaces/xvisio-cam/xvsdk-ros2/install/xv_ros2_msgs/local/lib/python3.10/dist-packages/xv_ros2_msgs/srv/_controller_start.py
-- Installing: /workspaces/xvisio-cam/xvsdk-ros2/install/xv_ros2_msgs/local/lib/python3.10/dist-packages/xv_ros2_msgs/srv/__init__.py
-- Installing: /workspaces/xvisio-cam/xvsdk-ros2/install/xv_ros2_msgs/local/lib/python3.10/dist-packages/xv_ros2_msgs/srv/_get_pose.py
-- Installing: /workspaces/xvisio-cam/xvsdk-ros2/install/xv_ros2_msgs/local/lib/python3.10/dist-packages/xv_ros2_msgs/srv/_load_map_and_switch_cslam.py
-- Installing: /workspaces/xvisio-cam/xvsdk-ros2/install/xv_ros2_msgs/local/lib/python3.10/dist-packages/xv_ros2_msgs/srv/_save_map_and_switch_cslam.py
-- Installing: /workspaces/xvisio-cam/xvsdk-ros2/install/xv_ros2_msgs/local/lib/python3.10/dist-packages/xv_ros2_msgs/srv/_controller_start_s.c
-- Installing: /workspaces/xvisio-cam/xvsdk-ros2/install/xv_ros2_msgs/local/lib/python3.10/dist-packages/xv_ros2_msgs/srv/_get_orientation_s.c
-- Installing: /workspaces/xvisio-cam/xvsdk-ros2/install/xv_ros2_msgs/local/lib/python3.10/dist-packages/xv_ros2_msgs/srv/_controller_stop.py
-- Installing: /workspaces/xvisio-cam/xvsdk-ros2/install/xv_ros2_msgs/local/lib/python3.10/dist-packages/xv_ros2_msgs/srv/_save_map_and_switch_cslam_s.c
-- Installing: /workspaces/xvisio-cam/xvsdk-ros2/install/xv_ros2_msgs/local/lib/python3.10/dist-packages/xv_ros2_msgs/srv/_load_map_and_switch_cslam_s.c
-- Installing: /workspaces/xvisio-cam/xvsdk-ros2/install/xv_ros2_msgs/local/lib/python3.10/dist-packages/xv_ros2_msgs/_xv_ros2_msgs_s.ep.rosidl_typesupport_fastrtps_c.c
-- Installing: /workspaces/xvisio-cam/xvsdk-ros2/install/xv_ros2_msgs/local/lib/python3.10/dist-packages/xv_ros2_msgs/xv_ros2_msgs_s__rosidl_typesupport_c.cpython-310-x86_64-linux-gnu.so
-- Installing: /workspaces/xvisio-cam/xvsdk-ros2/install/xv_ros2_msgs/local/lib/python3.10/dist-packages/xv_ros2_msgs/msg
-- Installing: /workspaces/xvisio-cam/xvsdk-ros2/install/xv_ros2_msgs/local/lib/python3.10/dist-packages/xv_ros2_msgs/msg/_orientation_stamped.py
-- Installing: /workspaces/xvisio-cam/xvsdk-ros2/install/xv_ros2_msgs/local/lib/python3.10/dist-packages/xv_ros2_msgs/msg/_controller_s.c
-- Installing: /workspaces/xvisio-cam/xvsdk-ros2/install/xv_ros2_msgs/local/lib/python3.10/dist-packages/xv_ros2_msgs/msg/_button_msg.py
-- Installing: /workspaces/xvisio-cam/xvsdk-ros2/install/xv_ros2_msgs/local/lib/python3.10/dist-packages/xv_ros2_msgs/msg/_event_data.py
-- Installing: /workspaces/xvisio-cam/xvsdk-ros2/install/xv_ros2_msgs/local/lib/python3.10/dist-packages/xv_ros2_msgs/msg/_orientation_stamped_s.c
-- Installing: /workspaces/xvisio-cam/xvsdk-ros2/install/xv_ros2_msgs/local/lib/python3.10/dist-packages/xv_ros2_msgs/msg/__init__.py
-- Installing: /workspaces/xvisio-cam/xvsdk-ros2/install/xv_ros2_msgs/local/lib/python3.10/dist-packages/xv_ros2_msgs/msg/_event_data_s.c
-- Installing: /workspaces/xvisio-cam/xvsdk-ros2/install/xv_ros2_msgs/local/lib/python3.10/dist-packages/xv_ros2_msgs/msg/_button_msg_s.c
-- Installing: /workspaces/xvisio-cam/xvsdk-ros2/install/xv_ros2_msgs/local/lib/python3.10/dist-packages/xv_ros2_msgs/msg/_controller.py
-- Installing: /workspaces/xvisio-cam/xvsdk-ros2/install/xv_ros2_msgs/local/lib/python3.10/dist-packages/xv_ros2_msgs/msg/_color_depth.py
-- Installing: /workspaces/xvisio-cam/xvsdk-ros2/install/xv_ros2_msgs/local/lib/python3.10/dist-packages/xv_ros2_msgs/msg/_color_depth_s.c
-- Installing: /workspaces/xvisio-cam/xvsdk-ros2/install/xv_ros2_msgs/local/lib/python3.10/dist-packages/xv_ros2_msgs/__init__.py
-- Installing: /workspaces/xvisio-cam/xvsdk-ros2/install/xv_ros2_msgs/local/lib/python3.10/dist-packages/xv_ros2_msgs/xv_ros2_msgs_s__rosidl_typesupport_introspection_c.cpython-310-x86_64-linux-gnu.so
-- Installing: /workspaces/xvisio-cam/xvsdk-ros2/install/xv_ros2_msgs/local/lib/python3.10/dist-packages/xv_ros2_msgs/_xv_ros2_msgs_s.ep.rosidl_typesupport_introspection_c.c
-- Installing: /workspaces/xvisio-cam/xvsdk-ros2/install/xv_ros2_msgs/local/lib/python3.10/dist-packages/xv_ros2_msgs/_xv_ros2_msgs_s.ep.rosidl_typesupport_c.c
-- Installing: /workspaces/xvisio-cam/xvsdk-ros2/install/xv_ros2_msgs/local/lib/python3.10/dist-packages/xv_ros2_msgs/libxv_ros2_msgs__rosidl_generator_py.so
-- Installing: /workspaces/xvisio-cam/xvsdk-ros2/install/xv_ros2_msgs/local/lib/python3.10/dist-packages/xv_ros2_msgs/xv_ros2_msgs_s__rosidl_typesupport_fastrtps_c.cpython-310-x86_64-linux-gnu.so
Listing '/workspaces/xvisio-cam/xvsdk-ros2/install/xv_ros2_msgs/local/lib/python3.10/dist-packages/xv_ros2_msgs'...
Compiling '/workspaces/xvisio-cam/xvsdk-ros2/install/xv_ros2_msgs/local/lib/python3.10/dist-packages/xv_ros2_msgs/__init__.py'...
Listing '/workspaces/xvisio-cam/xvsdk-ros2/install/xv_ros2_msgs/local/lib/python3.10/dist-packages/xv_ros2_msgs/msg'...
Compiling '/workspaces/xvisio-cam/xvsdk-ros2/install/xv_ros2_msgs/local/lib/python3.10/dist-packages/xv_ros2_msgs/msg/__init__.py'...
Compiling '/workspaces/xvisio-cam/xvsdk-ros2/install/xv_ros2_msgs/local/lib/python3.10/dist-packages/xv_ros2_msgs/msg/_button_msg.py'...
Compiling '/workspaces/xvisio-cam/xvsdk-ros2/install/xv_ros2_msgs/local/lib/python3.10/dist-packages/xv_ros2_msgs/msg/_color_depth.py'...
Compiling '/workspaces/xvisio-cam/xvsdk-ros2/install/xv_ros2_msgs/local/lib/python3.10/dist-packages/xv_ros2_msgs/msg/_controller.py'...
Compiling '/workspaces/xvisio-cam/xvsdk-ros2/install/xv_ros2_msgs/local/lib/python3.10/dist-packages/xv_ros2_msgs/msg/_event_data.py'...
Compiling '/workspaces/xvisio-cam/xvsdk-ros2/install/xv_ros2_msgs/local/lib/python3.10/dist-packages/xv_ros2_msgs/msg/_orientation_stamped.py'...
Listing '/workspaces/xvisio-cam/xvsdk-ros2/install/xv_ros2_msgs/local/lib/python3.10/dist-packages/xv_ros2_msgs/srv'...
Compiling '/workspaces/xvisio-cam/xvsdk-ros2/install/xv_ros2_msgs/local/lib/python3.10/dist-packages/xv_ros2_msgs/srv/__init__.py'...
Compiling '/workspaces/xvisio-cam/xvsdk-ros2/install/xv_ros2_msgs/local/lib/python3.10/dist-packages/xv_ros2_msgs/srv/_controller_start.py'...
Compiling '/workspaces/xvisio-cam/xvsdk-ros2/install/xv_ros2_msgs/local/lib/python3.10/dist-packages/xv_ros2_msgs/srv/_controller_stop.py'...
Compiling '/workspaces/xvisio-cam/xvsdk-ros2/install/xv_ros2_msgs/local/lib/python3.10/dist-packages/xv_ros2_msgs/srv/_get_orientation.py'...
Compiling '/workspaces/xvisio-cam/xvsdk-ros2/install/xv_ros2_msgs/local/lib/python3.10/dist-packages/xv_ros2_msgs/srv/_get_orientation_at.py'...
Compiling '/workspaces/xvisio-cam/xvsdk-ros2/install/xv_ros2_msgs/local/lib/python3.10/dist-packages/xv_ros2_msgs/srv/_get_pose.py'...
Compiling '/workspaces/xvisio-cam/xvsdk-ros2/install/xv_ros2_msgs/local/lib/python3.10/dist-packages/xv_ros2_msgs/srv/_get_pose_at.py'...
Compiling '/workspaces/xvisio-cam/xvsdk-ros2/install/xv_ros2_msgs/local/lib/python3.10/dist-packages/xv_ros2_msgs/srv/_load_map_and_switch_cslam.py'...
Compiling '/workspaces/xvisio-cam/xvsdk-ros2/install/xv_ros2_msgs/local/lib/python3.10/dist-packages/xv_ros2_msgs/srv/_save_map_and_switch_cslam.py'...
-- Installing: /workspaces/xvisio-cam/xvsdk-ros2/install/xv_ros2_msgs/local/lib/python3.10/dist-packages/xv_ros2_msgs/xv_ros2_msgs_s__rosidl_typesupport_fastrtps_c.cpython-310-x86_64-linux-gnu.so
-- Set runtime path of "/workspaces/xvisio-cam/xvsdk-ros2/install/xv_ros2_msgs/local/lib/python3.10/dist-packages/xv_ros2_msgs/xv_ros2_msgs_s__rosidl_typesupport_fastrtps_c.cpython-310-x86_64-linux-gnu.so" to ""
-- Installing: /workspaces/xvisio-cam/xvsdk-ros2/install/xv_ros2_msgs/local/lib/python3.10/dist-packages/xv_ros2_msgs/xv_ros2_msgs_s__rosidl_typesupport_introspection_c.cpython-310-x86_64-linux-gnu.so
-- Set runtime path of "/workspaces/xvisio-cam/xvsdk-ros2/install/xv_ros2_msgs/local/lib/python3.10/dist-packages/xv_ros2_msgs/xv_ros2_msgs_s__rosidl_typesupport_introspection_c.cpython-310-x86_64-linux-gnu.so" to ""
-- Installing: /workspaces/xvisio-cam/xvsdk-ros2/install/xv_ros2_msgs/local/lib/python3.10/dist-packages/xv_ros2_msgs/xv_ros2_msgs_s__rosidl_typesupport_c.cpython-310-x86_64-linux-gnu.so
-- Set runtime path of "/workspaces/xvisio-cam/xvsdk-ros2/install/xv_ros2_msgs/local/lib/python3.10/dist-packages/xv_ros2_msgs/xv_ros2_msgs_s__rosidl_typesupport_c.cpython-310-x86_64-linux-gnu.so" to ""
-- Installing: /workspaces/xvisio-cam/xvsdk-ros2/install/xv_ros2_msgs/lib/libxv_ros2_msgs__rosidl_generator_py.so
-- Set runtime path of "/workspaces/xvisio-cam/xvsdk-ros2/install/xv_ros2_msgs/lib/libxv_ros2_msgs__rosidl_generator_py.so" to ""
-- Installing: /workspaces/xvisio-cam/xvsdk-ros2/install/xv_ros2_msgs/share/xv_ros2_msgs/msg/OrientationStamped.idl
-- Installing: /workspaces/xvisio-cam/xvsdk-ros2/install/xv_ros2_msgs/share/xv_ros2_msgs/msg/ColorDepth.idl
-- Installing: /workspaces/xvisio-cam/xvsdk-ros2/install/xv_ros2_msgs/share/xv_ros2_msgs/srv/GetOrientation.idl
-- Installing: /workspaces/xvisio-cam/xvsdk-ros2/install/xv_ros2_msgs/share/xv_ros2_msgs/srv/GetOrientationAt.idl
-- Installing: /workspaces/xvisio-cam/xvsdk-ros2/install/xv_ros2_msgs/share/xv_ros2_msgs/srv/GetPose.idl
-- Installing: /workspaces/xvisio-cam/xvsdk-ros2/install/xv_ros2_msgs/share/xv_ros2_msgs/srv/GetPoseAt.idl
-- Installing: /workspaces/xvisio-cam/xvsdk-ros2/install/xv_ros2_msgs/share/xv_ros2_msgs/srv/LoadMapAndSwitchCslam.idl
-- Installing: /workspaces/xvisio-cam/xvsdk-ros2/install/xv_ros2_msgs/share/xv_ros2_msgs/srv/SaveMapAndSwitchCslam.idl
-- Installing: /workspaces/xvisio-cam/xvsdk-ros2/install/xv_ros2_msgs/share/xv_ros2_msgs/srv/ControllerStart.idl
-- Installing: /workspaces/xvisio-cam/xvsdk-ros2/install/xv_ros2_msgs/share/xv_ros2_msgs/srv/ControllerStop.idl
-- Installing: /workspaces/xvisio-cam/xvsdk-ros2/install/xv_ros2_msgs/share/xv_ros2_msgs/msg/Controller.idl
-- Installing: /workspaces/xvisio-cam/xvsdk-ros2/install/xv_ros2_msgs/share/xv_ros2_msgs/msg/EventData.idl
-- Installing: /workspaces/xvisio-cam/xvsdk-ros2/install/xv_ros2_msgs/share/xv_ros2_msgs/msg/ButtonMsg.idl
-- Installing: /workspaces/xvisio-cam/xvsdk-ros2/install/xv_ros2_msgs/share/xv_ros2_msgs/msg/OrientationStamped.msg
-- Installing: /workspaces/xvisio-cam/xvsdk-ros2/install/xv_ros2_msgs/share/xv_ros2_msgs/msg/ColorDepth.msg
-- Installing: /workspaces/xvisio-cam/xvsdk-ros2/install/xv_ros2_msgs/share/xv_ros2_msgs/srv/GetOrientation.srv
-- Installing: /workspaces/xvisio-cam/xvsdk-ros2/install/xv_ros2_msgs/share/xv_ros2_msgs/srv/GetOrientation_Request.msg
-- Installing: /workspaces/xvisio-cam/xvsdk-ros2/install/xv_ros2_msgs/share/xv_ros2_msgs/srv/GetOrientation_Response.msg
-- Installing: /workspaces/xvisio-cam/xvsdk-ros2/install/xv_ros2_msgs/share/xv_ros2_msgs/srv/GetOrientationAt.srv
-- Installing: /workspaces/xvisio-cam/xvsdk-ros2/install/xv_ros2_msgs/share/xv_ros2_msgs/srv/GetOrientationAt_Request.msg
-- Installing: /workspaces/xvisio-cam/xvsdk-ros2/install/xv_ros2_msgs/share/xv_ros2_msgs/srv/GetOrientationAt_Response.msg
-- Installing: /workspaces/xvisio-cam/xvsdk-ros2/install/xv_ros2_msgs/share/xv_ros2_msgs/srv/GetPose.srv
-- Installing: /workspaces/xvisio-cam/xvsdk-ros2/install/xv_ros2_msgs/share/xv_ros2_msgs/srv/GetPose_Request.msg
-- Installing: /workspaces/xvisio-cam/xvsdk-ros2/install/xv_ros2_msgs/share/xv_ros2_msgs/srv/GetPose_Response.msg
-- Installing: /workspaces/xvisio-cam/xvsdk-ros2/install/xv_ros2_msgs/share/xv_ros2_msgs/srv/GetPoseAt.srv
-- Installing: /workspaces/xvisio-cam/xvsdk-ros2/install/xv_ros2_msgs/share/xv_ros2_msgs/srv/GetPoseAt_Request.msg
-- Installing: /workspaces/xvisio-cam/xvsdk-ros2/install/xv_ros2_msgs/share/xv_ros2_msgs/srv/GetPoseAt_Response.msg
-- Installing: /workspaces/xvisio-cam/xvsdk-ros2/install/xv_ros2_msgs/share/xv_ros2_msgs/srv/LoadMapAndSwitchCslam.srv
-- Installing: /workspaces/xvisio-cam/xvsdk-ros2/install/xv_ros2_msgs/share/xv_ros2_msgs/srv/LoadMapAndSwitchCslam_Request.msg
-- Installing: /workspaces/xvisio-cam/xvsdk-ros2/install/xv_ros2_msgs/share/xv_ros2_msgs/srv/LoadMapAndSwitchCslam_Response.msg
-- Installing: /workspaces/xvisio-cam/xvsdk-ros2/install/xv_ros2_msgs/share/xv_ros2_msgs/srv/SaveMapAndSwitchCslam.srv
-- Installing: /workspaces/xvisio-cam/xvsdk-ros2/install/xv_ros2_msgs/share/xv_ros2_msgs/srv/SaveMapAndSwitchCslam_Request.msg
-- Installing: /workspaces/xvisio-cam/xvsdk-ros2/install/xv_ros2_msgs/share/xv_ros2_msgs/srv/SaveMapAndSwitchCslam_Response.msg
-- Installing: /workspaces/xvisio-cam/xvsdk-ros2/install/xv_ros2_msgs/share/xv_ros2_msgs/srv/ControllerStart.srv
-- Installing: /workspaces/xvisio-cam/xvsdk-ros2/install/xv_ros2_msgs/share/xv_ros2_msgs/srv/ControllerStart_Request.msg
-- Installing: /workspaces/xvisio-cam/xvsdk-ros2/install/xv_ros2_msgs/share/xv_ros2_msgs/srv/ControllerStart_Response.msg
-- Installing: /workspaces/xvisio-cam/xvsdk-ros2/install/xv_ros2_msgs/share/xv_ros2_msgs/srv/ControllerStop.srv
-- Installing: /workspaces/xvisio-cam/xvsdk-ros2/install/xv_ros2_msgs/share/xv_ros2_msgs/srv/ControllerStop_Request.msg
-- Installing: /workspaces/xvisio-cam/xvsdk-ros2/install/xv_ros2_msgs/share/xv_ros2_msgs/srv/ControllerStop_Response.msg
-- Installing: /workspaces/xvisio-cam/xvsdk-ros2/install/xv_ros2_msgs/share/xv_ros2_msgs/msg/Controller.msg
-- Installing: /workspaces/xvisio-cam/xvsdk-ros2/install/xv_ros2_msgs/share/xv_ros2_msgs/msg/EventData.msg
-- Installing: /workspaces/xvisio-cam/xvsdk-ros2/install/xv_ros2_msgs/share/xv_ros2_msgs/msg/ButtonMsg.msg
-- Installing: /workspaces/xvisio-cam/xvsdk-ros2/install/xv_ros2_msgs/share/ament_index/resource_index/package_run_dependencies/xv_ros2_msgs
-- Installing: /workspaces/xvisio-cam/xvsdk-ros2/install/xv_ros2_msgs/share/ament_index/resource_index/parent_prefix_path/xv_ros2_msgs
-- Installing: /workspaces/xvisio-cam/xvsdk-ros2/install/xv_ros2_msgs/share/xv_ros2_msgs/environment/ament_prefix_path.sh
-- Installing: /workspaces/xvisio-cam/xvsdk-ros2/install/xv_ros2_msgs/share/xv_ros2_msgs/environment/ament_prefix_path.dsv
-- Installing: /workspaces/xvisio-cam/xvsdk-ros2/install/xv_ros2_msgs/share/xv_ros2_msgs/environment/path.sh
-- Installing: /workspaces/xvisio-cam/xvsdk-ros2/install/xv_ros2_msgs/share/xv_ros2_msgs/environment/path.dsv
-- Installing: /workspaces/xvisio-cam/xvsdk-ros2/install/xv_ros2_msgs/share/xv_ros2_msgs/local_setup.bash
-- Installing: /workspaces/xvisio-cam/xvsdk-ros2/install/xv_ros2_msgs/share/xv_ros2_msgs/local_setup.sh
-- Installing: /workspaces/xvisio-cam/xvsdk-ros2/install/xv_ros2_msgs/share/xv_ros2_msgs/local_setup.zsh
-- Installing: /workspaces/xvisio-cam/xvsdk-ros2/install/xv_ros2_msgs/share/xv_ros2_msgs/local_setup.dsv
-- Installing: /workspaces/xvisio-cam/xvsdk-ros2/install/xv_ros2_msgs/share/xv_ros2_msgs/package.dsv
-- Installing: /workspaces/xvisio-cam/xvsdk-ros2/install/xv_ros2_msgs/share/ament_index/resource_index/packages/xv_ros2_msgs
-- Installing: /workspaces/xvisio-cam/xvsdk-ros2/install/xv_ros2_msgs/share/xv_ros2_msgs/cmake/export_xv_ros2_msgs__rosidl_generator_cExport.cmake
-- Installing: /workspaces/xvisio-cam/xvsdk-ros2/install/xv_ros2_msgs/share/xv_ros2_msgs/cmake/export_xv_ros2_msgs__rosidl_generator_cExport-noconfig.cmake
-- Installing: /workspaces/xvisio-cam/xvsdk-ros2/install/xv_ros2_msgs/share/xv_ros2_msgs/cmake/export_xv_ros2_msgs__rosidl_typesupport_fastrtps_cExport.cmake
-- Installing: /workspaces/xvisio-cam/xvsdk-ros2/install/xv_ros2_msgs/share/xv_ros2_msgs/cmake/export_xv_ros2_msgs__rosidl_typesupport_fastrtps_cExport-noconfig.cmake
-- Installing: /workspaces/xvisio-cam/xvsdk-ros2/install/xv_ros2_msgs/share/xv_ros2_msgs/cmake/xv_ros2_msgs__rosidl_typesupport_introspection_cExport.cmake
-- Installing: /workspaces/xvisio-cam/xvsdk-ros2/install/xv_ros2_msgs/share/xv_ros2_msgs/cmake/xv_ros2_msgs__rosidl_typesupport_introspection_cExport-noconfig.cmake
-- Installing: /workspaces/xvisio-cam/xvsdk-ros2/install/xv_ros2_msgs/share/xv_ros2_msgs/cmake/xv_ros2_msgs__rosidl_typesupport_cExport.cmake
-- Installing: /workspaces/xvisio-cam/xvsdk-ros2/install/xv_ros2_msgs/share/xv_ros2_msgs/cmake/xv_ros2_msgs__rosidl_typesupport_cExport-noconfig.cmake
-- Installing: /workspaces/xvisio-cam/xvsdk-ros2/install/xv_ros2_msgs/share/xv_ros2_msgs/cmake/export_xv_ros2_msgs__rosidl_generator_cppExport.cmake
-- Installing: /workspaces/xvisio-cam/xvsdk-ros2/install/xv_ros2_msgs/share/xv_ros2_msgs/cmake/export_xv_ros2_msgs__rosidl_typesupport_fastrtps_cppExport.cmake
-- Installing: /workspaces/xvisio-cam/xvsdk-ros2/install/xv_ros2_msgs/share/xv_ros2_msgs/cmake/export_xv_ros2_msgs__rosidl_typesupport_fastrtps_cppExport-noconfig.cmake
-- Installing: /workspaces/xvisio-cam/xvsdk-ros2/install/xv_ros2_msgs/share/xv_ros2_msgs/cmake/xv_ros2_msgs__rosidl_typesupport_introspection_cppExport.cmake
-- Installing: /workspaces/xvisio-cam/xvsdk-ros2/install/xv_ros2_msgs/share/xv_ros2_msgs/cmake/xv_ros2_msgs__rosidl_typesupport_introspection_cppExport-noconfig.cmake
-- Installing: /workspaces/xvisio-cam/xvsdk-ros2/install/xv_ros2_msgs/share/xv_ros2_msgs/cmake/xv_ros2_msgs__rosidl_typesupport_cppExport.cmake
-- Installing: /workspaces/xvisio-cam/xvsdk-ros2/install/xv_ros2_msgs/share/xv_ros2_msgs/cmake/xv_ros2_msgs__rosidl_typesupport_cppExport-noconfig.cmake
-- Installing: /workspaces/xvisio-cam/xvsdk-ros2/install/xv_ros2_msgs/share/xv_ros2_msgs/cmake/export_xv_ros2_msgs__rosidl_generator_pyExport.cmake
-- Installing: /workspaces/xvisio-cam/xvsdk-ros2/install/xv_ros2_msgs/share/xv_ros2_msgs/cmake/export_xv_ros2_msgs__rosidl_generator_pyExport-noconfig.cmake
-- Installing: /workspaces/xvisio-cam/xvsdk-ros2/install/xv_ros2_msgs/share/xv_ros2_msgs/cmake/rosidl_cmake-extras.cmake
-- Installing: /workspaces/xvisio-cam/xvsdk-ros2/install/xv_ros2_msgs/share/xv_ros2_msgs/cmake/ament_cmake_export_dependencies-extras.cmake
-- Installing: /workspaces/xvisio-cam/xvsdk-ros2/install/xv_ros2_msgs/share/xv_ros2_msgs/cmake/ament_cmake_export_include_directories-extras.cmake
-- Installing: /workspaces/xvisio-cam/xvsdk-ros2/install/xv_ros2_msgs/share/xv_ros2_msgs/cmake/ament_cmake_export_libraries-extras.cmake
-- Installing: /workspaces/xvisio-cam/xvsdk-ros2/install/xv_ros2_msgs/share/xv_ros2_msgs/cmake/ament_cmake_export_targets-extras.cmake
-- Installing: /workspaces/xvisio-cam/xvsdk-ros2/install/xv_ros2_msgs/share/xv_ros2_msgs/cmake/rosidl_cmake_export_typesupport_targets-extras.cmake
-- Installing: /workspaces/xvisio-cam/xvsdk-ros2/install/xv_ros2_msgs/share/xv_ros2_msgs/cmake/rosidl_cmake_export_typesupport_libraries-extras.cmake
-- Installing: /workspaces/xvisio-cam/xvsdk-ros2/install/xv_ros2_msgs/share/xv_ros2_msgs/cmake/xv_ros2_msgsConfig.cmake
-- Installing: /workspaces/xvisio-cam/xvsdk-ros2/install/xv_ros2_msgs/share/xv_ros2_msgs/cmake/xv_ros2_msgsConfig-version.cmake
-- Installing: /workspaces/xvisio-cam/xvsdk-ros2/install/xv_ros2_msgs/share/xv_ros2_msgs/package.xml
