[0.006s] Invoking command in '/workspaces/xvisio-cam/xvsdk-ros2/build/xv_ros2_msgs': CMAKE_PREFIX_PATH=${CMAKE_PREFIX_PATH}:/opt/ros/humble /usr/bin/cmake /workspaces/xvisio-cam/xvsdk-ros2/xv_ros2_msgs -DCMAKE_INSTALL_PREFIX=/workspaces/xvisio-cam/xvsdk-ros2/install/xv_ros2_msgs
[0.039s] -- The C compiler identification is GNU 11.4.0
[0.075s] -- The CXX compiler identification is GNU 11.4.0
[0.080s] -- Detecting C compiler ABI info
[0.121s] -- Detecting C compiler ABI info - done
[0.126s] -- Check for working C compiler: /usr/bin/cc - skipped
[0.126s] -- Detecting C compile features
[0.126s] -- Detecting C compile features - done
[0.128s] -- Detecting CXX compiler ABI info
[0.176s] -- Detecting CXX compiler ABI info - done
[0.181s] -- Check for working CXX compiler: /usr/bin/c++ - skipped
[0.181s] -- Detecting CXX compile features
[0.181s] -- Detecting CXX compile features - done
[0.182s] -- Found ament_cmake: 1.3.10 (/opt/ros/humble/share/ament_cmake/cmake)
[0.264s] -- Found Python3: /usr/bin/python3 (found version "3.10.12") found components: Interpreter 
[0.315s] -- Found rosidl_default_generators: 1.2.0 (/opt/ros/humble/share/rosidl_default_generators/cmake)
[0.316s] -- Using all available rosidl_typesupport_c: rosidl_typesupport_fastrtps_c;rosidl_typesupport_introspection_c
[0.320s] -- Found rosidl_adapter: 3.1.5 (/opt/ros/humble/share/rosidl_adapter/cmake)
[0.342s] -- Using all available rosidl_typesupport_cpp: rosidl_typesupport_fastrtps_cpp;rosidl_typesupport_introspection_cpp
[0.362s] -- Found std_msgs: 4.2.4 (/opt/ros/humble/share/std_msgs/cmake)
[0.379s] -- Found geometry_msgs: 4.2.4 (/opt/ros/humble/share/geometry_msgs/cmake)
[0.629s] -- Found ament_cmake_ros: 0.10.0 (/opt/ros/humble/share/ament_cmake_ros/cmake)
[0.776s] -- Using all available rosidl_typesupport_c: rosidl_typesupport_fastrtps_c;rosidl_typesupport_introspection_c
[0.961s] -- Using all available rosidl_typesupport_cpp: rosidl_typesupport_fastrtps_cpp;rosidl_typesupport_introspection_cpp
[0.971s] -- Found PythonInterp: /usr/bin/python3 (found suitable version "3.10.12", minimum required is "3.6") 
[0.972s] -- Found python_cmake_module: 0.10.0 (/opt/ros/humble/share/python_cmake_module/cmake)
[0.984s] -- Found PythonLibs: /usr/lib/x86_64-linux-gnu/libpython3.10.so (found suitable version "3.10.12", minimum required is "3.5") 
[0.984s] -- Using PYTHON_EXECUTABLE: /usr/bin/python3
[0.984s] -- Using PYTHON_INCLUDE_DIRS: /usr/include/python3.10
[0.985s] -- Using PYTHON_LIBRARIES: /usr/lib/x86_64-linux-gnu/libpython3.10.so
[0.995s] -- Found PythonExtra: .so  
[1.032s] -- Found ament_lint_auto: 0.12.11 (/opt/ros/humble/share/ament_lint_auto/cmake)
[1.043s] -- Added test 'copyright' to check source files copyright and LICENSE
[1.044s] -- Added test 'lint_cmake' to check CMake code style
[1.045s] -- Added test 'xmllint' to check XML markup files
[1.046s] -- Configuring done
[1.081s] -- Generating done
[1.082s] -- Build files have been written to: /workspaces/xvisio-cam/xvsdk-ros2/build/xv_ros2_msgs
[1.088s] Invoked command in '/workspaces/xvisio-cam/xvsdk-ros2/build/xv_ros2_msgs' returned '0': CMAKE_PREFIX_PATH=${CMAKE_PREFIX_PATH}:/opt/ros/humble /usr/bin/cmake /workspaces/xvisio-cam/xvsdk-ros2/xv_ros2_msgs -DCMAKE_INSTALL_PREFIX=/workspaces/xvisio-cam/xvsdk-ros2/install/xv_ros2_msgs
[1.088s] Invoking command in '/workspaces/xvisio-cam/xvsdk-ros2/build/xv_ros2_msgs': CMAKE_PREFIX_PATH=${CMAKE_PREFIX_PATH}:/opt/ros/humble /usr/bin/cmake --build /workspaces/xvisio-cam/xvsdk-ros2/build/xv_ros2_msgs -- -j8 -l8
[1.116s] [  1%] [34m[1mGenerating C code for ROS interfaces[0m
[1.123s] [  1%] [34m[1mGenerating C++ code for ROS interfaces[0m
[1.128s] [  1%] Built target ament_cmake_python_copy_xv_ros2_msgs
[1.269s] running egg_info
[1.270s] creating xv_ros2_msgs.egg-info
[1.270s] writing xv_ros2_msgs.egg-info/PKG-INFO
[1.270s] writing dependency_links to xv_ros2_msgs.egg-info/dependency_links.txt
[1.270s] writing top-level names to xv_ros2_msgs.egg-info/top_level.txt
[1.270s] writing manifest file 'xv_ros2_msgs.egg-info/SOURCES.txt'
[1.271s] reading manifest file 'xv_ros2_msgs.egg-info/SOURCES.txt'
[1.272s] writing manifest file 'xv_ros2_msgs.egg-info/SOURCES.txt'
[1.291s] [  1%] Built target ament_cmake_python_build_xv_ros2_msgs_egg
[2.008s] [  1%] Built target xv_ros2_msgs__cpp
[2.016s] [  2%] [34m[1mGenerating C++ introspection for ROS interfaces[0m
[2.016s] [  2%] [34m[1mGenerating C++ type support dispatch for ROS interfaces[0m
[2.016s] [  3%] [34m[1mGenerating C++ type support for eProsima Fast-RTPS[0m
[2.174s] [  5%] [32mBuilding C object CMakeFiles/xv_ros2_msgs__rosidl_generator_c.dir/rosidl_generator_c/xv_ros2_msgs/msg/detail/color_depth__functions.c.o[0m
[2.174s] [  6%] [32mBuilding C object CMakeFiles/xv_ros2_msgs__rosidl_generator_c.dir/rosidl_generator_c/xv_ros2_msgs/srv/detail/get_orientation__functions.c.o[0m
[2.174s] [  6%] [32mBuilding C object CMakeFiles/xv_ros2_msgs__rosidl_generator_c.dir/rosidl_generator_c/xv_ros2_msgs/msg/detail/orientation_stamped__functions.c.o[0m
[2.174s] [  6%] [32mBuilding C object CMakeFiles/xv_ros2_msgs__rosidl_generator_c.dir/rosidl_generator_c/xv_ros2_msgs/srv/detail/get_pose__functions.c.o[0m
[2.174s] [  7%] [32mBuilding C object CMakeFiles/xv_ros2_msgs__rosidl_generator_c.dir/rosidl_generator_c/xv_ros2_msgs/srv/detail/get_orientation_at__functions.c.o[0m
[2.251s] [  7%] [32mBuilding C object CMakeFiles/xv_ros2_msgs__rosidl_generator_c.dir/rosidl_generator_c/xv_ros2_msgs/srv/detail/load_map_and_switch_cslam__functions.c.o[0m
[2.252s] [  8%] [32mBuilding C object CMakeFiles/xv_ros2_msgs__rosidl_generator_c.dir/rosidl_generator_c/xv_ros2_msgs/srv/detail/get_pose_at__functions.c.o[0m
[2.255s] [  9%] [32mBuilding C object CMakeFiles/xv_ros2_msgs__rosidl_generator_c.dir/rosidl_generator_c/xv_ros2_msgs/srv/detail/save_map_and_switch_cslam__functions.c.o[0m
[2.260s] [ 10%] [32mBuilding C object CMakeFiles/xv_ros2_msgs__rosidl_generator_c.dir/rosidl_generator_c/xv_ros2_msgs/srv/detail/controller_start__functions.c.o[0m
[2.262s] [ 11%] [32mBuilding C object CMakeFiles/xv_ros2_msgs__rosidl_generator_c.dir/rosidl_generator_c/xv_ros2_msgs/srv/detail/controller_stop__functions.c.o[0m
[2.332s] [ 12%] [32mBuilding C object CMakeFiles/xv_ros2_msgs__rosidl_generator_c.dir/rosidl_generator_c/xv_ros2_msgs/msg/detail/controller__functions.c.o[0m
[2.339s] [ 12%] [32mBuilding C object CMakeFiles/xv_ros2_msgs__rosidl_generator_c.dir/rosidl_generator_c/xv_ros2_msgs/msg/detail/event_data__functions.c.o[0m
[2.340s] [ 13%] [32mBuilding C object CMakeFiles/xv_ros2_msgs__rosidl_generator_c.dir/rosidl_generator_c/xv_ros2_msgs/msg/detail/button_msg__functions.c.o[0m
[2.395s] [ 14%] [32m[1mLinking C shared library libxv_ros2_msgs__rosidl_generator_c.so[0m
[2.430s] [ 14%] Built target xv_ros2_msgs__rosidl_generator_c
[2.441s] [ 15%] [34m[1mGenerating C type support for eProsima Fast-RTPS[0m
[2.443s] [ 16%] [34m[1mGenerating C type support dispatch for ROS interfaces[0m
[2.443s] [ 17%] [34m[1mGenerating C introspection for ROS interfaces[0m
[3.011s] [ 18%] [32mBuilding CXX object CMakeFiles/xv_ros2_msgs__rosidl_typesupport_introspection_cpp.dir/rosidl_typesupport_introspection_cpp/xv_ros2_msgs/msg/detail/orientation_stamped__type_support.cpp.o[0m
[3.014s] [ 19%] [32mBuilding CXX object CMakeFiles/xv_ros2_msgs__rosidl_typesupport_introspection_cpp.dir/rosidl_typesupport_introspection_cpp/xv_ros2_msgs/msg/detail/color_depth__type_support.cpp.o[0m
[3.019s] [ 20%] [32mBuilding CXX object CMakeFiles/xv_ros2_msgs__rosidl_typesupport_introspection_cpp.dir/rosidl_typesupport_introspection_cpp/xv_ros2_msgs/srv/detail/get_orientation__type_support.cpp.o[0m
[3.215s] [ 21%] [32mBuilding CXX object CMakeFiles/xv_ros2_msgs__rosidl_typesupport_cpp.dir/rosidl_typesupport_cpp/xv_ros2_msgs/msg/orientation_stamped__type_support.cpp.o[0m
[3.280s] [ 21%] [32mBuilding CXX object CMakeFiles/xv_ros2_msgs__rosidl_typesupport_c.dir/rosidl_typesupport_c/xv_ros2_msgs/msg/orientation_stamped__type_support.cpp.o[0m
[3.325s] [ 22%] [32mBuilding CXX object CMakeFiles/xv_ros2_msgs__rosidl_typesupport_c.dir/rosidl_typesupport_c/xv_ros2_msgs/msg/color_depth__type_support.cpp.o[0m
[3.372s] [ 23%] [32mBuilding CXX object CMakeFiles/xv_ros2_msgs__rosidl_typesupport_c.dir/rosidl_typesupport_c/xv_ros2_msgs/srv/get_orientation__type_support.cpp.o[0m
[3.417s] [ 24%] [32mBuilding CXX object CMakeFiles/xv_ros2_msgs__rosidl_typesupport_c.dir/rosidl_typesupport_c/xv_ros2_msgs/srv/get_orientation_at__type_support.cpp.o[0m
[3.466s] [ 25%] [32mBuilding CXX object CMakeFiles/xv_ros2_msgs__rosidl_typesupport_c.dir/rosidl_typesupport_c/xv_ros2_msgs/srv/get_pose__type_support.cpp.o[0m
[3.511s] [ 25%] [32mBuilding CXX object CMakeFiles/xv_ros2_msgs__rosidl_typesupport_c.dir/rosidl_typesupport_c/xv_ros2_msgs/srv/get_pose_at__type_support.cpp.o[0m
[3.560s] [ 26%] [32mBuilding CXX object CMakeFiles/xv_ros2_msgs__rosidl_typesupport_c.dir/rosidl_typesupport_c/xv_ros2_msgs/srv/load_map_and_switch_cslam__type_support.cpp.o[0m
[3.561s] [ 27%] [32mBuilding CXX object CMakeFiles/xv_ros2_msgs__rosidl_typesupport_c.dir/rosidl_typesupport_c/xv_ros2_msgs/srv/save_map_and_switch_cslam__type_support.cpp.o[0m
[3.569s] [ 28%] [32mBuilding CXX object CMakeFiles/xv_ros2_msgs__rosidl_typesupport_c.dir/rosidl_typesupport_c/xv_ros2_msgs/srv/controller_start__type_support.cpp.o[0m
[3.604s] [ 29%] [32mBuilding CXX object CMakeFiles/xv_ros2_msgs__rosidl_typesupport_cpp.dir/rosidl_typesupport_cpp/xv_ros2_msgs/msg/color_depth__type_support.cpp.o[0m
[3.606s] [ 29%] [32mBuilding CXX object CMakeFiles/xv_ros2_msgs__rosidl_typesupport_cpp.dir/rosidl_typesupport_cpp/xv_ros2_msgs/srv/get_orientation__type_support.cpp.o[0m
[3.610s] [ 30%] [32mBuilding CXX object CMakeFiles/xv_ros2_msgs__rosidl_typesupport_introspection_cpp.dir/rosidl_typesupport_introspection_cpp/xv_ros2_msgs/srv/detail/get_orientation_at__type_support.cpp.o[0m
[3.613s] [ 31%] [32mBuilding CXX object CMakeFiles/xv_ros2_msgs__rosidl_typesupport_c.dir/rosidl_typesupport_c/xv_ros2_msgs/srv/controller_stop__type_support.cpp.o[0m
[3.633s] [ 31%] [32mBuilding CXX object CMakeFiles/xv_ros2_msgs__rosidl_typesupport_introspection_cpp.dir/rosidl_typesupport_introspection_cpp/xv_ros2_msgs/srv/detail/get_pose__type_support.cpp.o[0m
[3.662s] [ 31%] [32mBuilding CXX object CMakeFiles/xv_ros2_msgs__rosidl_typesupport_c.dir/rosidl_typesupport_c/xv_ros2_msgs/msg/controller__type_support.cpp.o[0m
[3.703s] [ 32%] [32mBuilding CXX object CMakeFiles/xv_ros2_msgs__rosidl_typesupport_c.dir/rosidl_typesupport_c/xv_ros2_msgs/msg/event_data__type_support.cpp.o[0m
[3.747s] [ 33%] [32mBuilding CXX object CMakeFiles/xv_ros2_msgs__rosidl_typesupport_c.dir/rosidl_typesupport_c/xv_ros2_msgs/msg/button_msg__type_support.cpp.o[0m
[3.792s] [ 34%] [32m[1mLinking CXX shared library libxv_ros2_msgs__rosidl_typesupport_c.so[0m
[3.857s] [ 34%] Built target xv_ros2_msgs__rosidl_typesupport_c
[3.864s] [ 35%] [32mBuilding CXX object CMakeFiles/xv_ros2_msgs__rosidl_typesupport_cpp.dir/rosidl_typesupport_cpp/xv_ros2_msgs/srv/get_orientation_at__type_support.cpp.o[0m
[3.941s] [ 36%] [32mBuilding CXX object CMakeFiles/xv_ros2_msgs__rosidl_typesupport_fastrtps_cpp.dir/rosidl_typesupport_fastrtps_cpp/xv_ros2_msgs/msg/detail/dds_fastrtps/orientation_stamped__type_support.cpp.o[0m
[3.969s] [ 37%] [32mBuilding CXX object CMakeFiles/xv_ros2_msgs__rosidl_typesupport_introspection_cpp.dir/rosidl_typesupport_introspection_cpp/xv_ros2_msgs/srv/detail/get_pose_at__type_support.cpp.o[0m
[3.996s] [ 38%] [32mBuilding CXX object CMakeFiles/xv_ros2_msgs__rosidl_typesupport_introspection_cpp.dir/rosidl_typesupport_introspection_cpp/xv_ros2_msgs/srv/detail/load_map_and_switch_cslam__type_support.cpp.o[0m
[4.201s] [ 39%] [32mBuilding CXX object CMakeFiles/xv_ros2_msgs__rosidl_typesupport_fastrtps_cpp.dir/rosidl_typesupport_fastrtps_cpp/xv_ros2_msgs/msg/detail/dds_fastrtps/color_depth__type_support.cpp.o[0m
[4.211s] [ 40%] [32mBuilding CXX object CMakeFiles/xv_ros2_msgs__rosidl_typesupport_cpp.dir/rosidl_typesupport_cpp/xv_ros2_msgs/srv/get_pose__type_support.cpp.o[0m
[4.248s] [ 41%] [32mBuilding CXX object CMakeFiles/xv_ros2_msgs__rosidl_typesupport_fastrtps_cpp.dir/rosidl_typesupport_fastrtps_cpp/xv_ros2_msgs/srv/detail/dds_fastrtps/get_orientation__type_support.cpp.o[0m
[4.306s] [ 42%] [32mBuilding C object CMakeFiles/xv_ros2_msgs__rosidl_typesupport_introspection_c.dir/rosidl_typesupport_introspection_c/xv_ros2_msgs/msg/detail/orientation_stamped__type_support.c.o[0m
[4.362s] [ 43%] [32mBuilding C object CMakeFiles/xv_ros2_msgs__rosidl_typesupport_introspection_c.dir/rosidl_typesupport_introspection_c/xv_ros2_msgs/msg/detail/color_depth__type_support.c.o[0m
[4.385s] [ 44%] [32mBuilding CXX object CMakeFiles/xv_ros2_msgs__rosidl_typesupport_fastrtps_c.dir/rosidl_typesupport_fastrtps_c/xv_ros2_msgs/msg/detail/orientation_stamped__type_support_c.cpp.o[0m
[4.418s] [ 44%] [32mBuilding C object CMakeFiles/xv_ros2_msgs__rosidl_typesupport_introspection_c.dir/rosidl_typesupport_introspection_c/xv_ros2_msgs/srv/detail/get_orientation__type_support.c.o[0m
[4.472s] [ 45%] [32mBuilding C object CMakeFiles/xv_ros2_msgs__rosidl_typesupport_introspection_c.dir/rosidl_typesupport_introspection_c/xv_ros2_msgs/srv/detail/get_orientation_at__type_support.c.o[0m
[4.505s] [ 46%] [32mBuilding C object CMakeFiles/xv_ros2_msgs__rosidl_typesupport_introspection_c.dir/rosidl_typesupport_introspection_c/xv_ros2_msgs/srv/detail/get_pose__type_support.c.o[0m
[4.524s] [ 47%] [32mBuilding CXX object CMakeFiles/xv_ros2_msgs__rosidl_typesupport_cpp.dir/rosidl_typesupport_cpp/xv_ros2_msgs/srv/get_pose_at__type_support.cpp.o[0m
[4.526s] [ 47%] [32mBuilding CXX object CMakeFiles/xv_ros2_msgs__rosidl_typesupport_fastrtps_c.dir/rosidl_typesupport_fastrtps_c/xv_ros2_msgs/msg/detail/color_depth__type_support_c.cpp.o[0m
[4.528s] [ 48%] [32mBuilding CXX object CMakeFiles/xv_ros2_msgs__rosidl_typesupport_introspection_cpp.dir/rosidl_typesupport_introspection_cpp/xv_ros2_msgs/srv/detail/save_map_and_switch_cslam__type_support.cpp.o[0m
[4.564s] [ 49%] [32mBuilding C object CMakeFiles/xv_ros2_msgs__rosidl_typesupport_introspection_c.dir/rosidl_typesupport_introspection_c/xv_ros2_msgs/srv/detail/get_pose_at__type_support.c.o[0m
[4.588s] [ 50%] [32mBuilding CXX object CMakeFiles/xv_ros2_msgs__rosidl_typesupport_fastrtps_c.dir/rosidl_typesupport_fastrtps_c/xv_ros2_msgs/srv/detail/get_orientation__type_support_c.cpp.o[0m
[4.620s] [ 51%] [32mBuilding C object CMakeFiles/xv_ros2_msgs__rosidl_typesupport_introspection_c.dir/rosidl_typesupport_introspection_c/xv_ros2_msgs/srv/detail/load_map_and_switch_cslam__type_support.c.o[0m
[4.674s] [ 51%] [32mBuilding C object CMakeFiles/xv_ros2_msgs__rosidl_typesupport_introspection_c.dir/rosidl_typesupport_introspection_c/xv_ros2_msgs/srv/detail/save_map_and_switch_cslam__type_support.c.o[0m
[4.745s] [ 52%] [32mBuilding C object CMakeFiles/xv_ros2_msgs__rosidl_typesupport_introspection_c.dir/rosidl_typesupport_introspection_c/xv_ros2_msgs/srv/detail/controller_start__type_support.c.o[0m
[4.796s] [ 53%] [32mBuilding C object CMakeFiles/xv_ros2_msgs__rosidl_typesupport_introspection_c.dir/rosidl_typesupport_introspection_c/xv_ros2_msgs/srv/detail/controller_stop__type_support.c.o[0m
[4.831s] [ 54%] [32mBuilding C object CMakeFiles/xv_ros2_msgs__rosidl_typesupport_introspection_c.dir/rosidl_typesupport_introspection_c/xv_ros2_msgs/msg/detail/controller__type_support.c.o[0m
[4.851s] [ 55%] [32mBuilding CXX object CMakeFiles/xv_ros2_msgs__rosidl_typesupport_introspection_cpp.dir/rosidl_typesupport_introspection_cpp/xv_ros2_msgs/srv/detail/controller_start__type_support.cpp.o[0m
[4.878s] [ 56%] [32mBuilding C object CMakeFiles/xv_ros2_msgs__rosidl_typesupport_introspection_c.dir/rosidl_typesupport_introspection_c/xv_ros2_msgs/msg/detail/event_data__type_support.c.o[0m
[4.888s] [ 56%] [32mBuilding CXX object CMakeFiles/xv_ros2_msgs__rosidl_typesupport_fastrtps_cpp.dir/rosidl_typesupport_fastrtps_cpp/xv_ros2_msgs/srv/detail/dds_fastrtps/get_orientation_at__type_support.cpp.o[0m
[4.890s] [ 57%] [32mBuilding CXX object CMakeFiles/xv_ros2_msgs__rosidl_typesupport_cpp.dir/rosidl_typesupport_cpp/xv_ros2_msgs/srv/load_map_and_switch_cslam__type_support.cpp.o[0m
[4.915s] [ 58%] [32mBuilding CXX object CMakeFiles/xv_ros2_msgs__rosidl_typesupport_fastrtps_c.dir/rosidl_typesupport_fastrtps_c/xv_ros2_msgs/srv/detail/get_orientation_at__type_support_c.cpp.o[0m
[4.934s] [ 58%] [32mBuilding C object CMakeFiles/xv_ros2_msgs__rosidl_typesupport_introspection_c.dir/rosidl_typesupport_introspection_c/xv_ros2_msgs/msg/detail/button_msg__type_support.c.o[0m
[4.987s] [ 59%] [32m[1mLinking C shared library libxv_ros2_msgs__rosidl_typesupport_introspection_c.so[0m
[5.009s] [ 59%] [32mBuilding CXX object CMakeFiles/xv_ros2_msgs__rosidl_typesupport_cpp.dir/rosidl_typesupport_cpp/xv_ros2_msgs/srv/save_map_and_switch_cslam__type_support.cpp.o[0m
[5.029s] [ 59%] Built target xv_ros2_msgs__rosidl_typesupport_introspection_c
[5.041s] [ 59%] [32mBuilding CXX object CMakeFiles/xv_ros2_msgs__rosidl_typesupport_introspection_cpp.dir/rosidl_typesupport_introspection_cpp/xv_ros2_msgs/srv/detail/controller_stop__type_support.cpp.o[0m
[5.071s] [ 60%] [32mBuilding CXX object CMakeFiles/xv_ros2_msgs__rosidl_typesupport_fastrtps_cpp.dir/rosidl_typesupport_fastrtps_cpp/xv_ros2_msgs/srv/detail/dds_fastrtps/get_pose__type_support.cpp.o[0m
[5.097s] [ 61%] [32mBuilding CXX object CMakeFiles/xv_ros2_msgs__rosidl_typesupport_introspection_cpp.dir/rosidl_typesupport_introspection_cpp/xv_ros2_msgs/msg/detail/controller__type_support.cpp.o[0m
[5.308s] [ 62%] [32mBuilding CXX object CMakeFiles/xv_ros2_msgs__rosidl_typesupport_fastrtps_c.dir/rosidl_typesupport_fastrtps_c/xv_ros2_msgs/srv/detail/get_pose__type_support_c.cpp.o[0m
[5.391s] [ 63%] [32mBuilding CXX object CMakeFiles/xv_ros2_msgs__rosidl_typesupport_fastrtps_cpp.dir/rosidl_typesupport_fastrtps_cpp/xv_ros2_msgs/srv/detail/dds_fastrtps/get_pose_at__type_support.cpp.o[0m
[5.397s] [ 64%] [32mBuilding CXX object CMakeFiles/xv_ros2_msgs__rosidl_typesupport_cpp.dir/rosidl_typesupport_cpp/xv_ros2_msgs/srv/controller_start__type_support.cpp.o[0m
[5.417s] [ 65%] [32mBuilding CXX object CMakeFiles/xv_ros2_msgs__rosidl_typesupport_fastrtps_cpp.dir/rosidl_typesupport_fastrtps_cpp/xv_ros2_msgs/srv/detail/dds_fastrtps/load_map_and_switch_cslam__type_support.cpp.o[0m
[5.468s] [ 66%] [32mBuilding CXX object CMakeFiles/xv_ros2_msgs__rosidl_typesupport_introspection_cpp.dir/rosidl_typesupport_introspection_cpp/xv_ros2_msgs/msg/detail/event_data__type_support.cpp.o[0m
[5.587s] [ 67%] [32mBuilding CXX object CMakeFiles/xv_ros2_msgs__rosidl_typesupport_cpp.dir/rosidl_typesupport_cpp/xv_ros2_msgs/srv/controller_stop__type_support.cpp.o[0m
[5.641s] [ 68%] [32mBuilding CXX object CMakeFiles/xv_ros2_msgs__rosidl_typesupport_cpp.dir/rosidl_typesupport_cpp/xv_ros2_msgs/msg/controller__type_support.cpp.o[0m
[5.662s] [ 69%] [32mBuilding CXX object CMakeFiles/xv_ros2_msgs__rosidl_typesupport_introspection_cpp.dir/rosidl_typesupport_introspection_cpp/xv_ros2_msgs/msg/detail/button_msg__type_support.cpp.o[0m
[5.782s] [ 70%] [32mBuilding CXX object CMakeFiles/xv_ros2_msgs__rosidl_typesupport_fastrtps_cpp.dir/rosidl_typesupport_fastrtps_cpp/xv_ros2_msgs/srv/detail/dds_fastrtps/save_map_and_switch_cslam__type_support.cpp.o[0m
[5.830s] [ 71%] [32mBuilding CXX object CMakeFiles/xv_ros2_msgs__rosidl_typesupport_fastrtps_c.dir/rosidl_typesupport_fastrtps_c/xv_ros2_msgs/srv/detail/get_pose_at__type_support_c.cpp.o[0m
[5.966s] [ 71%] [32mBuilding CXX object CMakeFiles/xv_ros2_msgs__rosidl_typesupport_fastrtps_cpp.dir/rosidl_typesupport_fastrtps_cpp/xv_ros2_msgs/srv/detail/dds_fastrtps/controller_start__type_support.cpp.o[0m
[5.972s] [ 72%] [32mBuilding CXX object CMakeFiles/xv_ros2_msgs__rosidl_typesupport_cpp.dir/rosidl_typesupport_cpp/xv_ros2_msgs/msg/event_data__type_support.cpp.o[0m
[6.000s] [ 73%] [32mBuilding CXX object CMakeFiles/xv_ros2_msgs__rosidl_typesupport_fastrtps_cpp.dir/rosidl_typesupport_fastrtps_cpp/xv_ros2_msgs/srv/detail/dds_fastrtps/controller_stop__type_support.cpp.o[0m
[6.011s] [ 73%] [32mBuilding CXX object CMakeFiles/xv_ros2_msgs__rosidl_typesupport_fastrtps_c.dir/rosidl_typesupport_fastrtps_c/xv_ros2_msgs/srv/detail/load_map_and_switch_cslam__type_support_c.cpp.o[0m
[6.036s] [ 74%] [32mBuilding CXX object CMakeFiles/xv_ros2_msgs__rosidl_typesupport_fastrtps_c.dir/rosidl_typesupport_fastrtps_c/xv_ros2_msgs/srv/detail/save_map_and_switch_cslam__type_support_c.cpp.o[0m
[6.200s] [ 75%] [32m[1mLinking CXX shared library libxv_ros2_msgs__rosidl_typesupport_introspection_cpp.so[0m
[6.318s] [ 75%] Built target xv_ros2_msgs__rosidl_typesupport_introspection_cpp
[6.332s] [ 75%] [32mBuilding CXX object CMakeFiles/xv_ros2_msgs__rosidl_typesupport_cpp.dir/rosidl_typesupport_cpp/xv_ros2_msgs/msg/button_msg__type_support.cpp.o[0m
[6.348s] [ 76%] [32mBuilding CXX object CMakeFiles/xv_ros2_msgs__rosidl_typesupport_fastrtps_cpp.dir/rosidl_typesupport_fastrtps_cpp/xv_ros2_msgs/msg/detail/dds_fastrtps/controller__type_support.cpp.o[0m
[6.369s] [ 77%] [32mBuilding CXX object CMakeFiles/xv_ros2_msgs__rosidl_typesupport_fastrtps_c.dir/rosidl_typesupport_fastrtps_c/xv_ros2_msgs/srv/detail/controller_start__type_support_c.cpp.o[0m
[6.381s] [ 78%] [32mBuilding CXX object CMakeFiles/xv_ros2_msgs__rosidl_typesupport_fastrtps_c.dir/rosidl_typesupport_fastrtps_c/xv_ros2_msgs/srv/detail/controller_stop__type_support_c.cpp.o[0m
[6.525s] [ 79%] [32mBuilding CXX object CMakeFiles/xv_ros2_msgs__rosidl_typesupport_fastrtps_cpp.dir/rosidl_typesupport_fastrtps_cpp/xv_ros2_msgs/msg/detail/dds_fastrtps/event_data__type_support.cpp.o[0m
[6.550s] [ 80%] [32mBuilding CXX object CMakeFiles/xv_ros2_msgs__rosidl_typesupport_fastrtps_cpp.dir/rosidl_typesupport_fastrtps_cpp/xv_ros2_msgs/msg/detail/dds_fastrtps/button_msg__type_support.cpp.o[0m
[6.567s] [ 81%] [32mBuilding CXX object CMakeFiles/xv_ros2_msgs__rosidl_typesupport_fastrtps_c.dir/rosidl_typesupport_fastrtps_c/xv_ros2_msgs/msg/detail/controller__type_support_c.cpp.o[0m
[6.591s] [ 81%] [32mBuilding CXX object CMakeFiles/xv_ros2_msgs__rosidl_typesupport_fastrtps_c.dir/rosidl_typesupport_fastrtps_c/xv_ros2_msgs/msg/detail/event_data__type_support_c.cpp.o[0m
[6.715s] [ 82%] [32m[1mLinking CXX shared library libxv_ros2_msgs__rosidl_typesupport_cpp.so[0m
[6.778s] [ 82%] Built target xv_ros2_msgs__rosidl_typesupport_cpp
[6.790s] [ 83%] [32mBuilding CXX object CMakeFiles/xv_ros2_msgs__rosidl_typesupport_fastrtps_c.dir/rosidl_typesupport_fastrtps_c/xv_ros2_msgs/msg/detail/button_msg__type_support_c.cpp.o[0m
[7.038s] [ 83%] [32m[1mLinking CXX shared library libxv_ros2_msgs__rosidl_typesupport_fastrtps_cpp.so[0m
[7.095s] [ 83%] Built target xv_ros2_msgs__rosidl_typesupport_fastrtps_cpp
[7.110s] [ 84%] [32m[1mLinking CXX shared library libxv_ros2_msgs__rosidl_typesupport_fastrtps_c.so[0m
[7.162s] [ 84%] Built target xv_ros2_msgs__rosidl_typesupport_fastrtps_c
[7.174s] [ 84%] Built target xv_ros2_msgs
[7.187s] [ 85%] [34m[1mGenerating Python code for ROS interfaces[0m
[8.807s] [ 85%] Built target xv_ros2_msgs__py
[8.825s] [ 87%] [32mBuilding C object CMakeFiles/xv_ros2_msgs__rosidl_generator_py.dir/rosidl_generator_py/xv_ros2_msgs/srv/_get_orientation_s.c.o[0m
[8.825s] [ 87%] [32mBuilding C object CMakeFiles/xv_ros2_msgs__rosidl_generator_py.dir/rosidl_generator_py/xv_ros2_msgs/msg/_orientation_stamped_s.c.o[0m
[8.825s] [ 88%] [32mBuilding C object CMakeFiles/xv_ros2_msgs__rosidl_generator_py.dir/rosidl_generator_py/xv_ros2_msgs/srv/_get_pose_s.c.o[0m
[8.825s] [ 87%] [32mBuilding C object CMakeFiles/xv_ros2_msgs__rosidl_generator_py.dir/rosidl_generator_py/xv_ros2_msgs/msg/_color_depth_s.c.o[0m
[8.825s] [ 90%] [32mBuilding C object CMakeFiles/xv_ros2_msgs__rosidl_generator_py.dir/rosidl_generator_py/xv_ros2_msgs/srv/_get_orientation_at_s.c.o[0m
[8.825s] [ 90%] [32mBuilding C object CMakeFiles/xv_ros2_msgs__rosidl_generator_py.dir/rosidl_generator_py/xv_ros2_msgs/srv/_get_pose_at_s.c.o[0m
[8.825s] [ 90%] [32mBuilding C object CMakeFiles/xv_ros2_msgs__rosidl_generator_py.dir/rosidl_generator_py/xv_ros2_msgs/srv/_load_map_and_switch_cslam_s.c.o[0m
[8.825s] [ 91%] [32mBuilding C object CMakeFiles/xv_ros2_msgs__rosidl_generator_py.dir/rosidl_generator_py/xv_ros2_msgs/srv/_save_map_and_switch_cslam_s.c.o[0m
[8.982s] [ 92%] [32mBuilding C object CMakeFiles/xv_ros2_msgs__rosidl_generator_py.dir/rosidl_generator_py/xv_ros2_msgs/srv/_controller_stop_s.c.o[0m
[8.982s] [ 92%] [32mBuilding C object CMakeFiles/xv_ros2_msgs__rosidl_generator_py.dir/rosidl_generator_py/xv_ros2_msgs/msg/_event_data_s.c.o[0m
[8.982s] [ 93%] [32mBuilding C object CMakeFiles/xv_ros2_msgs__rosidl_generator_py.dir/rosidl_generator_py/xv_ros2_msgs/srv/_controller_start_s.c.o[0m
[8.982s] [ 94%] [32mBuilding C object CMakeFiles/xv_ros2_msgs__rosidl_generator_py.dir/rosidl_generator_py/xv_ros2_msgs/msg/_controller_s.c.o[0m
[8.985s] [ 95%] [32mBuilding C object CMakeFiles/xv_ros2_msgs__rosidl_generator_py.dir/rosidl_generator_py/xv_ros2_msgs/msg/_button_msg_s.c.o[0m
[9.103s] [ 96%] [32m[1mLinking C shared library rosidl_generator_py/xv_ros2_msgs/libxv_ros2_msgs__rosidl_generator_py.so[0m
[9.138s] [ 96%] Built target xv_ros2_msgs__rosidl_generator_py
[9.151s] [ 99%] [32mBuilding C object CMakeFiles/xv_ros2_msgs__rosidl_typesupport_c__pyext.dir/rosidl_generator_py/xv_ros2_msgs/_xv_ros2_msgs_s.ep.rosidl_typesupport_c.c.o[0m
[9.151s] [ 99%] [32mBuilding C object CMakeFiles/xv_ros2_msgs__rosidl_typesupport_introspection_c__pyext.dir/rosidl_generator_py/xv_ros2_msgs/_xv_ros2_msgs_s.ep.rosidl_typesupport_introspection_c.c.o[0m
[9.152s] [ 99%] [32mBuilding C object CMakeFiles/xv_ros2_msgs__rosidl_typesupport_fastrtps_c__pyext.dir/rosidl_generator_py/xv_ros2_msgs/_xv_ros2_msgs_s.ep.rosidl_typesupport_fastrtps_c.c.o[0m
[9.288s] [100%] [32m[1mLinking C shared library rosidl_generator_py/xv_ros2_msgs/xv_ros2_msgs_s__rosidl_typesupport_fastrtps_c.cpython-310-x86_64-linux-gnu.so[0m
[9.288s] [100%] [32m[1mLinking C shared library rosidl_generator_py/xv_ros2_msgs/xv_ros2_msgs_s__rosidl_typesupport_c.cpython-310-x86_64-linux-gnu.so[0m
[9.288s] [100%] [32m[1mLinking C shared library rosidl_generator_py/xv_ros2_msgs/xv_ros2_msgs_s__rosidl_typesupport_introspection_c.cpython-310-x86_64-linux-gnu.so[0m
[9.319s] [100%] Built target xv_ros2_msgs__rosidl_typesupport_c__pyext
[9.319s] [100%] Built target xv_ros2_msgs__rosidl_typesupport_introspection_c__pyext
[9.319s] [100%] Built target xv_ros2_msgs__rosidl_typesupport_fastrtps_c__pyext
[9.327s] Invoked command in '/workspaces/xvisio-cam/xvsdk-ros2/build/xv_ros2_msgs' returned '0': CMAKE_PREFIX_PATH=${CMAKE_PREFIX_PATH}:/opt/ros/humble /usr/bin/cmake --build /workspaces/xvisio-cam/xvsdk-ros2/build/xv_ros2_msgs -- -j8 -l8
[9.518s] Invoking command in '/workspaces/xvisio-cam/xvsdk-ros2/build/xv_ros2_msgs': CMAKE_PREFIX_PATH=${CMAKE_PREFIX_PATH}:/opt/ros/humble /usr/bin/cmake --install /workspaces/xvisio-cam/xvsdk-ros2/build/xv_ros2_msgs
[9.522s] -- Install configuration: ""
[9.522s] -- Installing: /workspaces/xvisio-cam/xvsdk-ros2/install/xv_ros2_msgs/share/ament_index/resource_index/rosidl_interfaces/xv_ros2_msgs
[9.522s] -- Installing: /workspaces/xvisio-cam/xvsdk-ros2/install/xv_ros2_msgs/include/xv_ros2_msgs/xv_ros2_msgs
[9.522s] -- Installing: /workspaces/xvisio-cam/xvsdk-ros2/install/xv_ros2_msgs/include/xv_ros2_msgs/xv_ros2_msgs/srv
[9.523s] -- Installing: /workspaces/xvisio-cam/xvsdk-ros2/install/xv_ros2_msgs/include/xv_ros2_msgs/xv_ros2_msgs/srv/get_orientation_at.h
[9.523s] -- Installing: /workspaces/xvisio-cam/xvsdk-ros2/install/xv_ros2_msgs/include/xv_ros2_msgs/xv_ros2_msgs/srv/controller_start.h
[9.523s] -- Installing: /workspaces/xvisio-cam/xvsdk-ros2/install/xv_ros2_msgs/include/xv_ros2_msgs/xv_ros2_msgs/srv/load_map_and_switch_cslam.h
[9.523s] -- Installing: /workspaces/xvisio-cam/xvsdk-ros2/install/xv_ros2_msgs/include/xv_ros2_msgs/xv_ros2_msgs/srv/save_map_and_switch_cslam.h
[9.523s] -- Installing: /workspaces/xvisio-cam/xvsdk-ros2/install/xv_ros2_msgs/include/xv_ros2_msgs/xv_ros2_msgs/srv/controller_stop.h
[9.523s] -- Installing: /workspaces/xvisio-cam/xvsdk-ros2/install/xv_ros2_msgs/include/xv_ros2_msgs/xv_ros2_msgs/srv/detail
[9.523s] -- Installing: /workspaces/xvisio-cam/xvsdk-ros2/install/xv_ros2_msgs/include/xv_ros2_msgs/xv_ros2_msgs/srv/detail/save_map_and_switch_cslam__functions.h
[9.523s] -- Installing: /workspaces/xvisio-cam/xvsdk-ros2/install/xv_ros2_msgs/include/xv_ros2_msgs/xv_ros2_msgs/srv/detail/get_pose__type_support.h
[9.523s] -- Installing: /workspaces/xvisio-cam/xvsdk-ros2/install/xv_ros2_msgs/include/xv_ros2_msgs/xv_ros2_msgs/srv/detail/controller_stop__struct.h
[9.523s] -- Installing: /workspaces/xvisio-cam/xvsdk-ros2/install/xv_ros2_msgs/include/xv_ros2_msgs/xv_ros2_msgs/srv/detail/get_orientation_at__functions.c
[9.523s] -- Installing: /workspaces/xvisio-cam/xvsdk-ros2/install/xv_ros2_msgs/include/xv_ros2_msgs/xv_ros2_msgs/srv/detail/controller_stop__functions.h
[9.523s] -- Installing: /workspaces/xvisio-cam/xvsdk-ros2/install/xv_ros2_msgs/include/xv_ros2_msgs/xv_ros2_msgs/srv/detail/get_pose_at__struct.h
[9.523s] -- Installing: /workspaces/xvisio-cam/xvsdk-ros2/install/xv_ros2_msgs/include/xv_ros2_msgs/xv_ros2_msgs/srv/detail/controller_stop__functions.c
[9.523s] -- Installing: /workspaces/xvisio-cam/xvsdk-ros2/install/xv_ros2_msgs/include/xv_ros2_msgs/xv_ros2_msgs/srv/detail/get_orientation__functions.h
[9.523s] -- Installing: /workspaces/xvisio-cam/xvsdk-ros2/install/xv_ros2_msgs/include/xv_ros2_msgs/xv_ros2_msgs/srv/detail/controller_start__functions.h
[9.523s] -- Installing: /workspaces/xvisio-cam/xvsdk-ros2/install/xv_ros2_msgs/include/xv_ros2_msgs/xv_ros2_msgs/srv/detail/save_map_and_switch_cslam__type_support.h
[9.523s] -- Installing: /workspaces/xvisio-cam/xvsdk-ros2/install/xv_ros2_msgs/include/xv_ros2_msgs/xv_ros2_msgs/srv/detail/save_map_and_switch_cslam__struct.h
[9.523s] -- Installing: /workspaces/xvisio-cam/xvsdk-ros2/install/xv_ros2_msgs/include/xv_ros2_msgs/xv_ros2_msgs/srv/detail/load_map_and_switch_cslam__type_support.h
[9.523s] -- Installing: /workspaces/xvisio-cam/xvsdk-ros2/install/xv_ros2_msgs/include/xv_ros2_msgs/xv_ros2_msgs/srv/detail/get_orientation_at__type_support.h
[9.523s] -- Installing: /workspaces/xvisio-cam/xvsdk-ros2/install/xv_ros2_msgs/include/xv_ros2_msgs/xv_ros2_msgs/srv/detail/controller_start__struct.h
[9.523s] -- Installing: /workspaces/xvisio-cam/xvsdk-ros2/install/xv_ros2_msgs/include/xv_ros2_msgs/xv_ros2_msgs/srv/detail/load_map_and_switch_cslam__functions.h
[9.524s] -- Installing: /workspaces/xvisio-cam/xvsdk-ros2/install/xv_ros2_msgs/include/xv_ros2_msgs/xv_ros2_msgs/srv/detail/get_pose_at__functions.c
[9.524s] -- Installing: /workspaces/xvisio-cam/xvsdk-ros2/install/xv_ros2_msgs/include/xv_ros2_msgs/xv_ros2_msgs/srv/detail/get_pose_at__type_support.h
[9.524s] -- Installing: /workspaces/xvisio-cam/xvsdk-ros2/install/xv_ros2_msgs/include/xv_ros2_msgs/xv_ros2_msgs/srv/detail/get_orientation__functions.c
[9.524s] -- Installing: /workspaces/xvisio-cam/xvsdk-ros2/install/xv_ros2_msgs/include/xv_ros2_msgs/xv_ros2_msgs/srv/detail/get_orientation__type_support.h
[9.524s] -- Installing: /workspaces/xvisio-cam/xvsdk-ros2/install/xv_ros2_msgs/include/xv_ros2_msgs/xv_ros2_msgs/srv/detail/get_pose_at__functions.h
[9.524s] -- Installing: /workspaces/xvisio-cam/xvsdk-ros2/install/xv_ros2_msgs/include/xv_ros2_msgs/xv_ros2_msgs/srv/detail/controller_start__functions.c
[9.524s] -- Installing: /workspaces/xvisio-cam/xvsdk-ros2/install/xv_ros2_msgs/include/xv_ros2_msgs/xv_ros2_msgs/srv/detail/get_orientation_at__functions.h
[9.524s] -- Installing: /workspaces/xvisio-cam/xvsdk-ros2/install/xv_ros2_msgs/include/xv_ros2_msgs/xv_ros2_msgs/srv/detail/save_map_and_switch_cslam__functions.c
[9.524s] -- Installing: /workspaces/xvisio-cam/xvsdk-ros2/install/xv_ros2_msgs/include/xv_ros2_msgs/xv_ros2_msgs/srv/detail/get_pose__struct.h
[9.524s] -- Installing: /workspaces/xvisio-cam/xvsdk-ros2/install/xv_ros2_msgs/include/xv_ros2_msgs/xv_ros2_msgs/srv/detail/get_orientation_at__struct.h
[9.524s] -- Installing: /workspaces/xvisio-cam/xvsdk-ros2/install/xv_ros2_msgs/include/xv_ros2_msgs/xv_ros2_msgs/srv/detail/load_map_and_switch_cslam__functions.c
[9.524s] -- Installing: /workspaces/xvisio-cam/xvsdk-ros2/install/xv_ros2_msgs/include/xv_ros2_msgs/xv_ros2_msgs/srv/detail/get_pose__functions.h
[9.524s] -- Installing: /workspaces/xvisio-cam/xvsdk-ros2/install/xv_ros2_msgs/include/xv_ros2_msgs/xv_ros2_msgs/srv/detail/get_pose__functions.c
[9.524s] -- Installing: /workspaces/xvisio-cam/xvsdk-ros2/install/xv_ros2_msgs/include/xv_ros2_msgs/xv_ros2_msgs/srv/detail/get_orientation__struct.h
[9.524s] -- Installing: /workspaces/xvisio-cam/xvsdk-ros2/install/xv_ros2_msgs/include/xv_ros2_msgs/xv_ros2_msgs/srv/detail/load_map_and_switch_cslam__struct.h
[9.524s] -- Installing: /workspaces/xvisio-cam/xvsdk-ros2/install/xv_ros2_msgs/include/xv_ros2_msgs/xv_ros2_msgs/srv/detail/controller_stop__type_support.h
[9.524s] -- Installing: /workspaces/xvisio-cam/xvsdk-ros2/install/xv_ros2_msgs/include/xv_ros2_msgs/xv_ros2_msgs/srv/detail/controller_start__type_support.h
[9.524s] -- Installing: /workspaces/xvisio-cam/xvsdk-ros2/install/xv_ros2_msgs/include/xv_ros2_msgs/xv_ros2_msgs/srv/get_orientation.h
[9.524s] -- Installing: /workspaces/xvisio-cam/xvsdk-ros2/install/xv_ros2_msgs/include/xv_ros2_msgs/xv_ros2_msgs/srv/get_pose.h
[9.524s] -- Installing: /workspaces/xvisio-cam/xvsdk-ros2/install/xv_ros2_msgs/include/xv_ros2_msgs/xv_ros2_msgs/srv/get_pose_at.h
[9.525s] -- Installing: /workspaces/xvisio-cam/xvsdk-ros2/install/xv_ros2_msgs/include/xv_ros2_msgs/xv_ros2_msgs/msg
[9.525s] -- Installing: /workspaces/xvisio-cam/xvsdk-ros2/install/xv_ros2_msgs/include/xv_ros2_msgs/xv_ros2_msgs/msg/button_msg.h
[9.525s] -- Installing: /workspaces/xvisio-cam/xvsdk-ros2/install/xv_ros2_msgs/include/xv_ros2_msgs/xv_ros2_msgs/msg/controller.h
[9.525s] -- Installing: /workspaces/xvisio-cam/xvsdk-ros2/install/xv_ros2_msgs/include/xv_ros2_msgs/xv_ros2_msgs/msg/event_data.h
[9.525s] -- Installing: /workspaces/xvisio-cam/xvsdk-ros2/install/xv_ros2_msgs/include/xv_ros2_msgs/xv_ros2_msgs/msg/color_depth.h
[9.525s] -- Installing: /workspaces/xvisio-cam/xvsdk-ros2/install/xv_ros2_msgs/include/xv_ros2_msgs/xv_ros2_msgs/msg/detail
[9.525s] -- Installing: /workspaces/xvisio-cam/xvsdk-ros2/install/xv_ros2_msgs/include/xv_ros2_msgs/xv_ros2_msgs/msg/detail/controller__functions.c
[9.525s] -- Installing: /workspaces/xvisio-cam/xvsdk-ros2/install/xv_ros2_msgs/include/xv_ros2_msgs/xv_ros2_msgs/msg/detail/orientation_stamped__struct.h
[9.525s] -- Installing: /workspaces/xvisio-cam/xvsdk-ros2/install/xv_ros2_msgs/include/xv_ros2_msgs/xv_ros2_msgs/msg/detail/color_depth__functions.c
[9.525s] -- Installing: /workspaces/xvisio-cam/xvsdk-ros2/install/xv_ros2_msgs/include/xv_ros2_msgs/xv_ros2_msgs/msg/detail/color_depth__type_support.h
[9.525s] -- Installing: /workspaces/xvisio-cam/xvsdk-ros2/install/xv_ros2_msgs/include/xv_ros2_msgs/xv_ros2_msgs/msg/detail/event_data__functions.c
[9.525s] -- Installing: /workspaces/xvisio-cam/xvsdk-ros2/install/xv_ros2_msgs/include/xv_ros2_msgs/xv_ros2_msgs/msg/detail/event_data__struct.h
[9.525s] -- Installing: /workspaces/xvisio-cam/xvsdk-ros2/install/xv_ros2_msgs/include/xv_ros2_msgs/xv_ros2_msgs/msg/detail/button_msg__struct.h
[9.525s] -- Installing: /workspaces/xvisio-cam/xvsdk-ros2/install/xv_ros2_msgs/include/xv_ros2_msgs/xv_ros2_msgs/msg/detail/button_msg__type_support.h
[9.525s] -- Installing: /workspaces/xvisio-cam/xvsdk-ros2/install/xv_ros2_msgs/include/xv_ros2_msgs/xv_ros2_msgs/msg/detail/orientation_stamped__functions.c
[9.525s] -- Installing: /workspaces/xvisio-cam/xvsdk-ros2/install/xv_ros2_msgs/include/xv_ros2_msgs/xv_ros2_msgs/msg/detail/event_data__functions.h
[9.525s] -- Installing: /workspaces/xvisio-cam/xvsdk-ros2/install/xv_ros2_msgs/include/xv_ros2_msgs/xv_ros2_msgs/msg/detail/color_depth__struct.h
[9.525s] -- Installing: /workspaces/xvisio-cam/xvsdk-ros2/install/xv_ros2_msgs/include/xv_ros2_msgs/xv_ros2_msgs/msg/detail/button_msg__functions.c
[9.525s] -- Installing: /workspaces/xvisio-cam/xvsdk-ros2/install/xv_ros2_msgs/include/xv_ros2_msgs/xv_ros2_msgs/msg/detail/color_depth__functions.h
[9.525s] -- Installing: /workspaces/xvisio-cam/xvsdk-ros2/install/xv_ros2_msgs/include/xv_ros2_msgs/xv_ros2_msgs/msg/detail/orientation_stamped__functions.h
[9.525s] -- Installing: /workspaces/xvisio-cam/xvsdk-ros2/install/xv_ros2_msgs/include/xv_ros2_msgs/xv_ros2_msgs/msg/detail/event_data__type_support.h
[9.525s] -- Installing: /workspaces/xvisio-cam/xvsdk-ros2/install/xv_ros2_msgs/include/xv_ros2_msgs/xv_ros2_msgs/msg/detail/controller__type_support.h
[9.526s] -- Installing: /workspaces/xvisio-cam/xvsdk-ros2/install/xv_ros2_msgs/include/xv_ros2_msgs/xv_ros2_msgs/msg/detail/button_msg__functions.h
[9.526s] -- Installing: /workspaces/xvisio-cam/xvsdk-ros2/install/xv_ros2_msgs/include/xv_ros2_msgs/xv_ros2_msgs/msg/detail/controller__functions.h
[9.526s] -- Installing: /workspaces/xvisio-cam/xvsdk-ros2/install/xv_ros2_msgs/include/xv_ros2_msgs/xv_ros2_msgs/msg/detail/controller__struct.h
[9.526s] -- Installing: /workspaces/xvisio-cam/xvsdk-ros2/install/xv_ros2_msgs/include/xv_ros2_msgs/xv_ros2_msgs/msg/detail/orientation_stamped__type_support.h
[9.526s] -- Installing: /workspaces/xvisio-cam/xvsdk-ros2/install/xv_ros2_msgs/include/xv_ros2_msgs/xv_ros2_msgs/msg/rosidl_generator_c__visibility_control.h
[9.526s] -- Installing: /workspaces/xvisio-cam/xvsdk-ros2/install/xv_ros2_msgs/include/xv_ros2_msgs/xv_ros2_msgs/msg/orientation_stamped.h
[9.526s] -- Installing: /workspaces/xvisio-cam/xvsdk-ros2/install/xv_ros2_msgs/share/xv_ros2_msgs/environment/library_path.sh
[9.526s] -- Installing: /workspaces/xvisio-cam/xvsdk-ros2/install/xv_ros2_msgs/share/xv_ros2_msgs/environment/library_path.dsv
[9.526s] -- Installing: /workspaces/xvisio-cam/xvsdk-ros2/install/xv_ros2_msgs/lib/libxv_ros2_msgs__rosidl_generator_c.so
[9.526s] -- Set runtime path of "/workspaces/xvisio-cam/xvsdk-ros2/install/xv_ros2_msgs/lib/libxv_ros2_msgs__rosidl_generator_c.so" to ""
[9.526s] -- Up-to-date: /workspaces/xvisio-cam/xvsdk-ros2/install/xv_ros2_msgs/include/xv_ros2_msgs/xv_ros2_msgs
[9.526s] -- Up-to-date: /workspaces/xvisio-cam/xvsdk-ros2/install/xv_ros2_msgs/include/xv_ros2_msgs/xv_ros2_msgs/srv
[9.526s] -- Up-to-date: /workspaces/xvisio-cam/xvsdk-ros2/install/xv_ros2_msgs/include/xv_ros2_msgs/xv_ros2_msgs/srv/detail
[9.527s] -- Installing: /workspaces/xvisio-cam/xvsdk-ros2/install/xv_ros2_msgs/include/xv_ros2_msgs/xv_ros2_msgs/srv/detail/get_orientation__rosidl_typesupport_fastrtps_c.h
[9.527s] -- Installing: /workspaces/xvisio-cam/xvsdk-ros2/install/xv_ros2_msgs/include/xv_ros2_msgs/xv_ros2_msgs/srv/detail/controller_start__rosidl_typesupport_fastrtps_c.h
[9.527s] -- Installing: /workspaces/xvisio-cam/xvsdk-ros2/install/xv_ros2_msgs/include/xv_ros2_msgs/xv_ros2_msgs/srv/detail/controller_stop__rosidl_typesupport_fastrtps_c.h
[9.527s] -- Installing: /workspaces/xvisio-cam/xvsdk-ros2/install/xv_ros2_msgs/include/xv_ros2_msgs/xv_ros2_msgs/srv/detail/get_pose__rosidl_typesupport_fastrtps_c.h
[9.527s] -- Installing: /workspaces/xvisio-cam/xvsdk-ros2/install/xv_ros2_msgs/include/xv_ros2_msgs/xv_ros2_msgs/srv/detail/get_pose_at__rosidl_typesupport_fastrtps_c.h
[9.527s] -- Installing: /workspaces/xvisio-cam/xvsdk-ros2/install/xv_ros2_msgs/include/xv_ros2_msgs/xv_ros2_msgs/srv/detail/get_orientation_at__rosidl_typesupport_fastrtps_c.h
[9.527s] -- Installing: /workspaces/xvisio-cam/xvsdk-ros2/install/xv_ros2_msgs/include/xv_ros2_msgs/xv_ros2_msgs/srv/detail/load_map_and_switch_cslam__rosidl_typesupport_fastrtps_c.h
[9.527s] -- Installing: /workspaces/xvisio-cam/xvsdk-ros2/install/xv_ros2_msgs/include/xv_ros2_msgs/xv_ros2_msgs/srv/detail/save_map_and_switch_cslam__rosidl_typesupport_fastrtps_c.h
[9.527s] -- Up-to-date: /workspaces/xvisio-cam/xvsdk-ros2/install/xv_ros2_msgs/include/xv_ros2_msgs/xv_ros2_msgs/msg
[9.527s] -- Up-to-date: /workspaces/xvisio-cam/xvsdk-ros2/install/xv_ros2_msgs/include/xv_ros2_msgs/xv_ros2_msgs/msg/detail
[9.527s] -- Installing: /workspaces/xvisio-cam/xvsdk-ros2/install/xv_ros2_msgs/include/xv_ros2_msgs/xv_ros2_msgs/msg/detail/color_depth__rosidl_typesupport_fastrtps_c.h
[9.527s] -- Installing: /workspaces/xvisio-cam/xvsdk-ros2/install/xv_ros2_msgs/include/xv_ros2_msgs/xv_ros2_msgs/msg/detail/controller__rosidl_typesupport_fastrtps_c.h
[9.527s] -- Installing: /workspaces/xvisio-cam/xvsdk-ros2/install/xv_ros2_msgs/include/xv_ros2_msgs/xv_ros2_msgs/msg/detail/event_data__rosidl_typesupport_fastrtps_c.h
[9.527s] -- Installing: /workspaces/xvisio-cam/xvsdk-ros2/install/xv_ros2_msgs/include/xv_ros2_msgs/xv_ros2_msgs/msg/detail/button_msg__rosidl_typesupport_fastrtps_c.h
[9.527s] -- Installing: /workspaces/xvisio-cam/xvsdk-ros2/install/xv_ros2_msgs/include/xv_ros2_msgs/xv_ros2_msgs/msg/detail/orientation_stamped__rosidl_typesupport_fastrtps_c.h
[9.527s] -- Installing: /workspaces/xvisio-cam/xvsdk-ros2/install/xv_ros2_msgs/include/xv_ros2_msgs/xv_ros2_msgs/msg/rosidl_typesupport_fastrtps_c__visibility_control.h
[9.527s] -- Installing: /workspaces/xvisio-cam/xvsdk-ros2/install/xv_ros2_msgs/lib/libxv_ros2_msgs__rosidl_typesupport_fastrtps_c.so
[9.527s] -- Set runtime path of "/workspaces/xvisio-cam/xvsdk-ros2/install/xv_ros2_msgs/lib/libxv_ros2_msgs__rosidl_typesupport_fastrtps_c.so" to ""
[9.527s] -- Up-to-date: /workspaces/xvisio-cam/xvsdk-ros2/install/xv_ros2_msgs/include/xv_ros2_msgs/xv_ros2_msgs
[9.527s] -- Up-to-date: /workspaces/xvisio-cam/xvsdk-ros2/install/xv_ros2_msgs/include/xv_ros2_msgs/xv_ros2_msgs/srv
[9.528s] -- Up-to-date: /workspaces/xvisio-cam/xvsdk-ros2/install/xv_ros2_msgs/include/xv_ros2_msgs/xv_ros2_msgs/srv/detail
[9.528s] -- Installing: /workspaces/xvisio-cam/xvsdk-ros2/install/xv_ros2_msgs/include/xv_ros2_msgs/xv_ros2_msgs/srv/detail/get_orientation_at__rosidl_typesupport_introspection_c.h
[9.528s] -- Installing: /workspaces/xvisio-cam/xvsdk-ros2/install/xv_ros2_msgs/include/xv_ros2_msgs/xv_ros2_msgs/srv/detail/get_orientation__type_support.c
[9.528s] -- Installing: /workspaces/xvisio-cam/xvsdk-ros2/install/xv_ros2_msgs/include/xv_ros2_msgs/xv_ros2_msgs/srv/detail/get_pose__rosidl_typesupport_introspection_c.h
[9.528s] -- Installing: /workspaces/xvisio-cam/xvsdk-ros2/install/xv_ros2_msgs/include/xv_ros2_msgs/xv_ros2_msgs/srv/detail/get_orientation__rosidl_typesupport_introspection_c.h
[9.528s] -- Installing: /workspaces/xvisio-cam/xvsdk-ros2/install/xv_ros2_msgs/include/xv_ros2_msgs/xv_ros2_msgs/srv/detail/get_pose_at__rosidl_typesupport_introspection_c.h
[9.528s] -- Installing: /workspaces/xvisio-cam/xvsdk-ros2/install/xv_ros2_msgs/include/xv_ros2_msgs/xv_ros2_msgs/srv/detail/controller_stop__type_support.c
[9.528s] -- Installing: /workspaces/xvisio-cam/xvsdk-ros2/install/xv_ros2_msgs/include/xv_ros2_msgs/xv_ros2_msgs/srv/detail/get_pose_at__type_support.c
[9.528s] -- Installing: /workspaces/xvisio-cam/xvsdk-ros2/install/xv_ros2_msgs/include/xv_ros2_msgs/xv_ros2_msgs/srv/detail/get_pose__type_support.c
[9.528s] -- Installing: /workspaces/xvisio-cam/xvsdk-ros2/install/xv_ros2_msgs/include/xv_ros2_msgs/xv_ros2_msgs/srv/detail/controller_stop__rosidl_typesupport_introspection_c.h
[9.528s] -- Installing: /workspaces/xvisio-cam/xvsdk-ros2/install/xv_ros2_msgs/include/xv_ros2_msgs/xv_ros2_msgs/srv/detail/save_map_and_switch_cslam__rosidl_typesupport_introspection_c.h
[9.528s] -- Installing: /workspaces/xvisio-cam/xvsdk-ros2/install/xv_ros2_msgs/include/xv_ros2_msgs/xv_ros2_msgs/srv/detail/save_map_and_switch_cslam__type_support.c
[9.528s] -- Installing: /workspaces/xvisio-cam/xvsdk-ros2/install/xv_ros2_msgs/include/xv_ros2_msgs/xv_ros2_msgs/srv/detail/controller_start__rosidl_typesupport_introspection_c.h
[9.528s] -- Installing: /workspaces/xvisio-cam/xvsdk-ros2/install/xv_ros2_msgs/include/xv_ros2_msgs/xv_ros2_msgs/srv/detail/controller_start__type_support.c
[9.528s] -- Installing: /workspaces/xvisio-cam/xvsdk-ros2/install/xv_ros2_msgs/include/xv_ros2_msgs/xv_ros2_msgs/srv/detail/get_orientation_at__type_support.c
[9.528s] -- Installing: /workspaces/xvisio-cam/xvsdk-ros2/install/xv_ros2_msgs/include/xv_ros2_msgs/xv_ros2_msgs/srv/detail/load_map_and_switch_cslam__type_support.c
[9.528s] -- Installing: /workspaces/xvisio-cam/xvsdk-ros2/install/xv_ros2_msgs/include/xv_ros2_msgs/xv_ros2_msgs/srv/detail/load_map_and_switch_cslam__rosidl_typesupport_introspection_c.h
[9.528s] -- Up-to-date: /workspaces/xvisio-cam/xvsdk-ros2/install/xv_ros2_msgs/include/xv_ros2_msgs/xv_ros2_msgs/msg
[9.528s] -- Installing: /workspaces/xvisio-cam/xvsdk-ros2/install/xv_ros2_msgs/include/xv_ros2_msgs/xv_ros2_msgs/msg/rosidl_typesupport_introspection_c__visibility_control.h
[9.529s] -- Up-to-date: /workspaces/xvisio-cam/xvsdk-ros2/install/xv_ros2_msgs/include/xv_ros2_msgs/xv_ros2_msgs/msg/detail
[9.529s] -- Installing: /workspaces/xvisio-cam/xvsdk-ros2/install/xv_ros2_msgs/include/xv_ros2_msgs/xv_ros2_msgs/msg/detail/orientation_stamped__type_support.c
[9.529s] -- Installing: /workspaces/xvisio-cam/xvsdk-ros2/install/xv_ros2_msgs/include/xv_ros2_msgs/xv_ros2_msgs/msg/detail/controller__type_support.c
[9.529s] -- Installing: /workspaces/xvisio-cam/xvsdk-ros2/install/xv_ros2_msgs/include/xv_ros2_msgs/xv_ros2_msgs/msg/detail/controller__rosidl_typesupport_introspection_c.h
[9.529s] -- Installing: /workspaces/xvisio-cam/xvsdk-ros2/install/xv_ros2_msgs/include/xv_ros2_msgs/xv_ros2_msgs/msg/detail/event_data__type_support.c
[9.529s] -- Installing: /workspaces/xvisio-cam/xvsdk-ros2/install/xv_ros2_msgs/include/xv_ros2_msgs/xv_ros2_msgs/msg/detail/button_msg__rosidl_typesupport_introspection_c.h
[9.529s] -- Installing: /workspaces/xvisio-cam/xvsdk-ros2/install/xv_ros2_msgs/include/xv_ros2_msgs/xv_ros2_msgs/msg/detail/color_depth__rosidl_typesupport_introspection_c.h
[9.529s] -- Installing: /workspaces/xvisio-cam/xvsdk-ros2/install/xv_ros2_msgs/include/xv_ros2_msgs/xv_ros2_msgs/msg/detail/event_data__rosidl_typesupport_introspection_c.h
[9.529s] -- Installing: /workspaces/xvisio-cam/xvsdk-ros2/install/xv_ros2_msgs/include/xv_ros2_msgs/xv_ros2_msgs/msg/detail/button_msg__type_support.c
[9.529s] -- Installing: /workspaces/xvisio-cam/xvsdk-ros2/install/xv_ros2_msgs/include/xv_ros2_msgs/xv_ros2_msgs/msg/detail/color_depth__type_support.c
[9.529s] -- Installing: /workspaces/xvisio-cam/xvsdk-ros2/install/xv_ros2_msgs/include/xv_ros2_msgs/xv_ros2_msgs/msg/detail/orientation_stamped__rosidl_typesupport_introspection_c.h
[9.529s] -- Installing: /workspaces/xvisio-cam/xvsdk-ros2/install/xv_ros2_msgs/lib/libxv_ros2_msgs__rosidl_typesupport_introspection_c.so
[9.529s] -- Set runtime path of "/workspaces/xvisio-cam/xvsdk-ros2/install/xv_ros2_msgs/lib/libxv_ros2_msgs__rosidl_typesupport_introspection_c.so" to ""
[9.529s] -- Installing: /workspaces/xvisio-cam/xvsdk-ros2/install/xv_ros2_msgs/lib/libxv_ros2_msgs__rosidl_typesupport_c.so
[9.529s] -- Set runtime path of "/workspaces/xvisio-cam/xvsdk-ros2/install/xv_ros2_msgs/lib/libxv_ros2_msgs__rosidl_typesupport_c.so" to ""
[9.529s] -- Up-to-date: /workspaces/xvisio-cam/xvsdk-ros2/install/xv_ros2_msgs/include/xv_ros2_msgs/xv_ros2_msgs
[9.529s] -- Up-to-date: /workspaces/xvisio-cam/xvsdk-ros2/install/xv_ros2_msgs/include/xv_ros2_msgs/xv_ros2_msgs/srv
[9.530s] -- Installing: /workspaces/xvisio-cam/xvsdk-ros2/install/xv_ros2_msgs/include/xv_ros2_msgs/xv_ros2_msgs/srv/get_pose_at.hpp
[9.530s] -- Installing: /workspaces/xvisio-cam/xvsdk-ros2/install/xv_ros2_msgs/include/xv_ros2_msgs/xv_ros2_msgs/srv/get_pose.hpp
[9.530s] -- Installing: /workspaces/xvisio-cam/xvsdk-ros2/install/xv_ros2_msgs/include/xv_ros2_msgs/xv_ros2_msgs/srv/get_orientation.hpp
[9.530s] -- Installing: /workspaces/xvisio-cam/xvsdk-ros2/install/xv_ros2_msgs/include/xv_ros2_msgs/xv_ros2_msgs/srv/controller_stop.hpp
[9.530s] -- Installing: /workspaces/xvisio-cam/xvsdk-ros2/install/xv_ros2_msgs/include/xv_ros2_msgs/xv_ros2_msgs/srv/controller_start.hpp
[9.530s] -- Up-to-date: /workspaces/xvisio-cam/xvsdk-ros2/install/xv_ros2_msgs/include/xv_ros2_msgs/xv_ros2_msgs/srv/detail
[9.530s] -- Installing: /workspaces/xvisio-cam/xvsdk-ros2/install/xv_ros2_msgs/include/xv_ros2_msgs/xv_ros2_msgs/srv/detail/get_orientation__builder.hpp
[9.530s] -- Installing: /workspaces/xvisio-cam/xvsdk-ros2/install/xv_ros2_msgs/include/xv_ros2_msgs/xv_ros2_msgs/srv/detail/load_map_and_switch_cslam__builder.hpp
[9.530s] -- Installing: /workspaces/xvisio-cam/xvsdk-ros2/install/xv_ros2_msgs/include/xv_ros2_msgs/xv_ros2_msgs/srv/detail/get_pose_at__builder.hpp
[9.530s] -- Installing: /workspaces/xvisio-cam/xvsdk-ros2/install/xv_ros2_msgs/include/xv_ros2_msgs/xv_ros2_msgs/srv/detail/save_map_and_switch_cslam__traits.hpp
[9.530s] -- Installing: /workspaces/xvisio-cam/xvsdk-ros2/install/xv_ros2_msgs/include/xv_ros2_msgs/xv_ros2_msgs/srv/detail/controller_stop__struct.hpp
[9.530s] -- Installing: /workspaces/xvisio-cam/xvsdk-ros2/install/xv_ros2_msgs/include/xv_ros2_msgs/xv_ros2_msgs/srv/detail/get_orientation__traits.hpp
[9.530s] -- Installing: /workspaces/xvisio-cam/xvsdk-ros2/install/xv_ros2_msgs/include/xv_ros2_msgs/xv_ros2_msgs/srv/detail/get_pose__builder.hpp
[9.530s] -- Installing: /workspaces/xvisio-cam/xvsdk-ros2/install/xv_ros2_msgs/include/xv_ros2_msgs/xv_ros2_msgs/srv/detail/get_orientation_at__builder.hpp
[9.530s] -- Installing: /workspaces/xvisio-cam/xvsdk-ros2/install/xv_ros2_msgs/include/xv_ros2_msgs/xv_ros2_msgs/srv/detail/get_orientation__struct.hpp
[9.530s] -- Installing: /workspaces/xvisio-cam/xvsdk-ros2/install/xv_ros2_msgs/include/xv_ros2_msgs/xv_ros2_msgs/srv/detail/controller_start__builder.hpp
[9.530s] -- Installing: /workspaces/xvisio-cam/xvsdk-ros2/install/xv_ros2_msgs/include/xv_ros2_msgs/xv_ros2_msgs/srv/detail/save_map_and_switch_cslam__builder.hpp
[9.530s] -- Installing: /workspaces/xvisio-cam/xvsdk-ros2/install/xv_ros2_msgs/include/xv_ros2_msgs/xv_ros2_msgs/srv/detail/get_orientation_at__struct.hpp
[9.530s] -- Installing: /workspaces/xvisio-cam/xvsdk-ros2/install/xv_ros2_msgs/include/xv_ros2_msgs/xv_ros2_msgs/srv/detail/get_pose__traits.hpp
[9.530s] -- Installing: /workspaces/xvisio-cam/xvsdk-ros2/install/xv_ros2_msgs/include/xv_ros2_msgs/xv_ros2_msgs/srv/detail/get_pose__struct.hpp
[9.530s] -- Installing: /workspaces/xvisio-cam/xvsdk-ros2/install/xv_ros2_msgs/include/xv_ros2_msgs/xv_ros2_msgs/srv/detail/controller_start__struct.hpp
[9.531s] -- Installing: /workspaces/xvisio-cam/xvsdk-ros2/install/xv_ros2_msgs/include/xv_ros2_msgs/xv_ros2_msgs/srv/detail/get_orientation_at__traits.hpp
[9.531s] -- Installing: /workspaces/xvisio-cam/xvsdk-ros2/install/xv_ros2_msgs/include/xv_ros2_msgs/xv_ros2_msgs/srv/detail/load_map_and_switch_cslam__struct.hpp
[9.531s] -- Installing: /workspaces/xvisio-cam/xvsdk-ros2/install/xv_ros2_msgs/include/xv_ros2_msgs/xv_ros2_msgs/srv/detail/get_pose_at__traits.hpp
[9.531s] -- Installing: /workspaces/xvisio-cam/xvsdk-ros2/install/xv_ros2_msgs/include/xv_ros2_msgs/xv_ros2_msgs/srv/detail/save_map_and_switch_cslam__struct.hpp
[9.531s] -- Installing: /workspaces/xvisio-cam/xvsdk-ros2/install/xv_ros2_msgs/include/xv_ros2_msgs/xv_ros2_msgs/srv/detail/controller_start__traits.hpp
[9.531s] -- Installing: /workspaces/xvisio-cam/xvsdk-ros2/install/xv_ros2_msgs/include/xv_ros2_msgs/xv_ros2_msgs/srv/detail/load_map_and_switch_cslam__traits.hpp
[9.531s] -- Installing: /workspaces/xvisio-cam/xvsdk-ros2/install/xv_ros2_msgs/include/xv_ros2_msgs/xv_ros2_msgs/srv/detail/controller_stop__traits.hpp
[9.531s] -- Installing: /workspaces/xvisio-cam/xvsdk-ros2/install/xv_ros2_msgs/include/xv_ros2_msgs/xv_ros2_msgs/srv/detail/get_pose_at__struct.hpp
[9.531s] -- Installing: /workspaces/xvisio-cam/xvsdk-ros2/install/xv_ros2_msgs/include/xv_ros2_msgs/xv_ros2_msgs/srv/detail/controller_stop__builder.hpp
[9.531s] -- Installing: /workspaces/xvisio-cam/xvsdk-ros2/install/xv_ros2_msgs/include/xv_ros2_msgs/xv_ros2_msgs/srv/save_map_and_switch_cslam.hpp
[9.531s] -- Installing: /workspaces/xvisio-cam/xvsdk-ros2/install/xv_ros2_msgs/include/xv_ros2_msgs/xv_ros2_msgs/srv/get_orientation_at.hpp
[9.531s] -- Installing: /workspaces/xvisio-cam/xvsdk-ros2/install/xv_ros2_msgs/include/xv_ros2_msgs/xv_ros2_msgs/srv/load_map_and_switch_cslam.hpp
[9.531s] -- Up-to-date: /workspaces/xvisio-cam/xvsdk-ros2/install/xv_ros2_msgs/include/xv_ros2_msgs/xv_ros2_msgs/msg
[9.531s] -- Installing: /workspaces/xvisio-cam/xvsdk-ros2/install/xv_ros2_msgs/include/xv_ros2_msgs/xv_ros2_msgs/msg/orientation_stamped.hpp
[9.531s] -- Installing: /workspaces/xvisio-cam/xvsdk-ros2/install/xv_ros2_msgs/include/xv_ros2_msgs/xv_ros2_msgs/msg/controller.hpp
[9.531s] -- Installing: /workspaces/xvisio-cam/xvsdk-ros2/install/xv_ros2_msgs/include/xv_ros2_msgs/xv_ros2_msgs/msg/color_depth.hpp
[9.531s] -- Installing: /workspaces/xvisio-cam/xvsdk-ros2/install/xv_ros2_msgs/include/xv_ros2_msgs/xv_ros2_msgs/msg/button_msg.hpp
[9.531s] -- Up-to-date: /workspaces/xvisio-cam/xvsdk-ros2/install/xv_ros2_msgs/include/xv_ros2_msgs/xv_ros2_msgs/msg/detail
[9.532s] -- Installing: /workspaces/xvisio-cam/xvsdk-ros2/install/xv_ros2_msgs/include/xv_ros2_msgs/xv_ros2_msgs/msg/detail/event_data__builder.hpp
[9.532s] -- Installing: /workspaces/xvisio-cam/xvsdk-ros2/install/xv_ros2_msgs/include/xv_ros2_msgs/xv_ros2_msgs/msg/detail/color_depth__struct.hpp
[9.532s] -- Installing: /workspaces/xvisio-cam/xvsdk-ros2/install/xv_ros2_msgs/include/xv_ros2_msgs/xv_ros2_msgs/msg/detail/orientation_stamped__builder.hpp
[9.532s] -- Installing: /workspaces/xvisio-cam/xvsdk-ros2/install/xv_ros2_msgs/include/xv_ros2_msgs/xv_ros2_msgs/msg/detail/controller__builder.hpp
[9.532s] -- Installing: /workspaces/xvisio-cam/xvsdk-ros2/install/xv_ros2_msgs/include/xv_ros2_msgs/xv_ros2_msgs/msg/detail/controller__struct.hpp
[9.532s] -- Installing: /workspaces/xvisio-cam/xvsdk-ros2/install/xv_ros2_msgs/include/xv_ros2_msgs/xv_ros2_msgs/msg/detail/button_msg__struct.hpp
[9.532s] -- Installing: /workspaces/xvisio-cam/xvsdk-ros2/install/xv_ros2_msgs/include/xv_ros2_msgs/xv_ros2_msgs/msg/detail/color_depth__traits.hpp
[9.532s] -- Installing: /workspaces/xvisio-cam/xvsdk-ros2/install/xv_ros2_msgs/include/xv_ros2_msgs/xv_ros2_msgs/msg/detail/event_data__struct.hpp
[9.532s] -- Installing: /workspaces/xvisio-cam/xvsdk-ros2/install/xv_ros2_msgs/include/xv_ros2_msgs/xv_ros2_msgs/msg/detail/color_depth__builder.hpp
[9.532s] -- Installing: /workspaces/xvisio-cam/xvsdk-ros2/install/xv_ros2_msgs/include/xv_ros2_msgs/xv_ros2_msgs/msg/detail/event_data__traits.hpp
[9.532s] -- Installing: /workspaces/xvisio-cam/xvsdk-ros2/install/xv_ros2_msgs/include/xv_ros2_msgs/xv_ros2_msgs/msg/detail/controller__traits.hpp
[9.532s] -- Installing: /workspaces/xvisio-cam/xvsdk-ros2/install/xv_ros2_msgs/include/xv_ros2_msgs/xv_ros2_msgs/msg/detail/button_msg__builder.hpp
[9.532s] -- Installing: /workspaces/xvisio-cam/xvsdk-ros2/install/xv_ros2_msgs/include/xv_ros2_msgs/xv_ros2_msgs/msg/detail/orientation_stamped__struct.hpp
[9.532s] -- Installing: /workspaces/xvisio-cam/xvsdk-ros2/install/xv_ros2_msgs/include/xv_ros2_msgs/xv_ros2_msgs/msg/detail/orientation_stamped__traits.hpp
[9.532s] -- Installing: /workspaces/xvisio-cam/xvsdk-ros2/install/xv_ros2_msgs/include/xv_ros2_msgs/xv_ros2_msgs/msg/detail/button_msg__traits.hpp
[9.532s] -- Installing: /workspaces/xvisio-cam/xvsdk-ros2/install/xv_ros2_msgs/include/xv_ros2_msgs/xv_ros2_msgs/msg/event_data.hpp
[9.532s] -- Up-to-date: /workspaces/xvisio-cam/xvsdk-ros2/install/xv_ros2_msgs/include/xv_ros2_msgs/xv_ros2_msgs
[9.532s] -- Up-to-date: /workspaces/xvisio-cam/xvsdk-ros2/install/xv_ros2_msgs/include/xv_ros2_msgs/xv_ros2_msgs/srv
[9.532s] -- Up-to-date: /workspaces/xvisio-cam/xvsdk-ros2/install/xv_ros2_msgs/include/xv_ros2_msgs/xv_ros2_msgs/srv/detail
[9.532s] -- Installing: /workspaces/xvisio-cam/xvsdk-ros2/install/xv_ros2_msgs/include/xv_ros2_msgs/xv_ros2_msgs/srv/detail/get_pose_at__rosidl_typesupport_fastrtps_cpp.hpp
[9.533s] -- Installing: /workspaces/xvisio-cam/xvsdk-ros2/install/xv_ros2_msgs/include/xv_ros2_msgs/xv_ros2_msgs/srv/detail/load_map_and_switch_cslam__rosidl_typesupport_fastrtps_cpp.hpp
[9.533s] -- Installing: /workspaces/xvisio-cam/xvsdk-ros2/install/xv_ros2_msgs/include/xv_ros2_msgs/xv_ros2_msgs/srv/detail/dds_fastrtps
[9.533s] -- Installing: /workspaces/xvisio-cam/xvsdk-ros2/install/xv_ros2_msgs/include/xv_ros2_msgs/xv_ros2_msgs/srv/detail/controller_stop__rosidl_typesupport_fastrtps_cpp.hpp
[9.533s] -- Installing: /workspaces/xvisio-cam/xvsdk-ros2/install/xv_ros2_msgs/include/xv_ros2_msgs/xv_ros2_msgs/srv/detail/get_pose__rosidl_typesupport_fastrtps_cpp.hpp
[9.533s] -- Installing: /workspaces/xvisio-cam/xvsdk-ros2/install/xv_ros2_msgs/include/xv_ros2_msgs/xv_ros2_msgs/srv/detail/save_map_and_switch_cslam__rosidl_typesupport_fastrtps_cpp.hpp
[9.533s] -- Installing: /workspaces/xvisio-cam/xvsdk-ros2/install/xv_ros2_msgs/include/xv_ros2_msgs/xv_ros2_msgs/srv/detail/get_orientation__rosidl_typesupport_fastrtps_cpp.hpp
[9.533s] -- Installing: /workspaces/xvisio-cam/xvsdk-ros2/install/xv_ros2_msgs/include/xv_ros2_msgs/xv_ros2_msgs/srv/detail/controller_start__rosidl_typesupport_fastrtps_cpp.hpp
[9.533s] -- Installing: /workspaces/xvisio-cam/xvsdk-ros2/install/xv_ros2_msgs/include/xv_ros2_msgs/xv_ros2_msgs/srv/detail/get_orientation_at__rosidl_typesupport_fastrtps_cpp.hpp
[9.533s] -- Up-to-date: /workspaces/xvisio-cam/xvsdk-ros2/install/xv_ros2_msgs/include/xv_ros2_msgs/xv_ros2_msgs/msg
[9.533s] -- Up-to-date: /workspaces/xvisio-cam/xvsdk-ros2/install/xv_ros2_msgs/include/xv_ros2_msgs/xv_ros2_msgs/msg/detail
[9.533s] -- Installing: /workspaces/xvisio-cam/xvsdk-ros2/install/xv_ros2_msgs/include/xv_ros2_msgs/xv_ros2_msgs/msg/detail/color_depth__rosidl_typesupport_fastrtps_cpp.hpp
[9.533s] -- Installing: /workspaces/xvisio-cam/xvsdk-ros2/install/xv_ros2_msgs/include/xv_ros2_msgs/xv_ros2_msgs/msg/detail/event_data__rosidl_typesupport_fastrtps_cpp.hpp
[9.533s] -- Installing: /workspaces/xvisio-cam/xvsdk-ros2/install/xv_ros2_msgs/include/xv_ros2_msgs/xv_ros2_msgs/msg/detail/dds_fastrtps
[9.533s] -- Installing: /workspaces/xvisio-cam/xvsdk-ros2/install/xv_ros2_msgs/include/xv_ros2_msgs/xv_ros2_msgs/msg/detail/button_msg__rosidl_typesupport_fastrtps_cpp.hpp
[9.533s] -- Installing: /workspaces/xvisio-cam/xvsdk-ros2/install/xv_ros2_msgs/include/xv_ros2_msgs/xv_ros2_msgs/msg/detail/orientation_stamped__rosidl_typesupport_fastrtps_cpp.hpp
[9.533s] -- Installing: /workspaces/xvisio-cam/xvsdk-ros2/install/xv_ros2_msgs/include/xv_ros2_msgs/xv_ros2_msgs/msg/detail/controller__rosidl_typesupport_fastrtps_cpp.hpp
[9.533s] -- Installing: /workspaces/xvisio-cam/xvsdk-ros2/install/xv_ros2_msgs/include/xv_ros2_msgs/xv_ros2_msgs/msg/rosidl_typesupport_fastrtps_cpp__visibility_control.h
[9.533s] -- Installing: /workspaces/xvisio-cam/xvsdk-ros2/install/xv_ros2_msgs/lib/libxv_ros2_msgs__rosidl_typesupport_fastrtps_cpp.so
[9.534s] -- Set runtime path of "/workspaces/xvisio-cam/xvsdk-ros2/install/xv_ros2_msgs/lib/libxv_ros2_msgs__rosidl_typesupport_fastrtps_cpp.so" to ""
[9.534s] -- Up-to-date: /workspaces/xvisio-cam/xvsdk-ros2/install/xv_ros2_msgs/include/xv_ros2_msgs/xv_ros2_msgs
[9.534s] -- Up-to-date: /workspaces/xvisio-cam/xvsdk-ros2/install/xv_ros2_msgs/include/xv_ros2_msgs/xv_ros2_msgs/srv
[9.534s] -- Up-to-date: /workspaces/xvisio-cam/xvsdk-ros2/install/xv_ros2_msgs/include/xv_ros2_msgs/xv_ros2_msgs/srv/detail
[9.534s] -- Installing: /workspaces/xvisio-cam/xvsdk-ros2/install/xv_ros2_msgs/include/xv_ros2_msgs/xv_ros2_msgs/srv/detail/get_pose__rosidl_typesupport_introspection_cpp.hpp
[9.534s] -- Installing: /workspaces/xvisio-cam/xvsdk-ros2/install/xv_ros2_msgs/include/xv_ros2_msgs/xv_ros2_msgs/srv/detail/get_orientation_at__rosidl_typesupport_introspection_cpp.hpp
[9.534s] -- Installing: /workspaces/xvisio-cam/xvsdk-ros2/install/xv_ros2_msgs/include/xv_ros2_msgs/xv_ros2_msgs/srv/detail/get_orientation__rosidl_typesupport_introspection_cpp.hpp
[9.534s] -- Installing: /workspaces/xvisio-cam/xvsdk-ros2/install/xv_ros2_msgs/include/xv_ros2_msgs/xv_ros2_msgs/srv/detail/controller_stop__rosidl_typesupport_introspection_cpp.hpp
[9.534s] -- Installing: /workspaces/xvisio-cam/xvsdk-ros2/install/xv_ros2_msgs/include/xv_ros2_msgs/xv_ros2_msgs/srv/detail/controller_start__rosidl_typesupport_introspection_cpp.hpp
[9.534s] -- Installing: /workspaces/xvisio-cam/xvsdk-ros2/install/xv_ros2_msgs/include/xv_ros2_msgs/xv_ros2_msgs/srv/detail/get_pose_at__type_support.cpp
[9.534s] -- Installing: /workspaces/xvisio-cam/xvsdk-ros2/install/xv_ros2_msgs/include/xv_ros2_msgs/xv_ros2_msgs/srv/detail/save_map_and_switch_cslam__rosidl_typesupport_introspection_cpp.hpp
[9.534s] -- Installing: /workspaces/xvisio-cam/xvsdk-ros2/install/xv_ros2_msgs/include/xv_ros2_msgs/xv_ros2_msgs/srv/detail/controller_start__type_support.cpp
[9.534s] -- Installing: /workspaces/xvisio-cam/xvsdk-ros2/install/xv_ros2_msgs/include/xv_ros2_msgs/xv_ros2_msgs/srv/detail/save_map_and_switch_cslam__type_support.cpp
[9.534s] -- Installing: /workspaces/xvisio-cam/xvsdk-ros2/install/xv_ros2_msgs/include/xv_ros2_msgs/xv_ros2_msgs/srv/detail/get_orientation_at__type_support.cpp
[9.534s] -- Installing: /workspaces/xvisio-cam/xvsdk-ros2/install/xv_ros2_msgs/include/xv_ros2_msgs/xv_ros2_msgs/srv/detail/controller_stop__type_support.cpp
[9.534s] -- Installing: /workspaces/xvisio-cam/xvsdk-ros2/install/xv_ros2_msgs/include/xv_ros2_msgs/xv_ros2_msgs/srv/detail/load_map_and_switch_cslam__type_support.cpp
[9.534s] -- Installing: /workspaces/xvisio-cam/xvsdk-ros2/install/xv_ros2_msgs/include/xv_ros2_msgs/xv_ros2_msgs/srv/detail/load_map_and_switch_cslam__rosidl_typesupport_introspection_cpp.hpp
[9.535s] -- Installing: /workspaces/xvisio-cam/xvsdk-ros2/install/xv_ros2_msgs/include/xv_ros2_msgs/xv_ros2_msgs/srv/detail/get_pose__type_support.cpp
[9.535s] -- Installing: /workspaces/xvisio-cam/xvsdk-ros2/install/xv_ros2_msgs/include/xv_ros2_msgs/xv_ros2_msgs/srv/detail/get_pose_at__rosidl_typesupport_introspection_cpp.hpp
[9.535s] -- Installing: /workspaces/xvisio-cam/xvsdk-ros2/install/xv_ros2_msgs/include/xv_ros2_msgs/xv_ros2_msgs/srv/detail/get_orientation__type_support.cpp
[9.535s] -- Up-to-date: /workspaces/xvisio-cam/xvsdk-ros2/install/xv_ros2_msgs/include/xv_ros2_msgs/xv_ros2_msgs/msg
[9.535s] -- Up-to-date: /workspaces/xvisio-cam/xvsdk-ros2/install/xv_ros2_msgs/include/xv_ros2_msgs/xv_ros2_msgs/msg/detail
[9.535s] -- Installing: /workspaces/xvisio-cam/xvsdk-ros2/install/xv_ros2_msgs/include/xv_ros2_msgs/xv_ros2_msgs/msg/detail/button_msg__rosidl_typesupport_introspection_cpp.hpp
[9.535s] -- Installing: /workspaces/xvisio-cam/xvsdk-ros2/install/xv_ros2_msgs/include/xv_ros2_msgs/xv_ros2_msgs/msg/detail/controller__rosidl_typesupport_introspection_cpp.hpp
[9.535s] -- Installing: /workspaces/xvisio-cam/xvsdk-ros2/install/xv_ros2_msgs/include/xv_ros2_msgs/xv_ros2_msgs/msg/detail/event_data__rosidl_typesupport_introspection_cpp.hpp
[9.535s] -- Installing: /workspaces/xvisio-cam/xvsdk-ros2/install/xv_ros2_msgs/include/xv_ros2_msgs/xv_ros2_msgs/msg/detail/color_depth__type_support.cpp
[9.535s] -- Installing: /workspaces/xvisio-cam/xvsdk-ros2/install/xv_ros2_msgs/include/xv_ros2_msgs/xv_ros2_msgs/msg/detail/event_data__type_support.cpp
[9.535s] -- Installing: /workspaces/xvisio-cam/xvsdk-ros2/install/xv_ros2_msgs/include/xv_ros2_msgs/xv_ros2_msgs/msg/detail/button_msg__type_support.cpp
[9.535s] -- Installing: /workspaces/xvisio-cam/xvsdk-ros2/install/xv_ros2_msgs/include/xv_ros2_msgs/xv_ros2_msgs/msg/detail/orientation_stamped__rosidl_typesupport_introspection_cpp.hpp
[9.535s] -- Installing: /workspaces/xvisio-cam/xvsdk-ros2/install/xv_ros2_msgs/include/xv_ros2_msgs/xv_ros2_msgs/msg/detail/controller__type_support.cpp
[9.535s] -- Installing: /workspaces/xvisio-cam/xvsdk-ros2/install/xv_ros2_msgs/include/xv_ros2_msgs/xv_ros2_msgs/msg/detail/color_depth__rosidl_typesupport_introspection_cpp.hpp
[9.535s] -- Installing: /workspaces/xvisio-cam/xvsdk-ros2/install/xv_ros2_msgs/include/xv_ros2_msgs/xv_ros2_msgs/msg/detail/orientation_stamped__type_support.cpp
[9.535s] -- Installing: /workspaces/xvisio-cam/xvsdk-ros2/install/xv_ros2_msgs/lib/libxv_ros2_msgs__rosidl_typesupport_introspection_cpp.so
[9.535s] -- Set runtime path of "/workspaces/xvisio-cam/xvsdk-ros2/install/xv_ros2_msgs/lib/libxv_ros2_msgs__rosidl_typesupport_introspection_cpp.so" to ""
[9.536s] -- Installing: /workspaces/xvisio-cam/xvsdk-ros2/install/xv_ros2_msgs/lib/libxv_ros2_msgs__rosidl_typesupport_cpp.so
[9.536s] -- Set runtime path of "/workspaces/xvisio-cam/xvsdk-ros2/install/xv_ros2_msgs/lib/libxv_ros2_msgs__rosidl_typesupport_cpp.so" to ""
[9.536s] -- Installing: /workspaces/xvisio-cam/xvsdk-ros2/install/xv_ros2_msgs/share/xv_ros2_msgs/environment/pythonpath.sh
[9.536s] -- Installing: /workspaces/xvisio-cam/xvsdk-ros2/install/xv_ros2_msgs/share/xv_ros2_msgs/environment/pythonpath.dsv
[9.536s] -- Installing: /workspaces/xvisio-cam/xvsdk-ros2/install/xv_ros2_msgs/local/lib/python3.10/dist-packages/xv_ros2_msgs-0.0.0-py3.10.egg-info
[9.536s] -- Installing: /workspaces/xvisio-cam/xvsdk-ros2/install/xv_ros2_msgs/local/lib/python3.10/dist-packages/xv_ros2_msgs-0.0.0-py3.10.egg-info/SOURCES.txt
[9.536s] -- Installing: /workspaces/xvisio-cam/xvsdk-ros2/install/xv_ros2_msgs/local/lib/python3.10/dist-packages/xv_ros2_msgs-0.0.0-py3.10.egg-info/PKG-INFO
[9.536s] -- Installing: /workspaces/xvisio-cam/xvsdk-ros2/install/xv_ros2_msgs/local/lib/python3.10/dist-packages/xv_ros2_msgs-0.0.0-py3.10.egg-info/dependency_links.txt
[9.536s] -- Installing: /workspaces/xvisio-cam/xvsdk-ros2/install/xv_ros2_msgs/local/lib/python3.10/dist-packages/xv_ros2_msgs-0.0.0-py3.10.egg-info/top_level.txt
[9.536s] -- Installing: /workspaces/xvisio-cam/xvsdk-ros2/install/xv_ros2_msgs/local/lib/python3.10/dist-packages/xv_ros2_msgs
[9.536s] -- Installing: /workspaces/xvisio-cam/xvsdk-ros2/install/xv_ros2_msgs/local/lib/python3.10/dist-packages/xv_ros2_msgs/srv
[9.536s] -- Installing: /workspaces/xvisio-cam/xvsdk-ros2/install/xv_ros2_msgs/local/lib/python3.10/dist-packages/xv_ros2_msgs/srv/_get_pose_at_s.c
[9.536s] -- Installing: /workspaces/xvisio-cam/xvsdk-ros2/install/xv_ros2_msgs/local/lib/python3.10/dist-packages/xv_ros2_msgs/srv/_get_orientation_at.py
[9.536s] -- Installing: /workspaces/xvisio-cam/xvsdk-ros2/install/xv_ros2_msgs/local/lib/python3.10/dist-packages/xv_ros2_msgs/srv/_get_pose_s.c
[9.536s] -- Installing: /workspaces/xvisio-cam/xvsdk-ros2/install/xv_ros2_msgs/local/lib/python3.10/dist-packages/xv_ros2_msgs/srv/_get_orientation_at_s.c
[9.536s] -- Installing: /workspaces/xvisio-cam/xvsdk-ros2/install/xv_ros2_msgs/local/lib/python3.10/dist-packages/xv_ros2_msgs/srv/_get_orientation.py
[9.536s] -- Installing: /workspaces/xvisio-cam/xvsdk-ros2/install/xv_ros2_msgs/local/lib/python3.10/dist-packages/xv_ros2_msgs/srv/_controller_stop_s.c
[9.537s] -- Installing: /workspaces/xvisio-cam/xvsdk-ros2/install/xv_ros2_msgs/local/lib/python3.10/dist-packages/xv_ros2_msgs/srv/_get_pose_at.py
[9.537s] -- Installing: /workspaces/xvisio-cam/xvsdk-ros2/install/xv_ros2_msgs/local/lib/python3.10/dist-packages/xv_ros2_msgs/srv/_controller_start.py
[9.537s] -- Installing: /workspaces/xvisio-cam/xvsdk-ros2/install/xv_ros2_msgs/local/lib/python3.10/dist-packages/xv_ros2_msgs/srv/__init__.py
[9.537s] -- Installing: /workspaces/xvisio-cam/xvsdk-ros2/install/xv_ros2_msgs/local/lib/python3.10/dist-packages/xv_ros2_msgs/srv/_get_pose.py
[9.537s] -- Installing: /workspaces/xvisio-cam/xvsdk-ros2/install/xv_ros2_msgs/local/lib/python3.10/dist-packages/xv_ros2_msgs/srv/_load_map_and_switch_cslam.py
[9.537s] -- Installing: /workspaces/xvisio-cam/xvsdk-ros2/install/xv_ros2_msgs/local/lib/python3.10/dist-packages/xv_ros2_msgs/srv/_save_map_and_switch_cslam.py
[9.537s] -- Installing: /workspaces/xvisio-cam/xvsdk-ros2/install/xv_ros2_msgs/local/lib/python3.10/dist-packages/xv_ros2_msgs/srv/_controller_start_s.c
[9.537s] -- Installing: /workspaces/xvisio-cam/xvsdk-ros2/install/xv_ros2_msgs/local/lib/python3.10/dist-packages/xv_ros2_msgs/srv/_get_orientation_s.c
[9.537s] -- Installing: /workspaces/xvisio-cam/xvsdk-ros2/install/xv_ros2_msgs/local/lib/python3.10/dist-packages/xv_ros2_msgs/srv/_controller_stop.py
[9.537s] -- Installing: /workspaces/xvisio-cam/xvsdk-ros2/install/xv_ros2_msgs/local/lib/python3.10/dist-packages/xv_ros2_msgs/srv/_save_map_and_switch_cslam_s.c
[9.537s] -- Installing: /workspaces/xvisio-cam/xvsdk-ros2/install/xv_ros2_msgs/local/lib/python3.10/dist-packages/xv_ros2_msgs/srv/_load_map_and_switch_cslam_s.c
[9.537s] -- Installing: /workspaces/xvisio-cam/xvsdk-ros2/install/xv_ros2_msgs/local/lib/python3.10/dist-packages/xv_ros2_msgs/_xv_ros2_msgs_s.ep.rosidl_typesupport_fastrtps_c.c
[9.537s] -- Installing: /workspaces/xvisio-cam/xvsdk-ros2/install/xv_ros2_msgs/local/lib/python3.10/dist-packages/xv_ros2_msgs/xv_ros2_msgs_s__rosidl_typesupport_c.cpython-310-x86_64-linux-gnu.so
[9.537s] -- Installing: /workspaces/xvisio-cam/xvsdk-ros2/install/xv_ros2_msgs/local/lib/python3.10/dist-packages/xv_ros2_msgs/msg
[9.537s] -- Installing: /workspaces/xvisio-cam/xvsdk-ros2/install/xv_ros2_msgs/local/lib/python3.10/dist-packages/xv_ros2_msgs/msg/_orientation_stamped.py
[9.537s] -- Installing: /workspaces/xvisio-cam/xvsdk-ros2/install/xv_ros2_msgs/local/lib/python3.10/dist-packages/xv_ros2_msgs/msg/_controller_s.c
[9.537s] -- Installing: /workspaces/xvisio-cam/xvsdk-ros2/install/xv_ros2_msgs/local/lib/python3.10/dist-packages/xv_ros2_msgs/msg/_button_msg.py
[9.537s] -- Installing: /workspaces/xvisio-cam/xvsdk-ros2/install/xv_ros2_msgs/local/lib/python3.10/dist-packages/xv_ros2_msgs/msg/_event_data.py
[9.537s] -- Installing: /workspaces/xvisio-cam/xvsdk-ros2/install/xv_ros2_msgs/local/lib/python3.10/dist-packages/xv_ros2_msgs/msg/_orientation_stamped_s.c
[9.538s] -- Installing: /workspaces/xvisio-cam/xvsdk-ros2/install/xv_ros2_msgs/local/lib/python3.10/dist-packages/xv_ros2_msgs/msg/__init__.py
[9.538s] -- Installing: /workspaces/xvisio-cam/xvsdk-ros2/install/xv_ros2_msgs/local/lib/python3.10/dist-packages/xv_ros2_msgs/msg/_event_data_s.c
[9.538s] -- Installing: /workspaces/xvisio-cam/xvsdk-ros2/install/xv_ros2_msgs/local/lib/python3.10/dist-packages/xv_ros2_msgs/msg/_button_msg_s.c
[9.538s] -- Installing: /workspaces/xvisio-cam/xvsdk-ros2/install/xv_ros2_msgs/local/lib/python3.10/dist-packages/xv_ros2_msgs/msg/_controller.py
[9.538s] -- Installing: /workspaces/xvisio-cam/xvsdk-ros2/install/xv_ros2_msgs/local/lib/python3.10/dist-packages/xv_ros2_msgs/msg/_color_depth.py
[9.538s] -- Installing: /workspaces/xvisio-cam/xvsdk-ros2/install/xv_ros2_msgs/local/lib/python3.10/dist-packages/xv_ros2_msgs/msg/_color_depth_s.c
[9.538s] -- Installing: /workspaces/xvisio-cam/xvsdk-ros2/install/xv_ros2_msgs/local/lib/python3.10/dist-packages/xv_ros2_msgs/__init__.py
[9.538s] -- Installing: /workspaces/xvisio-cam/xvsdk-ros2/install/xv_ros2_msgs/local/lib/python3.10/dist-packages/xv_ros2_msgs/xv_ros2_msgs_s__rosidl_typesupport_introspection_c.cpython-310-x86_64-linux-gnu.so
[9.538s] -- Installing: /workspaces/xvisio-cam/xvsdk-ros2/install/xv_ros2_msgs/local/lib/python3.10/dist-packages/xv_ros2_msgs/_xv_ros2_msgs_s.ep.rosidl_typesupport_introspection_c.c
[9.538s] -- Installing: /workspaces/xvisio-cam/xvsdk-ros2/install/xv_ros2_msgs/local/lib/python3.10/dist-packages/xv_ros2_msgs/_xv_ros2_msgs_s.ep.rosidl_typesupport_c.c
[9.538s] -- Installing: /workspaces/xvisio-cam/xvsdk-ros2/install/xv_ros2_msgs/local/lib/python3.10/dist-packages/xv_ros2_msgs/libxv_ros2_msgs__rosidl_generator_py.so
[9.538s] -- Installing: /workspaces/xvisio-cam/xvsdk-ros2/install/xv_ros2_msgs/local/lib/python3.10/dist-packages/xv_ros2_msgs/xv_ros2_msgs_s__rosidl_typesupport_fastrtps_c.cpython-310-x86_64-linux-gnu.so
[9.572s] Listing '/workspaces/xvisio-cam/xvsdk-ros2/install/xv_ros2_msgs/local/lib/python3.10/dist-packages/xv_ros2_msgs'...
[9.572s] Compiling '/workspaces/xvisio-cam/xvsdk-ros2/install/xv_ros2_msgs/local/lib/python3.10/dist-packages/xv_ros2_msgs/__init__.py'...
[9.573s] Listing '/workspaces/xvisio-cam/xvsdk-ros2/install/xv_ros2_msgs/local/lib/python3.10/dist-packages/xv_ros2_msgs/msg'...
[9.573s] Compiling '/workspaces/xvisio-cam/xvsdk-ros2/install/xv_ros2_msgs/local/lib/python3.10/dist-packages/xv_ros2_msgs/msg/__init__.py'...
[9.573s] Compiling '/workspaces/xvisio-cam/xvsdk-ros2/install/xv_ros2_msgs/local/lib/python3.10/dist-packages/xv_ros2_msgs/msg/_button_msg.py'...
[9.573s] Compiling '/workspaces/xvisio-cam/xvsdk-ros2/install/xv_ros2_msgs/local/lib/python3.10/dist-packages/xv_ros2_msgs/msg/_color_depth.py'...
[9.573s] Compiling '/workspaces/xvisio-cam/xvsdk-ros2/install/xv_ros2_msgs/local/lib/python3.10/dist-packages/xv_ros2_msgs/msg/_controller.py'...
[9.573s] Compiling '/workspaces/xvisio-cam/xvsdk-ros2/install/xv_ros2_msgs/local/lib/python3.10/dist-packages/xv_ros2_msgs/msg/_event_data.py'...
[9.573s] Compiling '/workspaces/xvisio-cam/xvsdk-ros2/install/xv_ros2_msgs/local/lib/python3.10/dist-packages/xv_ros2_msgs/msg/_orientation_stamped.py'...
[9.573s] Listing '/workspaces/xvisio-cam/xvsdk-ros2/install/xv_ros2_msgs/local/lib/python3.10/dist-packages/xv_ros2_msgs/srv'...
[9.573s] Compiling '/workspaces/xvisio-cam/xvsdk-ros2/install/xv_ros2_msgs/local/lib/python3.10/dist-packages/xv_ros2_msgs/srv/__init__.py'...
[9.573s] Compiling '/workspaces/xvisio-cam/xvsdk-ros2/install/xv_ros2_msgs/local/lib/python3.10/dist-packages/xv_ros2_msgs/srv/_controller_start.py'...
[9.573s] Compiling '/workspaces/xvisio-cam/xvsdk-ros2/install/xv_ros2_msgs/local/lib/python3.10/dist-packages/xv_ros2_msgs/srv/_controller_stop.py'...
[9.573s] Compiling '/workspaces/xvisio-cam/xvsdk-ros2/install/xv_ros2_msgs/local/lib/python3.10/dist-packages/xv_ros2_msgs/srv/_get_orientation.py'...
[9.573s] Compiling '/workspaces/xvisio-cam/xvsdk-ros2/install/xv_ros2_msgs/local/lib/python3.10/dist-packages/xv_ros2_msgs/srv/_get_orientation_at.py'...
[9.573s] Compiling '/workspaces/xvisio-cam/xvsdk-ros2/install/xv_ros2_msgs/local/lib/python3.10/dist-packages/xv_ros2_msgs/srv/_get_pose.py'...
[9.573s] Compiling '/workspaces/xvisio-cam/xvsdk-ros2/install/xv_ros2_msgs/local/lib/python3.10/dist-packages/xv_ros2_msgs/srv/_get_pose_at.py'...
[9.573s] Compiling '/workspaces/xvisio-cam/xvsdk-ros2/install/xv_ros2_msgs/local/lib/python3.10/dist-packages/xv_ros2_msgs/srv/_load_map_and_switch_cslam.py'...
[9.573s] Compiling '/workspaces/xvisio-cam/xvsdk-ros2/install/xv_ros2_msgs/local/lib/python3.10/dist-packages/xv_ros2_msgs/srv/_save_map_and_switch_cslam.py'...
[9.576s] -- Installing: /workspaces/xvisio-cam/xvsdk-ros2/install/xv_ros2_msgs/local/lib/python3.10/dist-packages/xv_ros2_msgs/xv_ros2_msgs_s__rosidl_typesupport_fastrtps_c.cpython-310-x86_64-linux-gnu.so
[9.576s] -- Set runtime path of "/workspaces/xvisio-cam/xvsdk-ros2/install/xv_ros2_msgs/local/lib/python3.10/dist-packages/xv_ros2_msgs/xv_ros2_msgs_s__rosidl_typesupport_fastrtps_c.cpython-310-x86_64-linux-gnu.so" to ""
[9.576s] -- Installing: /workspaces/xvisio-cam/xvsdk-ros2/install/xv_ros2_msgs/local/lib/python3.10/dist-packages/xv_ros2_msgs/xv_ros2_msgs_s__rosidl_typesupport_introspection_c.cpython-310-x86_64-linux-gnu.so
[9.576s] -- Set runtime path of "/workspaces/xvisio-cam/xvsdk-ros2/install/xv_ros2_msgs/local/lib/python3.10/dist-packages/xv_ros2_msgs/xv_ros2_msgs_s__rosidl_typesupport_introspection_c.cpython-310-x86_64-linux-gnu.so" to ""
[9.576s] -- Installing: /workspaces/xvisio-cam/xvsdk-ros2/install/xv_ros2_msgs/local/lib/python3.10/dist-packages/xv_ros2_msgs/xv_ros2_msgs_s__rosidl_typesupport_c.cpython-310-x86_64-linux-gnu.so
[9.576s] -- Set runtime path of "/workspaces/xvisio-cam/xvsdk-ros2/install/xv_ros2_msgs/local/lib/python3.10/dist-packages/xv_ros2_msgs/xv_ros2_msgs_s__rosidl_typesupport_c.cpython-310-x86_64-linux-gnu.so" to ""
[9.577s] -- Installing: /workspaces/xvisio-cam/xvsdk-ros2/install/xv_ros2_msgs/lib/libxv_ros2_msgs__rosidl_generator_py.so
[9.577s] -- Set runtime path of "/workspaces/xvisio-cam/xvsdk-ros2/install/xv_ros2_msgs/lib/libxv_ros2_msgs__rosidl_generator_py.so" to ""
[9.577s] -- Installing: /workspaces/xvisio-cam/xvsdk-ros2/install/xv_ros2_msgs/share/xv_ros2_msgs/msg/OrientationStamped.idl
[9.577s] -- Installing: /workspaces/xvisio-cam/xvsdk-ros2/install/xv_ros2_msgs/share/xv_ros2_msgs/msg/ColorDepth.idl
[9.577s] -- Installing: /workspaces/xvisio-cam/xvsdk-ros2/install/xv_ros2_msgs/share/xv_ros2_msgs/srv/GetOrientation.idl
[9.577s] -- Installing: /workspaces/xvisio-cam/xvsdk-ros2/install/xv_ros2_msgs/share/xv_ros2_msgs/srv/GetOrientationAt.idl
[9.577s] -- Installing: /workspaces/xvisio-cam/xvsdk-ros2/install/xv_ros2_msgs/share/xv_ros2_msgs/srv/GetPose.idl
[9.577s] -- Installing: /workspaces/xvisio-cam/xvsdk-ros2/install/xv_ros2_msgs/share/xv_ros2_msgs/srv/GetPoseAt.idl
[9.577s] -- Installing: /workspaces/xvisio-cam/xvsdk-ros2/install/xv_ros2_msgs/share/xv_ros2_msgs/srv/LoadMapAndSwitchCslam.idl
[9.577s] -- Installing: /workspaces/xvisio-cam/xvsdk-ros2/install/xv_ros2_msgs/share/xv_ros2_msgs/srv/SaveMapAndSwitchCslam.idl
[9.577s] -- Installing: /workspaces/xvisio-cam/xvsdk-ros2/install/xv_ros2_msgs/share/xv_ros2_msgs/srv/ControllerStart.idl
[9.577s] -- Installing: /workspaces/xvisio-cam/xvsdk-ros2/install/xv_ros2_msgs/share/xv_ros2_msgs/srv/ControllerStop.idl
[9.577s] -- Installing: /workspaces/xvisio-cam/xvsdk-ros2/install/xv_ros2_msgs/share/xv_ros2_msgs/msg/Controller.idl
[9.578s] -- Installing: /workspaces/xvisio-cam/xvsdk-ros2/install/xv_ros2_msgs/share/xv_ros2_msgs/msg/EventData.idl
[9.578s] -- Installing: /workspaces/xvisio-cam/xvsdk-ros2/install/xv_ros2_msgs/share/xv_ros2_msgs/msg/ButtonMsg.idl
[9.578s] -- Installing: /workspaces/xvisio-cam/xvsdk-ros2/install/xv_ros2_msgs/share/xv_ros2_msgs/msg/OrientationStamped.msg
[9.578s] -- Installing: /workspaces/xvisio-cam/xvsdk-ros2/install/xv_ros2_msgs/share/xv_ros2_msgs/msg/ColorDepth.msg
[9.578s] -- Installing: /workspaces/xvisio-cam/xvsdk-ros2/install/xv_ros2_msgs/share/xv_ros2_msgs/srv/GetOrientation.srv
[9.578s] -- Installing: /workspaces/xvisio-cam/xvsdk-ros2/install/xv_ros2_msgs/share/xv_ros2_msgs/srv/GetOrientation_Request.msg
[9.578s] -- Installing: /workspaces/xvisio-cam/xvsdk-ros2/install/xv_ros2_msgs/share/xv_ros2_msgs/srv/GetOrientation_Response.msg
[9.578s] -- Installing: /workspaces/xvisio-cam/xvsdk-ros2/install/xv_ros2_msgs/share/xv_ros2_msgs/srv/GetOrientationAt.srv
[9.578s] -- Installing: /workspaces/xvisio-cam/xvsdk-ros2/install/xv_ros2_msgs/share/xv_ros2_msgs/srv/GetOrientationAt_Request.msg
[9.578s] -- Installing: /workspaces/xvisio-cam/xvsdk-ros2/install/xv_ros2_msgs/share/xv_ros2_msgs/srv/GetOrientationAt_Response.msg
[9.578s] -- Installing: /workspaces/xvisio-cam/xvsdk-ros2/install/xv_ros2_msgs/share/xv_ros2_msgs/srv/GetPose.srv
[9.578s] -- Installing: /workspaces/xvisio-cam/xvsdk-ros2/install/xv_ros2_msgs/share/xv_ros2_msgs/srv/GetPose_Request.msg
[9.578s] -- Installing: /workspaces/xvisio-cam/xvsdk-ros2/install/xv_ros2_msgs/share/xv_ros2_msgs/srv/GetPose_Response.msg
[9.578s] -- Installing: /workspaces/xvisio-cam/xvsdk-ros2/install/xv_ros2_msgs/share/xv_ros2_msgs/srv/GetPoseAt.srv
[9.578s] -- Installing: /workspaces/xvisio-cam/xvsdk-ros2/install/xv_ros2_msgs/share/xv_ros2_msgs/srv/GetPoseAt_Request.msg
[9.579s] -- Installing: /workspaces/xvisio-cam/xvsdk-ros2/install/xv_ros2_msgs/share/xv_ros2_msgs/srv/GetPoseAt_Response.msg
[9.579s] -- Installing: /workspaces/xvisio-cam/xvsdk-ros2/install/xv_ros2_msgs/share/xv_ros2_msgs/srv/LoadMapAndSwitchCslam.srv
[9.579s] -- Installing: /workspaces/xvisio-cam/xvsdk-ros2/install/xv_ros2_msgs/share/xv_ros2_msgs/srv/LoadMapAndSwitchCslam_Request.msg
[9.579s] -- Installing: /workspaces/xvisio-cam/xvsdk-ros2/install/xv_ros2_msgs/share/xv_ros2_msgs/srv/LoadMapAndSwitchCslam_Response.msg
[9.579s] -- Installing: /workspaces/xvisio-cam/xvsdk-ros2/install/xv_ros2_msgs/share/xv_ros2_msgs/srv/SaveMapAndSwitchCslam.srv
[9.579s] -- Installing: /workspaces/xvisio-cam/xvsdk-ros2/install/xv_ros2_msgs/share/xv_ros2_msgs/srv/SaveMapAndSwitchCslam_Request.msg
[9.579s] -- Installing: /workspaces/xvisio-cam/xvsdk-ros2/install/xv_ros2_msgs/share/xv_ros2_msgs/srv/SaveMapAndSwitchCslam_Response.msg
[9.579s] -- Installing: /workspaces/xvisio-cam/xvsdk-ros2/install/xv_ros2_msgs/share/xv_ros2_msgs/srv/ControllerStart.srv
[9.579s] -- Installing: /workspaces/xvisio-cam/xvsdk-ros2/install/xv_ros2_msgs/share/xv_ros2_msgs/srv/ControllerStart_Request.msg
[9.579s] -- Installing: /workspaces/xvisio-cam/xvsdk-ros2/install/xv_ros2_msgs/share/xv_ros2_msgs/srv/ControllerStart_Response.msg
[9.579s] -- Installing: /workspaces/xvisio-cam/xvsdk-ros2/install/xv_ros2_msgs/share/xv_ros2_msgs/srv/ControllerStop.srv
[9.579s] -- Installing: /workspaces/xvisio-cam/xvsdk-ros2/install/xv_ros2_msgs/share/xv_ros2_msgs/srv/ControllerStop_Request.msg
[9.579s] -- Installing: /workspaces/xvisio-cam/xvsdk-ros2/install/xv_ros2_msgs/share/xv_ros2_msgs/srv/ControllerStop_Response.msg
[9.579s] -- Installing: /workspaces/xvisio-cam/xvsdk-ros2/install/xv_ros2_msgs/share/xv_ros2_msgs/msg/Controller.msg
[9.580s] -- Installing: /workspaces/xvisio-cam/xvsdk-ros2/install/xv_ros2_msgs/share/xv_ros2_msgs/msg/EventData.msg
[9.580s] -- Installing: /workspaces/xvisio-cam/xvsdk-ros2/install/xv_ros2_msgs/share/xv_ros2_msgs/msg/ButtonMsg.msg
[9.580s] -- Installing: /workspaces/xvisio-cam/xvsdk-ros2/install/xv_ros2_msgs/share/ament_index/resource_index/package_run_dependencies/xv_ros2_msgs
[9.580s] -- Installing: /workspaces/xvisio-cam/xvsdk-ros2/install/xv_ros2_msgs/share/ament_index/resource_index/parent_prefix_path/xv_ros2_msgs
[9.580s] -- Installing: /workspaces/xvisio-cam/xvsdk-ros2/install/xv_ros2_msgs/share/xv_ros2_msgs/environment/ament_prefix_path.sh
[9.580s] -- Installing: /workspaces/xvisio-cam/xvsdk-ros2/install/xv_ros2_msgs/share/xv_ros2_msgs/environment/ament_prefix_path.dsv
[9.580s] -- Installing: /workspaces/xvisio-cam/xvsdk-ros2/install/xv_ros2_msgs/share/xv_ros2_msgs/environment/path.sh
[9.580s] -- Installing: /workspaces/xvisio-cam/xvsdk-ros2/install/xv_ros2_msgs/share/xv_ros2_msgs/environment/path.dsv
[9.580s] -- Installing: /workspaces/xvisio-cam/xvsdk-ros2/install/xv_ros2_msgs/share/xv_ros2_msgs/local_setup.bash
[9.580s] -- Installing: /workspaces/xvisio-cam/xvsdk-ros2/install/xv_ros2_msgs/share/xv_ros2_msgs/local_setup.sh
[9.580s] -- Installing: /workspaces/xvisio-cam/xvsdk-ros2/install/xv_ros2_msgs/share/xv_ros2_msgs/local_setup.zsh
[9.580s] -- Installing: /workspaces/xvisio-cam/xvsdk-ros2/install/xv_ros2_msgs/share/xv_ros2_msgs/local_setup.dsv
[9.580s] -- Installing: /workspaces/xvisio-cam/xvsdk-ros2/install/xv_ros2_msgs/share/xv_ros2_msgs/package.dsv
[9.580s] -- Installing: /workspaces/xvisio-cam/xvsdk-ros2/install/xv_ros2_msgs/share/ament_index/resource_index/packages/xv_ros2_msgs
[9.581s] -- Installing: /workspaces/xvisio-cam/xvsdk-ros2/install/xv_ros2_msgs/share/xv_ros2_msgs/cmake/export_xv_ros2_msgs__rosidl_generator_cExport.cmake
[9.581s] -- Installing: /workspaces/xvisio-cam/xvsdk-ros2/install/xv_ros2_msgs/share/xv_ros2_msgs/cmake/export_xv_ros2_msgs__rosidl_generator_cExport-noconfig.cmake
[9.581s] -- Installing: /workspaces/xvisio-cam/xvsdk-ros2/install/xv_ros2_msgs/share/xv_ros2_msgs/cmake/export_xv_ros2_msgs__rosidl_typesupport_fastrtps_cExport.cmake
[9.581s] -- Installing: /workspaces/xvisio-cam/xvsdk-ros2/install/xv_ros2_msgs/share/xv_ros2_msgs/cmake/export_xv_ros2_msgs__rosidl_typesupport_fastrtps_cExport-noconfig.cmake
[9.581s] -- Installing: /workspaces/xvisio-cam/xvsdk-ros2/install/xv_ros2_msgs/share/xv_ros2_msgs/cmake/xv_ros2_msgs__rosidl_typesupport_introspection_cExport.cmake
[9.581s] -- Installing: /workspaces/xvisio-cam/xvsdk-ros2/install/xv_ros2_msgs/share/xv_ros2_msgs/cmake/xv_ros2_msgs__rosidl_typesupport_introspection_cExport-noconfig.cmake
[9.581s] -- Installing: /workspaces/xvisio-cam/xvsdk-ros2/install/xv_ros2_msgs/share/xv_ros2_msgs/cmake/xv_ros2_msgs__rosidl_typesupport_cExport.cmake
[9.581s] -- Installing: /workspaces/xvisio-cam/xvsdk-ros2/install/xv_ros2_msgs/share/xv_ros2_msgs/cmake/xv_ros2_msgs__rosidl_typesupport_cExport-noconfig.cmake
[9.581s] -- Installing: /workspaces/xvisio-cam/xvsdk-ros2/install/xv_ros2_msgs/share/xv_ros2_msgs/cmake/export_xv_ros2_msgs__rosidl_generator_cppExport.cmake
[9.581s] -- Installing: /workspaces/xvisio-cam/xvsdk-ros2/install/xv_ros2_msgs/share/xv_ros2_msgs/cmake/export_xv_ros2_msgs__rosidl_typesupport_fastrtps_cppExport.cmake
[9.581s] -- Installing: /workspaces/xvisio-cam/xvsdk-ros2/install/xv_ros2_msgs/share/xv_ros2_msgs/cmake/export_xv_ros2_msgs__rosidl_typesupport_fastrtps_cppExport-noconfig.cmake
[9.581s] -- Installing: /workspaces/xvisio-cam/xvsdk-ros2/install/xv_ros2_msgs/share/xv_ros2_msgs/cmake/xv_ros2_msgs__rosidl_typesupport_introspection_cppExport.cmake
[9.581s] -- Installing: /workspaces/xvisio-cam/xvsdk-ros2/install/xv_ros2_msgs/share/xv_ros2_msgs/cmake/xv_ros2_msgs__rosidl_typesupport_introspection_cppExport-noconfig.cmake
[9.582s] -- Installing: /workspaces/xvisio-cam/xvsdk-ros2/install/xv_ros2_msgs/share/xv_ros2_msgs/cmake/xv_ros2_msgs__rosidl_typesupport_cppExport.cmake
[9.582s] -- Installing: /workspaces/xvisio-cam/xvsdk-ros2/install/xv_ros2_msgs/share/xv_ros2_msgs/cmake/xv_ros2_msgs__rosidl_typesupport_cppExport-noconfig.cmake
[9.582s] -- Installing: /workspaces/xvisio-cam/xvsdk-ros2/install/xv_ros2_msgs/share/xv_ros2_msgs/cmake/export_xv_ros2_msgs__rosidl_generator_pyExport.cmake
[9.582s] -- Installing: /workspaces/xvisio-cam/xvsdk-ros2/install/xv_ros2_msgs/share/xv_ros2_msgs/cmake/export_xv_ros2_msgs__rosidl_generator_pyExport-noconfig.cmake
[9.582s] -- Installing: /workspaces/xvisio-cam/xvsdk-ros2/install/xv_ros2_msgs/share/xv_ros2_msgs/cmake/rosidl_cmake-extras.cmake
[9.582s] -- Installing: /workspaces/xvisio-cam/xvsdk-ros2/install/xv_ros2_msgs/share/xv_ros2_msgs/cmake/ament_cmake_export_dependencies-extras.cmake
[9.582s] -- Installing: /workspaces/xvisio-cam/xvsdk-ros2/install/xv_ros2_msgs/share/xv_ros2_msgs/cmake/ament_cmake_export_include_directories-extras.cmake
[9.582s] -- Installing: /workspaces/xvisio-cam/xvsdk-ros2/install/xv_ros2_msgs/share/xv_ros2_msgs/cmake/ament_cmake_export_libraries-extras.cmake
[9.582s] -- Installing: /workspaces/xvisio-cam/xvsdk-ros2/install/xv_ros2_msgs/share/xv_ros2_msgs/cmake/ament_cmake_export_targets-extras.cmake
[9.582s] -- Installing: /workspaces/xvisio-cam/xvsdk-ros2/install/xv_ros2_msgs/share/xv_ros2_msgs/cmake/rosidl_cmake_export_typesupport_targets-extras.cmake
[9.582s] -- Installing: /workspaces/xvisio-cam/xvsdk-ros2/install/xv_ros2_msgs/share/xv_ros2_msgs/cmake/rosidl_cmake_export_typesupport_libraries-extras.cmake
[9.582s] -- Installing: /workspaces/xvisio-cam/xvsdk-ros2/install/xv_ros2_msgs/share/xv_ros2_msgs/cmake/xv_ros2_msgsConfig.cmake
[9.582s] -- Installing: /workspaces/xvisio-cam/xvsdk-ros2/install/xv_ros2_msgs/share/xv_ros2_msgs/cmake/xv_ros2_msgsConfig-version.cmake
[9.582s] -- Installing: /workspaces/xvisio-cam/xvsdk-ros2/install/xv_ros2_msgs/share/xv_ros2_msgs/package.xml
[9.585s] Invoked command in '/workspaces/xvisio-cam/xvsdk-ros2/build/xv_ros2_msgs' returned '0': CMAKE_PREFIX_PATH=${CMAKE_PREFIX_PATH}:/opt/ros/humble /usr/bin/cmake --install /workspaces/xvisio-cam/xvsdk-ros2/build/xv_ros2_msgs
