-- The C compiler identification is GNU 11.4.0
-- The CXX compiler identification is GNU 11.4.0
-- Detecting C compiler ABI info
-- Detecting C compiler ABI info - done
-- Check for working C compiler: /usr/bin/cc - skipped
-- Detecting C compile features
-- Detecting C compile features - done
-- Detecting CXX compiler ABI info
-- Detecting CXX compiler ABI info - done
-- Check for working CXX compiler: /usr/bin/c++ - skipped
-- Detecting CXX compile features
-- Detecting CXX compile features - done
-- Found ament_cmake: 1.3.10 (/opt/ros/humble/share/ament_cmake/cmake)
-- Found Python3: /usr/bin/python3 (found version "3.10.12") found components: Interpreter 
-- Found rclcpp: 16.0.10 (/opt/ros/humble/share/rclcpp/cmake)
-- Found rosidl_generator_c: 3.1.5 (/opt/ros/humble/share/rosidl_generator_c/cmake)
-- Found rosidl_adapter: 3.1.5 (/opt/ros/humble/share/rosidl_adapter/cmake)
-- Found rosidl_generator_cpp: 3.1.5 (/opt/ros/humble/share/rosidl_generator_cpp/cmake)
-- Using all available rosidl_typesupport_c: rosidl_typesupport_fastrtps_c;rosidl_typesupport_introspection_c
-- Using all available rosidl_typesupport_cpp: rosidl_typesupport_fastrtps_cpp;rosidl_typesupport_introspection_cpp
-- Found rmw_implementation_cmake: 6.1.2 (/opt/ros/humble/share/rmw_implementation_cmake/cmake)
-- Found rmw_fastrtps_cpp: 6.2.7 (/opt/ros/humble/share/rmw_fastrtps_cpp/cmake)
-- Found OpenSSL: /usr/lib/x86_64-linux-gnu/libcrypto.so (found version "3.0.2")  
-- Found FastRTPS: /opt/ros/humble/include  
-- Using RMW implementation 'rmw_fastrtps_cpp' as default
-- Looking for pthread.h
-- Looking for pthread.h - found
-- Performing Test CMAKE_HAVE_LIBC_PTHREAD
-- Performing Test CMAKE_HAVE_LIBC_PTHREAD - Success
-- Found Threads: TRUE  
-- Found sensor_msgs: 4.2.4 (/opt/ros/humble/share/sensor_msgs/cmake)
-- Found std_srvs: 4.2.4 (/opt/ros/humble/share/std_srvs/cmake)
-- Found nav_msgs: 4.2.4 (/opt/ros/humble/share/nav_msgs/cmake)
-- Found tf2_ros: 0.25.7 (/opt/ros/humble/share/tf2_ros/cmake)
-- Found xv_ros2_msgs: 0.0.0 (/workspaces/xvisio-cam/xvsdk-ros2/install/xv_ros2_msgs/share/xv_ros2_msgs/cmake)
-- Found image_transport: 3.1.10 (/opt/ros/humble/share/image_transport/cmake)
-- Found OpenCV: /usr (found version "4.5.4") 
--  - xvsdk includes: /usr/include/xvsdk
--  - xvsdk libraries: /usr/lib/libxvsdk.so
-- Found ament_lint_auto: 0.12.11 (/opt/ros/humble/share/ament_lint_auto/cmake)
-- Added test 'copyright' to check source files copyright and LICENSE
-- Added test 'cppcheck' to perform static code analysis on C / C++ code
-- Configured cppcheck include dirs: /workspaces/xvisio-cam/xvsdk-ros2/xv_sdk_ros2/include;$<BUILD_INTERFACE:/workspaces/xvisio-cam/xvsdk-ros2/xv_sdk_ros2/include>
-- Configured cppcheck exclude dirs and/or files: 
-- Added test 'cpplint' to check C / C++ code against the Google style
-- Configured cpplint exclude dirs and/or files: 
-- Added test 'flake8' to check Python code syntax and style conventions
-- Added test 'lint_cmake' to check CMake code style
-- Added test 'pep257' to check Python code against some of the docstring style conventions in PEP 257
-- Added test 'uncrustify' to check C / C++ code style
-- Configured uncrustify additional arguments: 
-- Added test 'xmllint' to check XML markup files
-- Configuring done
-- Generating done
-- Build files have been written to: /workspaces/xvisio-cam/xvsdk-ros2/build/xv_sdk_ros2
[ 75%] [32mBuilding CXX object CMakeFiles/xv_cameras.dir/src/main.cpp.o[0m
[ 75%] [32mBuilding CXX object CMakeFiles/xv_cameras.dir/src/xv_dev_wrapper.cpp.o[0m
[ 75%] [32mBuilding CXX object CMakeFiles/xv_cameras.dir/src/xv_ros2_node.cpp.o[0m
[01m[K/workspaces/xvisio-cam/xvsdk-ros2/xv_sdk_ros2/src/xv_ros2_node.cpp:[m[K In member function ‘[01m[Kvoid xvision_ros2_node::watchControllers()[m[K’:
[01m[K/workspaces/xvisio-cam/xvsdk-ros2/xv_sdk_ros2/src/xv_ros2_node.cpp:722:60:[m[K [01;31m[Kerror: [m[Kexpected ‘[01m[K;[m[K’ before ‘[01m[Kstd[m[K’
  722 |         xv::setLogLevel(xv::LogLevel::info);111111111111111
      |                                                            [01;31m[K^[m[K
      |                                                            [32m[K;[m[K
  723 |         [32m[Kstd[m[K::map<std::string, std::shared_ptr<Device>> controller_map;
      |         [32m[K~~~[m[K                                                 
[01m[K/workspaces/xvisio-cam/xvsdk-ros2/xv_sdk_ros2/src/xv_ros2_node.cpp:722:45:[m[K [01;35m[Kwarning: [m[Kstatement has no effect [[01;35m[K-Wunused-value[m[K]
  722 |         xv::setLogLevel(xv::LogLevel::info);[01;35m[K111111111111111[m[K
      |                                             [01;35m[K^~~~~~~~~~~~~~~[m[K
[01m[K/workspaces/xvisio-cam/xvsdk-ros2/xv_sdk_ros2/src/xv_ros2_node.cpp:733:13:[m[K [01;31m[Kerror: [m[K‘[01m[Kcontroller_map[m[K’ was not declared in this scope; did you mean ‘[01m[Km_controllerMap[m[K’?
  733 |             [01;31m[Kcontroller_map[m[K = getDevices(.0, json, nullptr, xv::SlamStartMode::Normal, xv::DeviceSupport::ONLY_WIRELESS_CONTROLLER);
      |             [01;31m[K^~~~~~~~~~~~~~[m[K
      |             [32m[Km_controllerMap[m[K
[01m[K/workspaces/xvisio-cam/xvsdk-ros2/xv_sdk_ros2/src/xv_ros2_node.cpp:737:13:[m[K [01;31m[Kerror: [m[K‘[01m[Kcontroller_map[m[K’ was not declared in this scope; did you mean ‘[01m[Km_controllerMap[m[K’?
  737 |             [01;31m[Kcontroller_map[m[K = getDevices(.0, "", nullptr, xv::SlamStartMode::Normal, xv::DeviceSupport::ONLY_WIRELESS_CONTROLLER);
      |             [01;31m[K^~~~~~~~~~~~~~[m[K
      |             [32m[Km_controllerMap[m[K
[01m[K/workspaces/xvisio-cam/xvsdk-ros2/xv_sdk_ros2/src/xv_ros2_node.cpp:740:26:[m[K [01;31m[Kerror: [m[K‘[01m[Kcontroller_map[m[K’ was not declared in this scope; did you mean ‘[01m[Km_controllerMap[m[K’?
  740 |         for(auto &pair : [01;31m[Kcontroller_map[m[K)
      |                          [01;31m[K^~~~~~~~~~~~~~[m[K
      |                          [32m[Km_controllerMap[m[K
gmake[2]: *** [CMakeFiles/xv_cameras.dir/build.make:90: CMakeFiles/xv_cameras.dir/src/xv_ros2_node.cpp.o] Error 1
gmake[1]: *** [CMakeFiles/Makefile2:137: CMakeFiles/xv_cameras.dir/all] Error 2
gmake: *** [Makefile:146: all] Error 2
