[0.008s] Invoking command in '/workspaces/xvisio-cam/xvsdk-ros2/build/xv_sdk_ros2': AMENT_PREFIX_PATH=/workspaces/xvisio-cam/xvsdk-ros2/install/xv_ros2_msgs:${AMENT_PREFIX_PATH} CMAKE_PREFIX_PATH=/workspaces/xvisio-cam/xvsdk-ros2/install/xv_ros2_msgs:/home/ros/ros2_ws/install/xv_sdk_ros2:/home/ros/ros2_ws/install/xv_ros2_msgs:/opt/ros/humble LD_LIBRARY_PATH=/workspaces/xvisio-cam/xvsdk-ros2/install/xv_ros2_msgs/lib:${LD_LIBRARY_PATH} PYTHONPATH=/workspaces/xvisio-cam/xvsdk-ros2/install/xv_ros2_msgs/local/lib/python3.10/dist-packages:${PYTHONPATH} /usr/bin/cmake /workspaces/xvisio-cam/xvsdk-ros2/xv_sdk_ros2 -DXVSDK_INCLUDE_DIRS=/usr/include/xvsdk -DXVSDK_LIBRARIES=/usr/lib/libxvsdk.so -DCMAKE_INSTALL_PREFIX=/workspaces/xvisio-cam/xvsdk-ros2/install/xv_sdk_ros2
[0.052s] -- The C compiler identification is GNU 11.4.0
[0.098s] -- The CXX compiler identification is GNU 11.4.0
[0.103s] -- Detecting C compiler ABI info
[0.149s] -- Detecting C compiler ABI info - done
[0.154s] -- Check for working C compiler: /usr/bin/cc - skipped
[0.154s] -- Detecting C compile features
[0.154s] -- Detecting C compile features - done
[0.156s] -- Detecting CXX compiler ABI info
[0.205s] -- Detecting CXX compiler ABI info - done
[0.210s] -- Check for working CXX compiler: /usr/bin/c++ - skipped
[0.210s] -- Detecting CXX compile features
[0.210s] -- Detecting CXX compile features - done
[0.212s] -- Found ament_cmake: 1.3.10 (/opt/ros/humble/share/ament_cmake/cmake)
[0.298s] -- Found Python3: /usr/bin/python3 (found version "3.10.12") found components: Interpreter 
[0.355s] -- Found rclcpp: 16.0.10 (/opt/ros/humble/share/rclcpp/cmake)
[0.377s] -- Found rosidl_generator_c: 3.1.5 (/opt/ros/humble/share/rosidl_generator_c/cmake)
[0.380s] -- Found rosidl_adapter: 3.1.5 (/opt/ros/humble/share/rosidl_adapter/cmake)
[0.385s] -- Found rosidl_generator_cpp: 3.1.5 (/opt/ros/humble/share/rosidl_generator_cpp/cmake)
[0.393s] -- Using all available rosidl_typesupport_c: rosidl_typesupport_fastrtps_c;rosidl_typesupport_introspection_c
[0.404s] -- Using all available rosidl_typesupport_cpp: rosidl_typesupport_fastrtps_cpp;rosidl_typesupport_introspection_cpp
[0.434s] -- Found rmw_implementation_cmake: 6.1.2 (/opt/ros/humble/share/rmw_implementation_cmake/cmake)
[0.436s] -- Found rmw_fastrtps_cpp: 6.2.7 (/opt/ros/humble/share/rmw_fastrtps_cpp/cmake)
[0.489s] -- Found OpenSSL: /usr/lib/x86_64-linux-gnu/libcrypto.so (found version "3.0.2")  
[0.504s] -- Found FastRTPS: /opt/ros/humble/include  
[0.531s] -- Using RMW implementation 'rmw_fastrtps_cpp' as default
[0.536s] -- Looking for pthread.h
[0.584s] -- Looking for pthread.h - found
[0.585s] -- Performing Test CMAKE_HAVE_LIBC_PTHREAD
[0.640s] -- Performing Test CMAKE_HAVE_LIBC_PTHREAD - Success
[0.641s] -- Found Threads: TRUE  
[0.674s] -- Found sensor_msgs: 4.2.4 (/opt/ros/humble/share/sensor_msgs/cmake)
[0.695s] -- Found std_srvs: 4.2.4 (/opt/ros/humble/share/std_srvs/cmake)
[0.702s] -- Found nav_msgs: 4.2.4 (/opt/ros/humble/share/nav_msgs/cmake)
[0.715s] -- Found tf2_ros: 0.25.7 (/opt/ros/humble/share/tf2_ros/cmake)
[0.784s] -- Found xv_ros2_msgs: 0.0.0 (/workspaces/xvisio-cam/xvsdk-ros2/install/xv_ros2_msgs/share/xv_ros2_msgs/cmake)
[0.795s] -- Found image_transport: 3.1.10 (/opt/ros/humble/share/image_transport/cmake)
[0.813s] -- Found OpenCV: /usr (found version "4.5.4") 
[0.813s] --  - xvsdk includes: /usr/include/xvsdk
[0.813s] --  - xvsdk libraries: /usr/lib/libxvsdk.so
[0.817s] -- Found ament_lint_auto: 0.12.11 (/opt/ros/humble/share/ament_lint_auto/cmake)
[0.872s] -- Added test 'copyright' to check source files copyright and LICENSE
[0.872s] -- Added test 'cppcheck' to perform static code analysis on C / C++ code
[0.873s] -- Configured cppcheck include dirs: /workspaces/xvisio-cam/xvsdk-ros2/xv_sdk_ros2/include;$<BUILD_INTERFACE:/workspaces/xvisio-cam/xvsdk-ros2/xv_sdk_ros2/include>
[0.873s] -- Configured cppcheck exclude dirs and/or files: 
[0.873s] -- Added test 'cpplint' to check C / C++ code against the Google style
[0.873s] -- Configured cpplint exclude dirs and/or files: 
[0.873s] -- Added test 'flake8' to check Python code syntax and style conventions
[0.874s] -- Added test 'lint_cmake' to check CMake code style
[0.874s] -- Added test 'pep257' to check Python code against some of the docstring style conventions in PEP 257
[0.875s] -- Added test 'uncrustify' to check C / C++ code style
[0.875s] -- Configured uncrustify additional arguments: 
[0.875s] -- Added test 'xmllint' to check XML markup files
[0.876s] -- Configuring done
[0.888s] -- Generating done
[0.890s] -- Build files have been written to: /workspaces/xvisio-cam/xvsdk-ros2/build/xv_sdk_ros2
[0.896s] Invoked command in '/workspaces/xvisio-cam/xvsdk-ros2/build/xv_sdk_ros2' returned '0': AMENT_PREFIX_PATH=/workspaces/xvisio-cam/xvsdk-ros2/install/xv_ros2_msgs:${AMENT_PREFIX_PATH} CMAKE_PREFIX_PATH=/workspaces/xvisio-cam/xvsdk-ros2/install/xv_ros2_msgs:/home/ros/ros2_ws/install/xv_sdk_ros2:/home/ros/ros2_ws/install/xv_ros2_msgs:/opt/ros/humble LD_LIBRARY_PATH=/workspaces/xvisio-cam/xvsdk-ros2/install/xv_ros2_msgs/lib:${LD_LIBRARY_PATH} PYTHONPATH=/workspaces/xvisio-cam/xvsdk-ros2/install/xv_ros2_msgs/local/lib/python3.10/dist-packages:${PYTHONPATH} /usr/bin/cmake /workspaces/xvisio-cam/xvsdk-ros2/xv_sdk_ros2 -DXVSDK_INCLUDE_DIRS=/usr/include/xvsdk -DXVSDK_LIBRARIES=/usr/lib/libxvsdk.so -DCMAKE_INSTALL_PREFIX=/workspaces/xvisio-cam/xvsdk-ros2/install/xv_sdk_ros2
[0.897s] Invoking command in '/workspaces/xvisio-cam/xvsdk-ros2/build/xv_sdk_ros2': AMENT_PREFIX_PATH=/workspaces/xvisio-cam/xvsdk-ros2/install/xv_ros2_msgs:${AMENT_PREFIX_PATH} CMAKE_PREFIX_PATH=/workspaces/xvisio-cam/xvsdk-ros2/install/xv_ros2_msgs:/home/ros/ros2_ws/install/xv_sdk_ros2:/home/ros/ros2_ws/install/xv_ros2_msgs:/opt/ros/humble LD_LIBRARY_PATH=/workspaces/xvisio-cam/xvsdk-ros2/install/xv_ros2_msgs/lib:${LD_LIBRARY_PATH} PYTHONPATH=/workspaces/xvisio-cam/xvsdk-ros2/install/xv_ros2_msgs/local/lib/python3.10/dist-packages:${PYTHONPATH} /usr/bin/cmake --build /workspaces/xvisio-cam/xvsdk-ros2/build/xv_sdk_ros2 -- -j8 -l8
[0.931s] [ 75%] [32mBuilding CXX object CMakeFiles/xv_cameras.dir/src/main.cpp.o[0m
[0.931s] [ 75%] [32mBuilding CXX object CMakeFiles/xv_cameras.dir/src/xv_dev_wrapper.cpp.o[0m
[0.931s] [ 75%] [32mBuilding CXX object CMakeFiles/xv_cameras.dir/src/xv_ros2_node.cpp.o[0m
[4.167s] [01m[K/workspaces/xvisio-cam/xvsdk-ros2/xv_sdk_ros2/src/xv_ros2_node.cpp:[m[K In member function ‘[01m[Kvoid xvision_ros2_node::watchControllers()[m[K’:
[4.167s] [01m[K/workspaces/xvisio-cam/xvsdk-ros2/xv_sdk_ros2/src/xv_ros2_node.cpp:722:60:[m[K [01;31m[Kerror: [m[Kexpected ‘[01m[K;[m[K’ before ‘[01m[Kstd[m[K’
[4.167s]   722 |         xv::setLogLevel(xv::LogLevel::info);111111111111111
[4.167s]       |                                                            [01;31m[K^[m[K
[4.167s]       |                                                            [32m[K;[m[K
[4.167s]   723 |         [32m[Kstd[m[K::map<std::string, std::shared_ptr<Device>> controller_map;
[4.167s]       |         [32m[K~~~[m[K                                                 
[4.167s] [01m[K/workspaces/xvisio-cam/xvsdk-ros2/xv_sdk_ros2/src/xv_ros2_node.cpp:722:45:[m[K [01;35m[Kwarning: [m[Kstatement has no effect [[01;35m[K-Wunused-value[m[K]
[4.167s]   722 |         xv::setLogLevel(xv::LogLevel::info);[01;35m[K111111111111111[m[K
[4.167s]       |                                             [01;35m[K^~~~~~~~~~~~~~~[m[K
[4.175s] [01m[K/workspaces/xvisio-cam/xvsdk-ros2/xv_sdk_ros2/src/xv_ros2_node.cpp:733:13:[m[K [01;31m[Kerror: [m[K‘[01m[Kcontroller_map[m[K’ was not declared in this scope; did you mean ‘[01m[Km_controllerMap[m[K’?
[4.175s]   733 |             [01;31m[Kcontroller_map[m[K = getDevices(.0, json, nullptr, xv::SlamStartMode::Normal, xv::DeviceSupport::ONLY_WIRELESS_CONTROLLER);
[4.175s]       |             [01;31m[K^~~~~~~~~~~~~~[m[K
[4.175s]       |             [32m[Km_controllerMap[m[K
[4.183s] [01m[K/workspaces/xvisio-cam/xvsdk-ros2/xv_sdk_ros2/src/xv_ros2_node.cpp:737:13:[m[K [01;31m[Kerror: [m[K‘[01m[Kcontroller_map[m[K’ was not declared in this scope; did you mean ‘[01m[Km_controllerMap[m[K’?
[4.183s]   737 |             [01;31m[Kcontroller_map[m[K = getDevices(.0, "", nullptr, xv::SlamStartMode::Normal, xv::DeviceSupport::ONLY_WIRELESS_CONTROLLER);
[4.183s]       |             [01;31m[K^~~~~~~~~~~~~~[m[K
[4.183s]       |             [32m[Km_controllerMap[m[K
[4.190s] [01m[K/workspaces/xvisio-cam/xvsdk-ros2/xv_sdk_ros2/src/xv_ros2_node.cpp:740:26:[m[K [01;31m[Kerror: [m[K‘[01m[Kcontroller_map[m[K’ was not declared in this scope; did you mean ‘[01m[Km_controllerMap[m[K’?
[4.190s]   740 |         for(auto &pair : [01;31m[Kcontroller_map[m[K)
[4.191s]       |                          [01;31m[K^~~~~~~~~~~~~~[m[K
[4.191s]       |                          [32m[Km_controllerMap[m[K
[7.280s] gmake[2]: *** [CMakeFiles/xv_cameras.dir/build.make:90: CMakeFiles/xv_cameras.dir/src/xv_ros2_node.cpp.o] Error 1
[7.280s] gmake[1]: *** [CMakeFiles/Makefile2:137: CMakeFiles/xv_cameras.dir/all] Error 2
[7.280s] gmake: *** [Makefile:146: all] Error 2
[7.282s] Invoked command in '/workspaces/xvisio-cam/xvsdk-ros2/build/xv_sdk_ros2' returned '2': AMENT_PREFIX_PATH=/workspaces/xvisio-cam/xvsdk-ros2/install/xv_ros2_msgs:${AMENT_PREFIX_PATH} CMAKE_PREFIX_PATH=/workspaces/xvisio-cam/xvsdk-ros2/install/xv_ros2_msgs:/home/ros/ros2_ws/install/xv_sdk_ros2:/home/ros/ros2_ws/install/xv_ros2_msgs:/opt/ros/humble LD_LIBRARY_PATH=/workspaces/xvisio-cam/xvsdk-ros2/install/xv_ros2_msgs/lib:${LD_LIBRARY_PATH} PYTHONPATH=/workspaces/xvisio-cam/xvsdk-ros2/install/xv_ros2_msgs/local/lib/python3.10/dist-packages:${PYTHONPATH} /usr/bin/cmake --build /workspaces/xvisio-cam/xvsdk-ros2/build/xv_sdk_ros2 -- -j8 -l8
