[0.063s] DEBUG:colcon:Command line arguments: ['/usr/bin/colcon', 'build', '--packages-select', 'xv_sdk_ros2', '--cmake-args', '-DXVSDK_INCLUDE_DIRS=/usr/include/xvsdk', '-DXVSDK_LIBRARIES=/usr/lib/libxvsdk.so']
[0.063s] DEBUG:colcon:Parsed command line arguments: Namespace(log_base=None, log_level=None, verb_name='build', build_base='build', install_base='install', merge_install=False, symlink_install=False, test_result_base=None, continue_on_error=False, executor='parallel', parallel_workers=8, event_handlers=None, ignore_user_meta=False, metas=['./colcon.meta'], base_paths=['.'], packages_ignore=None, packages_ignore_regex=None, paths=None, packages_up_to=None, packages_up_to_regex=None, packages_above=None, packages_above_and_dependencies=None, packages_above_depth=None, packages_select_by_dep=None, packages_skip_by_dep=None, packages_skip_up_to=None, packages_select_build_failed=False, packages_skip_build_finished=False, packages_select_test_failures=False, packages_skip_test_passed=False, packages_select=['xv_sdk_ros2'], packages_skip=None, packages_select_regex=None, packages_skip_regex=None, packages_start=None, packages_end=None, cmake_args=['-DXVSDK_INCLUDE_DIRS=/usr/include/xvsdk', '-DXVSDK_LIBRARIES=/usr/lib/libxvsdk.so'], cmake_target=None, cmake_target_skip_unavailable=False, cmake_clean_cache=False, cmake_clean_first=False, cmake_force_configure=False, ament_cmake_args=None, catkin_cmake_args=None, catkin_skip_building_tests=False, mixin_files=None, mixin=None, verb_parser=<colcon_mixin.mixin.mixin_argument.MixinArgumentDecorator object at 0x7ff7920de530>, verb_extension=<colcon_core.verb.build.BuildVerb object at 0x7ff7920de050>, main=<bound method BuildVerb.main of <colcon_core.verb.build.BuildVerb object at 0x7ff7920de050>>, mixin_verb=('build',))
[0.132s] Level 1:colcon.colcon_core.package_discovery:discover_packages(colcon_meta) check parameters
[0.132s] Level 1:colcon.colcon_core.package_discovery:discover_packages(recursive) check parameters
[0.132s] Level 1:colcon.colcon_core.package_discovery:discover_packages(ignore) check parameters
[0.132s] Level 1:colcon.colcon_core.package_discovery:discover_packages(path) check parameters
[0.132s] Level 1:colcon.colcon_core.package_discovery:discover_packages(colcon_meta) discover
[0.132s] Level 1:colcon.colcon_core.package_discovery:discover_packages(recursive) discover
[0.132s] INFO:colcon.colcon_core.package_discovery:Crawling recursively for packages in '/workspaces/xvisio-cam/xvsdk-ros2'
[0.132s] Level 1:colcon.colcon_core.package_identification:_identify(.) by extensions ['ignore', 'ignore_ament_install']
[0.132s] Level 1:colcon.colcon_core.package_identification:_identify(.) by extension 'ignore'
[0.132s] Level 1:colcon.colcon_core.package_identification:_identify(.) by extension 'ignore_ament_install'
[0.132s] Level 1:colcon.colcon_core.package_identification:_identify(.) by extensions ['colcon_pkg']
[0.132s] Level 1:colcon.colcon_core.package_identification:_identify(.) by extension 'colcon_pkg'
[0.132s] Level 1:colcon.colcon_core.package_identification:_identify(.) by extensions ['colcon_meta']
[0.132s] Level 1:colcon.colcon_core.package_identification:_identify(.) by extension 'colcon_meta'
[0.132s] Level 1:colcon.colcon_core.package_identification:_identify(.) by extensions ['ros']
[0.132s] Level 1:colcon.colcon_core.package_identification:_identify(.) by extension 'ros'
[0.140s] Level 1:colcon.colcon_core.package_identification:_identify(.) by extensions ['cmake', 'python']
[0.140s] Level 1:colcon.colcon_core.package_identification:_identify(.) by extension 'cmake'
[0.140s] Level 1:colcon.colcon_core.package_identification:_identify(.) by extension 'python'
[0.140s] Level 1:colcon.colcon_core.package_identification:_identify(.) by extensions ['python_setup_py']
[0.140s] Level 1:colcon.colcon_core.package_identification:_identify(.) by extension 'python_setup_py'
[0.140s] Level 1:colcon.colcon_core.package_identification:_identify(build) by extensions ['ignore', 'ignore_ament_install']
[0.140s] Level 1:colcon.colcon_core.package_identification:_identify(build) by extension 'ignore'
[0.140s] Level 1:colcon.colcon_core.package_identification:_identify(build) ignored
[0.140s] Level 1:colcon.colcon_core.package_identification:_identify(install) by extensions ['ignore', 'ignore_ament_install']
[0.140s] Level 1:colcon.colcon_core.package_identification:_identify(install) by extension 'ignore'
[0.140s] Level 1:colcon.colcon_core.package_identification:_identify(install) ignored
[0.140s] Level 1:colcon.colcon_core.package_identification:_identify(log) by extensions ['ignore', 'ignore_ament_install']
[0.141s] Level 1:colcon.colcon_core.package_identification:_identify(log) by extension 'ignore'
[0.141s] Level 1:colcon.colcon_core.package_identification:_identify(log) ignored
[0.141s] Level 1:colcon.colcon_core.package_identification:_identify(xv_ros2_msgs) by extensions ['ignore', 'ignore_ament_install']
[0.141s] Level 1:colcon.colcon_core.package_identification:_identify(xv_ros2_msgs) by extension 'ignore'
[0.141s] Level 1:colcon.colcon_core.package_identification:_identify(xv_ros2_msgs) by extension 'ignore_ament_install'
[0.141s] Level 1:colcon.colcon_core.package_identification:_identify(xv_ros2_msgs) by extensions ['colcon_pkg']
[0.141s] Level 1:colcon.colcon_core.package_identification:_identify(xv_ros2_msgs) by extension 'colcon_pkg'
[0.141s] Level 1:colcon.colcon_core.package_identification:_identify(xv_ros2_msgs) by extensions ['colcon_meta']
[0.141s] Level 1:colcon.colcon_core.package_identification:_identify(xv_ros2_msgs) by extension 'colcon_meta'
[0.141s] Level 1:colcon.colcon_core.package_identification:_identify(xv_ros2_msgs) by extensions ['ros']
[0.141s] Level 1:colcon.colcon_core.package_identification:_identify(xv_ros2_msgs) by extension 'ros'
[0.142s] DEBUG:colcon.colcon_core.package_identification:Package 'xv_ros2_msgs' with type 'ros.ament_cmake' and name 'xv_ros2_msgs'
[0.142s] Level 1:colcon.colcon_core.package_identification:_identify(xv_sdk_ros2) by extensions ['ignore', 'ignore_ament_install']
[0.142s] Level 1:colcon.colcon_core.package_identification:_identify(xv_sdk_ros2) by extension 'ignore'
[0.142s] Level 1:colcon.colcon_core.package_identification:_identify(xv_sdk_ros2) by extension 'ignore_ament_install'
[0.143s] Level 1:colcon.colcon_core.package_identification:_identify(xv_sdk_ros2) by extensions ['colcon_pkg']
[0.143s] Level 1:colcon.colcon_core.package_identification:_identify(xv_sdk_ros2) by extension 'colcon_pkg'
[0.143s] Level 1:colcon.colcon_core.package_identification:_identify(xv_sdk_ros2) by extensions ['colcon_meta']
[0.143s] Level 1:colcon.colcon_core.package_identification:_identify(xv_sdk_ros2) by extension 'colcon_meta'
[0.143s] Level 1:colcon.colcon_core.package_identification:_identify(xv_sdk_ros2) by extensions ['ros']
[0.143s] Level 1:colcon.colcon_core.package_identification:_identify(xv_sdk_ros2) by extension 'ros'
[0.143s] DEBUG:colcon.colcon_core.package_identification:Package 'xv_sdk_ros2' with type 'ros.ament_cmake' and name 'xv_sdk_ros2'
[0.144s] Level 1:colcon.colcon_core.package_discovery:discover_packages(recursive) using defaults
[0.144s] Level 1:colcon.colcon_core.package_discovery:discover_packages(ignore) discover
[0.144s] Level 1:colcon.colcon_core.package_discovery:discover_packages(ignore) using defaults
[0.144s] Level 1:colcon.colcon_core.package_discovery:discover_packages(path) discover
[0.144s] Level 1:colcon.colcon_core.package_discovery:discover_packages(path) using defaults
[0.157s] INFO:colcon.colcon_core.package_selection:Skipping not selected package 'xv_ros2_msgs' in 'xv_ros2_msgs'
[0.157s] Level 5:colcon.colcon_core.verb:set package 'xv_sdk_ros2' build argument 'cmake_args' from command line to '['-DXVSDK_INCLUDE_DIRS=/usr/include/xvsdk', '-DXVSDK_LIBRARIES=/usr/lib/libxvsdk.so']'
[0.157s] Level 5:colcon.colcon_core.verb:set package 'xv_sdk_ros2' build argument 'cmake_target' from command line to 'None'
[0.157s] Level 5:colcon.colcon_core.verb:set package 'xv_sdk_ros2' build argument 'cmake_target_skip_unavailable' from command line to 'False'
[0.157s] Level 5:colcon.colcon_core.verb:set package 'xv_sdk_ros2' build argument 'cmake_clean_cache' from command line to 'False'
[0.157s] Level 5:colcon.colcon_core.verb:set package 'xv_sdk_ros2' build argument 'cmake_clean_first' from command line to 'False'
[0.157s] Level 5:colcon.colcon_core.verb:set package 'xv_sdk_ros2' build argument 'cmake_force_configure' from command line to 'False'
[0.157s] Level 5:colcon.colcon_core.verb:set package 'xv_sdk_ros2' build argument 'ament_cmake_args' from command line to 'None'
[0.157s] Level 5:colcon.colcon_core.verb:set package 'xv_sdk_ros2' build argument 'catkin_cmake_args' from command line to 'None'
[0.157s] Level 5:colcon.colcon_core.verb:set package 'xv_sdk_ros2' build argument 'catkin_skip_building_tests' from command line to 'False'
[0.157s] DEBUG:colcon.colcon_core.verb:Building package 'xv_sdk_ros2' with the following arguments: {'ament_cmake_args': None, 'build_base': '/workspaces/xvisio-cam/xvsdk-ros2/build/xv_sdk_ros2', 'catkin_cmake_args': None, 'catkin_skip_building_tests': False, 'cmake_args': ['-DXVSDK_INCLUDE_DIRS=/usr/include/xvsdk', '-DXVSDK_LIBRARIES=/usr/lib/libxvsdk.so'], 'cmake_clean_cache': False, 'cmake_clean_first': False, 'cmake_force_configure': False, 'cmake_target': None, 'cmake_target_skip_unavailable': False, 'install_base': '/workspaces/xvisio-cam/xvsdk-ros2/install/xv_sdk_ros2', 'merge_install': False, 'path': '/workspaces/xvisio-cam/xvsdk-ros2/xv_sdk_ros2', 'symlink_install': False, 'test_result_base': None}
[0.157s] INFO:colcon.colcon_core.executor:Executing jobs using 'parallel' executor
[0.158s] DEBUG:colcon.colcon_parallel_executor.executor.parallel:run_until_complete
[0.159s] INFO:colcon.colcon_ros.task.ament_cmake.build:Building ROS package in '/workspaces/xvisio-cam/xvsdk-ros2/xv_sdk_ros2' with build type 'ament_cmake'
[0.159s] INFO:colcon.colcon_cmake.task.cmake.build:Building CMake package in '/workspaces/xvisio-cam/xvsdk-ros2/xv_sdk_ros2'
[0.160s] INFO:colcon.colcon_core.plugin_system:Skipping extension 'colcon_core.shell.bat': Not used on non-Windows systems
[0.160s] INFO:colcon.colcon_core.shell:Skip shell extension 'powershell' for command environment: Not usable outside of PowerShell
[0.160s] DEBUG:colcon.colcon_core.shell:Skip shell extension 'dsv' for command environment
[0.167s] DEBUG:colcon.colcon_core.event_handler.log_command:Invoking command in '/workspaces/xvisio-cam/xvsdk-ros2/build/xv_sdk_ros2': AMENT_PREFIX_PATH=/workspaces/xvisio-cam/xvsdk-ros2/install/xv_ros2_msgs:${AMENT_PREFIX_PATH} CMAKE_PREFIX_PATH=/workspaces/xvisio-cam/xvsdk-ros2/install/xv_ros2_msgs:/home/ros/ros2_ws/install/xv_sdk_ros2:/home/ros/ros2_ws/install/xv_ros2_msgs:/opt/ros/humble LD_LIBRARY_PATH=/workspaces/xvisio-cam/xvsdk-ros2/install/xv_ros2_msgs/lib:${LD_LIBRARY_PATH} PYTHONPATH=/workspaces/xvisio-cam/xvsdk-ros2/install/xv_ros2_msgs/local/lib/python3.10/dist-packages:${PYTHONPATH} /usr/bin/cmake --build /workspaces/xvisio-cam/xvsdk-ros2/build/xv_sdk_ros2 -- -j8 -l8
[13.355s] DEBUG:colcon.colcon_core.event_handler.log_command:Invoked command in '/workspaces/xvisio-cam/xvsdk-ros2/build/xv_sdk_ros2' returned '0': AMENT_PREFIX_PATH=/workspaces/xvisio-cam/xvsdk-ros2/install/xv_ros2_msgs:${AMENT_PREFIX_PATH} CMAKE_PREFIX_PATH=/workspaces/xvisio-cam/xvsdk-ros2/install/xv_ros2_msgs:/home/ros/ros2_ws/install/xv_sdk_ros2:/home/ros/ros2_ws/install/xv_ros2_msgs:/opt/ros/humble LD_LIBRARY_PATH=/workspaces/xvisio-cam/xvsdk-ros2/install/xv_ros2_msgs/lib:${LD_LIBRARY_PATH} PYTHONPATH=/workspaces/xvisio-cam/xvsdk-ros2/install/xv_ros2_msgs/local/lib/python3.10/dist-packages:${PYTHONPATH} /usr/bin/cmake --build /workspaces/xvisio-cam/xvsdk-ros2/build/xv_sdk_ros2 -- -j8 -l8
[13.379s] DEBUG:colcon.colcon_core.event_handler.log_command:Invoking command in '/workspaces/xvisio-cam/xvsdk-ros2/build/xv_sdk_ros2': AMENT_PREFIX_PATH=/workspaces/xvisio-cam/xvsdk-ros2/install/xv_ros2_msgs:${AMENT_PREFIX_PATH} CMAKE_PREFIX_PATH=/workspaces/xvisio-cam/xvsdk-ros2/install/xv_ros2_msgs:/home/ros/ros2_ws/install/xv_sdk_ros2:/home/ros/ros2_ws/install/xv_ros2_msgs:/opt/ros/humble LD_LIBRARY_PATH=/workspaces/xvisio-cam/xvsdk-ros2/install/xv_ros2_msgs/lib:${LD_LIBRARY_PATH} PYTHONPATH=/workspaces/xvisio-cam/xvsdk-ros2/install/xv_ros2_msgs/local/lib/python3.10/dist-packages:${PYTHONPATH} /usr/bin/cmake --install /workspaces/xvisio-cam/xvsdk-ros2/build/xv_sdk_ros2
[13.395s] Level 1:colcon.colcon_core.environment:create_environment_scripts_only(xv_sdk_ros2)
[13.395s] DEBUG:colcon.colcon_core.event_handler.log_command:Invoked command in '/workspaces/xvisio-cam/xvsdk-ros2/build/xv_sdk_ros2' returned '0': AMENT_PREFIX_PATH=/workspaces/xvisio-cam/xvsdk-ros2/install/xv_ros2_msgs:${AMENT_PREFIX_PATH} CMAKE_PREFIX_PATH=/workspaces/xvisio-cam/xvsdk-ros2/install/xv_ros2_msgs:/home/ros/ros2_ws/install/xv_sdk_ros2:/home/ros/ros2_ws/install/xv_ros2_msgs:/opt/ros/humble LD_LIBRARY_PATH=/workspaces/xvisio-cam/xvsdk-ros2/install/xv_ros2_msgs/lib:${LD_LIBRARY_PATH} PYTHONPATH=/workspaces/xvisio-cam/xvsdk-ros2/install/xv_ros2_msgs/local/lib/python3.10/dist-packages:${PYTHONPATH} /usr/bin/cmake --install /workspaces/xvisio-cam/xvsdk-ros2/build/xv_sdk_ros2
[13.396s] Level 1:colcon.colcon_core.environment:checking '/workspaces/xvisio-cam/xvsdk-ros2/install/xv_sdk_ros2' for CMake module files
[13.397s] Level 1:colcon.colcon_core.environment:checking '/workspaces/xvisio-cam/xvsdk-ros2/install/xv_sdk_ros2' for CMake config files
[13.397s] Level 1:colcon.colcon_core.shell:create_environment_hook('xv_sdk_ros2', 'cmake_prefix_path')
[13.397s] INFO:colcon.colcon_core.shell:Creating environment hook '/workspaces/xvisio-cam/xvsdk-ros2/install/xv_sdk_ros2/share/xv_sdk_ros2/hook/cmake_prefix_path.ps1'
[13.397s] INFO:colcon.colcon_core.shell:Creating environment descriptor '/workspaces/xvisio-cam/xvsdk-ros2/install/xv_sdk_ros2/share/xv_sdk_ros2/hook/cmake_prefix_path.dsv'
[13.397s] INFO:colcon.colcon_core.shell:Creating environment hook '/workspaces/xvisio-cam/xvsdk-ros2/install/xv_sdk_ros2/share/xv_sdk_ros2/hook/cmake_prefix_path.sh'
[13.398s] Level 1:colcon.colcon_core.environment:checking '/workspaces/xvisio-cam/xvsdk-ros2/install/xv_sdk_ros2/lib'
[13.398s] Level 1:colcon.colcon_core.environment:checking '/workspaces/xvisio-cam/xvsdk-ros2/install/xv_sdk_ros2/bin'
[13.398s] Level 1:colcon.colcon_core.environment:checking '/workspaces/xvisio-cam/xvsdk-ros2/install/xv_sdk_ros2/lib/pkgconfig/xv_sdk_ros2.pc'
[13.399s] Level 1:colcon.colcon_core.environment:checking '/workspaces/xvisio-cam/xvsdk-ros2/install/xv_sdk_ros2/lib/python3.10/site-packages'
[13.399s] Level 1:colcon.colcon_core.environment:checking '/workspaces/xvisio-cam/xvsdk-ros2/install/xv_sdk_ros2/bin'
[13.400s] INFO:colcon.colcon_core.shell:Creating package script '/workspaces/xvisio-cam/xvsdk-ros2/install/xv_sdk_ros2/share/xv_sdk_ros2/package.ps1'
[13.400s] INFO:colcon.colcon_core.shell:Creating package descriptor '/workspaces/xvisio-cam/xvsdk-ros2/install/xv_sdk_ros2/share/xv_sdk_ros2/package.dsv'
[13.400s] INFO:colcon.colcon_core.shell:Creating package script '/workspaces/xvisio-cam/xvsdk-ros2/install/xv_sdk_ros2/share/xv_sdk_ros2/package.sh'
[13.401s] INFO:colcon.colcon_core.shell:Creating package script '/workspaces/xvisio-cam/xvsdk-ros2/install/xv_sdk_ros2/share/xv_sdk_ros2/package.bash'
[13.401s] INFO:colcon.colcon_core.shell:Creating package script '/workspaces/xvisio-cam/xvsdk-ros2/install/xv_sdk_ros2/share/xv_sdk_ros2/package.zsh'
[13.402s] Level 1:colcon.colcon_core.environment:create_file_with_runtime_dependencies(/workspaces/xvisio-cam/xvsdk-ros2/install/xv_sdk_ros2/share/colcon-core/packages/xv_sdk_ros2)
[13.420s] Level 1:colcon.colcon_core.environment:create_environment_scripts_only(xv_sdk_ros2)
[13.420s] Level 1:colcon.colcon_core.environment:checking '/workspaces/xvisio-cam/xvsdk-ros2/install/xv_sdk_ros2' for CMake module files
[13.420s] Level 1:colcon.colcon_core.environment:checking '/workspaces/xvisio-cam/xvsdk-ros2/install/xv_sdk_ros2' for CMake config files
[13.421s] Level 1:colcon.colcon_core.shell:create_environment_hook('xv_sdk_ros2', 'cmake_prefix_path')
[13.421s] INFO:colcon.colcon_core.shell:Creating environment hook '/workspaces/xvisio-cam/xvsdk-ros2/install/xv_sdk_ros2/share/xv_sdk_ros2/hook/cmake_prefix_path.ps1'
[13.421s] INFO:colcon.colcon_core.shell:Creating environment descriptor '/workspaces/xvisio-cam/xvsdk-ros2/install/xv_sdk_ros2/share/xv_sdk_ros2/hook/cmake_prefix_path.dsv'
[13.421s] INFO:colcon.colcon_core.shell:Creating environment hook '/workspaces/xvisio-cam/xvsdk-ros2/install/xv_sdk_ros2/share/xv_sdk_ros2/hook/cmake_prefix_path.sh'
[13.421s] Level 1:colcon.colcon_core.environment:checking '/workspaces/xvisio-cam/xvsdk-ros2/install/xv_sdk_ros2/lib'
[13.422s] Level 1:colcon.colcon_core.environment:checking '/workspaces/xvisio-cam/xvsdk-ros2/install/xv_sdk_ros2/bin'
[13.422s] Level 1:colcon.colcon_core.environment:checking '/workspaces/xvisio-cam/xvsdk-ros2/install/xv_sdk_ros2/lib/pkgconfig/xv_sdk_ros2.pc'
[13.422s] Level 1:colcon.colcon_core.environment:checking '/workspaces/xvisio-cam/xvsdk-ros2/install/xv_sdk_ros2/lib/python3.10/site-packages'
[13.422s] Level 1:colcon.colcon_core.environment:checking '/workspaces/xvisio-cam/xvsdk-ros2/install/xv_sdk_ros2/bin'
[13.422s] INFO:colcon.colcon_core.shell:Creating package script '/workspaces/xvisio-cam/xvsdk-ros2/install/xv_sdk_ros2/share/xv_sdk_ros2/package.ps1'
[13.422s] INFO:colcon.colcon_core.shell:Creating package descriptor '/workspaces/xvisio-cam/xvsdk-ros2/install/xv_sdk_ros2/share/xv_sdk_ros2/package.dsv'
[13.422s] INFO:colcon.colcon_core.shell:Creating package script '/workspaces/xvisio-cam/xvsdk-ros2/install/xv_sdk_ros2/share/xv_sdk_ros2/package.sh'
[13.423s] INFO:colcon.colcon_core.shell:Creating package script '/workspaces/xvisio-cam/xvsdk-ros2/install/xv_sdk_ros2/share/xv_sdk_ros2/package.bash'
[13.423s] INFO:colcon.colcon_core.shell:Creating package script '/workspaces/xvisio-cam/xvsdk-ros2/install/xv_sdk_ros2/share/xv_sdk_ros2/package.zsh'
[13.423s] Level 1:colcon.colcon_core.environment:create_file_with_runtime_dependencies(/workspaces/xvisio-cam/xvsdk-ros2/install/xv_sdk_ros2/share/colcon-core/packages/xv_sdk_ros2)
[13.423s] DEBUG:colcon.colcon_parallel_executor.executor.parallel:closing loop
[13.423s] DEBUG:colcon.colcon_parallel_executor.executor.parallel:loop closed
[13.423s] DEBUG:colcon.colcon_parallel_executor.executor.parallel:run_until_complete finished with '0'
[13.424s] DEBUG:colcon.colcon_core.event_reactor:joining thread
[13.427s] INFO:colcon.colcon_core.plugin_system:Skipping extension 'colcon_notification.desktop_notification.notify_send': Could not find 'notify-send'
[13.427s] INFO:colcon.colcon_core.plugin_system:Skipping extension 'colcon_notification.desktop_notification.terminal_notifier': Not used on non-Darwin systems
[13.427s] INFO:colcon.colcon_core.plugin_system:Skipping extension 'colcon_notification.desktop_notification.win32': Not used on non-Windows systems
[13.427s] INFO:colcon.colcon_notification.desktop_notification:Sending desktop notification using 'notify2'
[13.429s] DEBUG:colcon.colcon_notification.desktop_notification.notify2:Failed to initialize notify2: org.freedesktop.DBus.Error.Spawn.ExecFailed: /usr/bin/dbus-launch terminated abnormally without any error message
[13.429s] DEBUG:colcon.colcon_core.event_reactor:joined thread
[13.430s] INFO:colcon.colcon_core.shell:Creating prefix script '/workspaces/xvisio-cam/xvsdk-ros2/install/local_setup.ps1'
[13.431s] INFO:colcon.colcon_core.shell:Creating prefix util module '/workspaces/xvisio-cam/xvsdk-ros2/install/_local_setup_util_ps1.py'
[13.432s] INFO:colcon.colcon_core.shell:Creating prefix chain script '/workspaces/xvisio-cam/xvsdk-ros2/install/setup.ps1'
[13.433s] INFO:colcon.colcon_core.shell:Creating prefix script '/workspaces/xvisio-cam/xvsdk-ros2/install/local_setup.sh'
[13.433s] INFO:colcon.colcon_core.shell:Creating prefix util module '/workspaces/xvisio-cam/xvsdk-ros2/install/_local_setup_util_sh.py'
[13.434s] INFO:colcon.colcon_core.shell:Creating prefix chain script '/workspaces/xvisio-cam/xvsdk-ros2/install/setup.sh'
[13.434s] INFO:colcon.colcon_core.shell:Creating prefix script '/workspaces/xvisio-cam/xvsdk-ros2/install/local_setup.bash'
[13.434s] INFO:colcon.colcon_core.shell:Creating prefix chain script '/workspaces/xvisio-cam/xvsdk-ros2/install/setup.bash'
[13.435s] INFO:colcon.colcon_core.shell:Creating prefix script '/workspaces/xvisio-cam/xvsdk-ros2/install/local_setup.zsh'
[13.435s] INFO:colcon.colcon_core.shell:Creating prefix chain script '/workspaces/xvisio-cam/xvsdk-ros2/install/setup.zsh'
